Component: ARM Compiler 5.06 update 3 (build 300) Tool: armlink [4d35c9]

==============================================================================

Section Cross References

    main.o(i.Send_Data_To_PC) refers to _printf_percent.o(.ARM.Collect$$_printf_percent$$00000000) for _printf_percent
    main.o(i.Send_Data_To_PC) refers to _printf_d.o(.ARM.Collect$$_printf_percent$$00000009) for _printf_d
    main.o(i.Send_Data_To_PC) refers to _printf_dec.o(.text) for _printf_int_dec
    main.o(i.Send_Data_To_PC) refers to noretval__2sprintf.o(.text) for __2sprintf
    main.o(i.Send_Data_To_PC) refers to usart.o(i.USART_SendString) for USART_SendString
    main.o(i.Send_Invalid_Message) refers to noretval__2sprintf.o(.text) for __2sprintf
    main.o(i.Send_Invalid_Message) refers to usart.o(i.USART_SendString) for USART_SendString
    main.o(i.main) refers to misc.o(i.NVIC_PriorityGroupConfig) for NVIC_PriorityGroupConfig
    main.o(i.main) refers to delay.o(i.delay_init) for delay_init
    main.o(i.main) refers to fs800.o(i.PWRInit) for PWRInit
    main.o(i.main) refers to usart.o(i.uart_init) for uart_init
    main.o(i.main) refers to usart.o(i.uart2_init) for uart2_init
    main.o(i.main) refers to usart.o(i.USART_SendString) for USART_SendString
    main.o(i.main) refers to ad.o(i.ADCx_GPIO_Config) for ADCx_GPIO_Config
    main.o(i.main) refers to ad.o(i.ADC_Configuration) for ADC_Configuration
    main.o(i.main) refers to dma.o(i.DMAx_Mode_Config) for DMAx_Mode_Config
    main.o(i.main) refers to dma.o(i.DMAx_NVIC_Config) for DMAx_NVIC_Config
    main.o(i.main) refers to tim3.o(i.TIM3Init) for TIM3Init
    main.o(i.main) refers to filter.o(i.Heart_filter) for Heart_filter
    main.o(i.main) refers to findpeak.o(i.initialFindPV) for initialFindPV
    main.o(i.main) refers to findpeak.o(i.FindPV) for FindPV
    main.o(i.main) refers to findpeak.o(i.get_heart) for get_heart
    main.o(i.main) refers to filter.o(i.Breath_filter) for Breath_filter
    main.o(i.main) refers to findpeak.o(i.get_breath) for get_breath
    main.o(i.main) refers to ffix.o(x$fpl$ffix) for __aeabi_f2iz
    main.o(i.main) refers to main.o(i.Send_Data_To_PC) for Send_Data_To_PC
    main.o(i.main) refers to dma.o(.data) for slide_ready
    main.o(i.main) refers to main.o(.bss) for .bss
    main.o(i.main) refers to main.o(.data) for .data
    system_stm32f10x.o(i.SetSysClock) refers to system_stm32f10x.o(i.SetSysClockTo72) for SetSysClockTo72
    system_stm32f10x.o(i.SystemCoreClockUpdate) refers to system_stm32f10x.o(.data) for .data
    system_stm32f10x.o(i.SystemInit) refers to system_stm32f10x.o(i.SetSysClock) for SetSysClock
    startup_stm32f10x_hd.o(STACK) refers (Special) to heapauxi.o(.text) for __use_two_region_memory
    startup_stm32f10x_hd.o(HEAP) refers (Special) to heapauxi.o(.text) for __use_two_region_memory
    startup_stm32f10x_hd.o(RESET) refers (Special) to heapauxi.o(.text) for __use_two_region_memory
    startup_stm32f10x_hd.o(RESET) refers to startup_stm32f10x_hd.o(STACK) for __initial_sp
    startup_stm32f10x_hd.o(RESET) refers to startup_stm32f10x_hd.o(.text) for Reset_Handler
    startup_stm32f10x_hd.o(RESET) refers to stm32f10x_it.o(i.NMI_Handler) for NMI_Handler
    startup_stm32f10x_hd.o(RESET) refers to stm32f10x_it.o(i.HardFault_Handler) for HardFault_Handler
    startup_stm32f10x_hd.o(RESET) refers to stm32f10x_it.o(i.MemManage_Handler) for MemManage_Handler
    startup_stm32f10x_hd.o(RESET) refers to stm32f10x_it.o(i.BusFault_Handler) for BusFault_Handler
    startup_stm32f10x_hd.o(RESET) refers to stm32f10x_it.o(i.UsageFault_Handler) for UsageFault_Handler
    startup_stm32f10x_hd.o(RESET) refers to stm32f10x_it.o(i.SVC_Handler) for SVC_Handler
    startup_stm32f10x_hd.o(RESET) refers to stm32f10x_it.o(i.DebugMon_Handler) for DebugMon_Handler
    startup_stm32f10x_hd.o(RESET) refers to stm32f10x_it.o(i.PendSV_Handler) for PendSV_Handler
    startup_stm32f10x_hd.o(RESET) refers to stm32f10x_it.o(i.SysTick_Handler) for SysTick_Handler
    startup_stm32f10x_hd.o(RESET) refers to dma.o(i.DMA1_Channel1_IRQHandler) for DMA1_Channel1_IRQHandler
    startup_stm32f10x_hd.o(RESET) refers to tim3.o(i.TIM3_IRQHandler) for TIM3_IRQHandler
    startup_stm32f10x_hd.o(RESET) refers to usart.o(i.USART1_IRQHandler) for USART1_IRQHandler
    startup_stm32f10x_hd.o(RESET) refers to usart.o(i.USART2_IRQHandler) for USART2_IRQHandler
    startup_stm32f10x_hd.o(.text) refers (Special) to heapauxi.o(.text) for __use_two_region_memory
    startup_stm32f10x_hd.o(.text) refers to system_stm32f10x.o(i.SystemInit) for SystemInit
    startup_stm32f10x_hd.o(.text) refers to __main.o(!!!main) for __main
    startup_stm32f10x_hd.o(.text) refers to startup_stm32f10x_hd.o(HEAP) for Heap_Mem
    startup_stm32f10x_hd.o(.text) refers to startup_stm32f10x_hd.o(STACK) for Stack_Mem
    delay.o(i.delay_init) refers to misc.o(i.SysTick_CLKSourceConfig) for SysTick_CLKSourceConfig
[...]
    Removing stm32f10x_tim.o(i.TIM_OC1Init), (136 bytes).
    Removing stm32f10x_tim.o(i.TIM_OC1NPolarityConfig), (12 bytes).
    Removing stm32f10x_tim.o(i.TIM_OC1PolarityConfig), (12 bytes).
    Removing stm32f10x_tim.o(i.TIM_OC1PreloadConfig), (12 bytes).
    Removing stm32f10x_tim.o(i.TIM_OC2FastConfig), (20 bytes).
    Removing stm32f10x_tim.o(i.TIM_OC2Init), (136 bytes).
    Removing stm32f10x_tim.o(i.TIM_OC2NPolarityConfig), (20 bytes).
    Removing stm32f10x_tim.o(i.TIM_OC2PolarityConfig), (20 bytes).
    Removing stm32f10x_tim.o(i.TIM_OC2PreloadConfig), (20 bytes).
    Removing stm32f10x_tim.o(i.TIM_OC3FastConfig), (12 bytes).
    Removing stm32f10x_tim.o(i.TIM_OC3Init), (132 bytes).
    Removing stm32f10x_tim.o(i.TIM_OC3NPolarityConfig), (20 bytes).
    Removing stm32f10x_tim.o(i.TIM_OC3PolarityConfig), (20 bytes).
    Removing stm32f10x_tim.o(i.TIM_OC3PreloadConfig), (12 bytes).
    Removing stm32f10x_tim.o(i.TIM_OC4FastConfig), (20 bytes).
    Removing stm32f10x_tim.o(i.TIM_OC4Init), (104 bytes).
    Removing stm32f10x_tim.o(i.TIM_OC4PolarityConfig), (20 bytes).
    Removing stm32f10x_tim.o(i.TIM_OC4PreloadConfig), (20 bytes).
    Removing stm32f10x_tim.o(i.TIM_OCStructInit), (20 bytes).
    Removing stm32f10x_tim.o(i.TIM_PWMIConfig), (110 bytes).
    Removing stm32f10x_tim.o(i.TIM_PrescalerConfig), (6 bytes).
    Removing stm32f10x_tim.o(i.TIM_SelectCCDMA), (24 bytes).
    Removing stm32f10x_tim.o(i.TIM_SelectCOM), (24 bytes).
    Removing stm32f10x_tim.o(i.TIM_SelectHallSensor), (24 bytes).
    Removing stm32f10x_tim.o(i.TIM_SelectInputTrigger), (12 bytes).
    Removing stm32f10x_tim.o(i.TIM_SelectMasterSlaveMode), (16 bytes).
    Removing stm32f10x_tim.o(i.TIM_SelectOCxM), (76 bytes).
    Removing stm32f10x_tim.o(i.TIM_SelectOnePulseMode), (16 bytes).
    Removing stm32f10x_tim.o(i.TIM_SelectOutputTrigger), (16 bytes).
    Removing stm32f10x_tim.o(i.TIM_SelectSlaveMode), (16 bytes).
    Removing stm32f10x_tim.o(i.TIM_SetAutoreload), (4 bytes).
    Removing stm32f10x_tim.o(i.TIM_SetClockDivision), (16 bytes).
    Removing stm32f10x_tim.o(i.TIM_SetCompare1), (4 bytes).
    Removing stm32f10x_tim.o(i.TIM_SetCompare2), (4 bytes).
    Removing stm32f10x_tim.o(i.TIM_SetCompare3), (4 bytes).
    Removing stm32f10x_tim.o(i.TIM_SetCompare4), (6 bytes).
    Removing stm32f10x_tim.o(i.TIM_SetCounter), (4 bytes).
    Removing stm32f10x_tim.o(i.TIM_SetIC1Prescaler), (16 bytes).
    Removing stm32f10x_tim.o(i.TIM_SetIC2Prescaler), (24 bytes).
    Removing stm32f10x_tim.o(i.TIM_SetIC3Prescaler), (16 bytes).
    Removing stm32f10x_tim.o(i.TIM_SetIC4Prescaler), (24 bytes).
    Removing stm32f10x_tim.o(i.TIM_TIxExternalClockConfig), (48 bytes).
    Removing stm32f10x_tim.o(i.TIM_TimeBaseStructInit), (18 bytes).
    Removing stm32f10x_tim.o(i.TIM_UpdateDisableConfig), (24 bytes).
    Removing stm32f10x_tim.o(i.TIM_UpdateRequestConfig), (24 bytes).
    Removing stm32f10x_usart.o(i.USART_ClearFlag), (8 bytes).
    Removing stm32f10x_usart.o(i.USART_ClearITPendingBit), (16 bytes).
    Removing stm32f10x_usart.o(i.USART_ClockInit), (30 bytes).
    Removing stm32f10x_usart.o(i.USART_ClockStructInit), (12 bytes).
    Removing stm32f10x_usart.o(i.USART_DMACmd), (20 bytes).
    Removing stm32f10x_usart.o(i.USART_DeInit), (164 bytes).
    Removing stm32f10x_usart.o(i.USART_HalfDuplexCmd), (24 bytes).
    Removing stm32f10x_usart.o(i.USART_IrDACmd), (24 bytes).
    Removing stm32f10x_usart.o(i.USART_IrDAConfig), (16 bytes).
    Removing stm32f10x_usart.o(i.USART_LINBreakDetectLengthConfig), (16 bytes).
    Removing stm32f10x_usart.o(i.USART_LINCmd), (24 bytes).
    Removing stm32f10x_usart.o(i.USART_OneBitMethodCmd), (24 bytes).
    Removing stm32f10x_usart.o(i.USART_OverSampling8Cmd), (24 bytes).
    Removing stm32f10x_usart.o(i.USART_ReceiverWakeUpCmd), (24 bytes).
    Removing stm32f10x_usart.o(i.USART_SendBreak), (10 bytes).
    Removing stm32f10x_usart.o(i.USART_SetAddress), (16 bytes).
    Removing stm32f10x_usart.o(i.USART_SetGuardTime), (16 bytes).
    Removing stm32f10x_usart.o(i.USART_SetPrescaler), (16 bytes).
    Removing stm32f10x_usart.o(i.USART_SmartCardCmd), (24 bytes).
    Removing stm32f10x_usart.o(i.USART_SmartCardNACKCmd), (24 bytes).
    Removing stm32f10x_usart.o(i.USART_StructInit), (22 bytes).
    Removing stm32f10x_usart.o(i.USART_WakeUpConfig), (16 bytes).
    Removing stm32f10x_wwdg.o(i.WWDG_ClearFlag), (12 bytes).
    Removing stm32f10x_wwdg.o(i.WWDG_DeInit), (24 bytes).
    Removing stm32f10x_wwdg.o(i.WWDG_Enable), (16 bytes).
    Removing stm32f10x_wwdg.o(i.WWDG_EnableIT), (12 bytes).
    Removing stm32f10x_wwdg.o(i.WWDG_GetFlagStatus), (12 bytes).
    Removing stm32f10x_wwdg.o(i.WWDG_SetCounter), (16 bytes).
    Removing stm32f10x_wwdg.o(i.WWDG_SetPrescaler), (20 bytes).
    Removing stm32f10x_wwdg.o(i.WWDG_SetWindowValue), (32 bytes).

449 unused section(s) (total 14702 bytes) removed from the image.

==============================================================================

Image Symbol Table

    Local Symbols

    Symbol Name                              Value     Ov Type        Size  Object(Section)

    ../clib/angel/boardlib.s                 0x00000000   Number         0  boardshut.o ABSOLUTE
    ../clib/angel/boardlib.s                 0x00000000   Number         0  boardinit2.o ABSOLUTE
    ../clib/angel/boardlib.s                 0x00000000   Number         0  boardinit3.o ABSOLUTE
    ../clib/angel/boardlib.s                 0x00000000   Number         0  boardinit1.o ABSOLUTE
    ../clib/angel/handlers.s                 0x00000000   Number         0  __scatter_zi.o ABSOLUTE
    ../clib/angel/handlers.s                 0x00000000   Number         0  __scatter_copy.o ABSOLUTE
    ../clib/angel/kernel.s                   0x00000000   Number         0  __rtentry.o ABSOLUTE
    ../clib/angel/kernel.s                   0x00000000   Number         0  __rtentry2.o ABSOLUTE
    ../clib/angel/kernel.s                   0x00000000   Number         0  rtexit2.o ABSOLUTE
    ../clib/angel/kernel.s                   0x00000000   Number         0  rtexit.o ABSOLUTE
    ../clib/angel/kernel.s                   0x00000000   Number         0  __rtentry4.o ABSOLUTE
    ../clib/angel/rt.s                       0x00000000   Number         0  rt_raise.o ABSOLUTE
    ../clib/angel/scatter.s                  0x00000000   Number         0  __scatter.o ABSOLUTE
    ../clib/angel/startup.s                  0x00000000   Number         0  __main.o ABSOLUTE
    ../clib/angel/sys.s                      0x00000000   Number         0  use_no_semi.o ABSOLUTE
    ../clib/angel/sys.s                      0x00000000   Number         0  indicate_semi.o ABSOLUTE
    ../clib/angel/sys.s                      0x00000000   Number         0  use_no_semi_2.o ABSOLUTE
    ../clib/angel/sys.s                      0x00000000   Number         0  libspace.o ABSOLUTE
    ../clib/angel/sys.s                      0x00000000   Number         0  sys_stackheap_outer.o ABSOLUTE
    ../clib/angel/sysapp.c                   0x00000000   Number         0  sys_command.o ABSOLUTE
    ../clib/angel/sysapp.c                   0x00000000   Number         0  sys_wrch.o ABSOLUTE
    ../clib/armsys.c                         0x00000000   Number         0  _get_argv_nomalloc.o ABSOLUTE
    ../clib/armsys.c                         0x00000000   Number         0  no_argv.o ABSOLUTE
    ../clib/armsys.c                         0x00000000   Number         0  argv_veneer.o ABSOLUTE
    ../clib/armsys.c                         0x00000000   Number         0  argv_veneer.o ABSOLUTE
    ../clib/heapalloc.c                      0x00000000   Number         0  hrguard.o ABSOLUTE
    ../clib/heapaux.c                        0x00000000   Number         0  heapauxi.o ABSOLUTE
    ../clib/libinit.s                        0x00000000   Number         0  libshutdown.o ABSOLUTE
    ../clib/libinit.s                        0x00000000   Number         0  libshutdown2.o ABSOLUTE
    ../clib/libinit.s                        0x00000000   Number         0  libinit2.o ABSOLUTE
    ../clib/libinit.s                        0x00000000   Number         0  libinit.o ABSOLUTE
    ../clib/printf.c                         0x00000000   Number         0  _printf_char_common.o ABSOLUTE
    ../clib/printf.c                         0x00000000   Number         0  __printf.o ABSOLUTE
    ../clib/printf.c                         0x00000000   Number         0  __printf_flags.o ABSOLUTE
    ../clib/printf.c                         0x00000000   Number         0  __printf_ss.o ABSOLUTE
    ../clib/printf.c                         0x00000000   Number         0  __printf_flags_ss_wp.o ABSOLUTE
    ../clib/printf.c                         0x00000000   Number         0  __printf_flags_ss.o ABSOLUTE
    ../clib/printf.c                         0x00000000   Number         0  __printf_ss_wp.o ABSOLUTE
    ../clib/printf.c                         0x00000000   Number         0  _printf_intcommon.o ABSOLUTE
    ../clib/printf.c                         0x00000000   Number         0  __printf_flags_wp.o ABSOLUTE
    ../clib/printf.c                         0x00000000   Number         0  __2sprintf.o ABSOLUTE
    ../clib/printf.c                         0x00000000   Number         0  noretval__2sprintf.o ABSOLUTE
    ../clib/printf.c                         0x00000000   Number         0  _sputc.o ABSOLUTE
    ../clib/printf.c                         0x00000000   Number         0  __printf_nopercent.o ABSOLUTE
    ../clib/printf.c                         0x00000000   Number         0  _printf_dec.o ABSOLUTE
    ../clib/printf.c                         0x00000000   Number         0  __printf_wp.o ABSOLUTE
    ../clib/printf_percent.s                 0x00000000   Number         0  _printf_percent.o ABSOLUTE
    ../clib/printf_percent.s                 0x00000000   Number         0  _printf_percent_end.o ABSOLUTE
    ../clib/printf_percent.s                 0x00000000   Number         0  _printf_d.o ABSOLUTE
    ../clib/signal.c                         0x00000000   Number         0  defsig_rtmem_outer.o ABSOLUTE
    ../clib/signal.c                         0x00000000   Number         0  defsig_rtmem_formal.o ABSOLUTE
    ../clib/signal.c                         0x00000000   Number         0  defsig_exit.o ABSOLUTE
    ../clib/signal.c                         0x00000000   Number         0  defsig_fpe_inner.o ABSOLUTE
    ../clib/signal.c                         0x00000000   Number         0  defsig_rtmem_inner.o ABSOLUTE
    ../clib/signal.c                         0x00000000   Number         0  defsig_other.o ABSOLUTE
    ../clib/signal.c                         0x00000000   Number         0  __raise.o ABSOLUTE
    ../clib/signal.c                         0x00000000   Number         0  defsig_segv_inner.o ABSOLUTE
    ../clib/signal.c                         0x00000000   Number         0  defsig_general.o ABSOLUTE
    ../clib/signal.c                         0x00000000   Number         0  defsig_cppl_inner.o ABSOLUTE
    ../clib/signal.c                         0x00000000   Number         0  defsig_pvfn_inner.o ABSOLUTE
    ../clib/signal.c                         0x00000000   Number         0  defsig_abrt_inner.o ABSOLUTE
    ../clib/signal.c                         0x00000000   Number         0  defsig_stak_inner.o ABSOLUTE
    ../clib/signal.c                         0x00000000   Number         0  defsig_rtred_inner.o ABSOLUTE
    ../clib/signal.s                         0x00000000   Number         0  defsig.o ABSOLUTE
    ../clib/stdlib.c                         0x00000000   Number         0  exit.o ABSOLUTE
    ../fplib/d2f.s                           0x00000000   Number         0  d2f.o ABSOLUTE
    ../fplib/daddsub.s                       0x00000000   Number         0  daddsub_clz.o ABSOLUTE
    ../fplib/ddiv.s                          0x00000000   Number         0  ddiv.o ABSOLUTE
    ../fplib/dflt.s                          0x00000000   Number         0  dflt_clz.o ABSOLUTE
    ../fplib/dmul.s                          0x00000000   Number         0  dmul.o ABSOLUTE
    ../fplib/dnaninf.s                       0x00000000   Number         0  dnaninf.o ABSOLUTE
    ../fplib/dretinf.s                       0x00000000   Number         0  dretinf.o ABSOLUTE
    ../fplib/f2d.s                           0x00000000   Number         0  f2d.o ABSOLUTE
    ../fplib/faddsub.s                       0x00000000   Number         0  faddsub_clz.o ABSOLUTE
    ../fplib/fcmpi.s                         0x00000000   Number         0  fcmpi.o ABSOLUTE
    ../fplib/fdiv.s                          0x00000000   Number         0  fdiv.o ABSOLUTE
    ../fplib/ffix.s                          0x00000000   Number         0  ffix.o ABSOLUTE
    ../fplib/fflt.s                          0x00000000   Number         0  fflt_clz.o ABSOLUTE
    ../fplib/fleqf.s                         0x00000000   Number         0  fleqf.o ABSOLUTE
    ../fplib/fmul.s                          0x00000000   Number         0  fmul.o ABSOLUTE
    ../fplib/fnaninf.s                       0x00000000   Number         0  fnaninf.o ABSOLUTE
    ../fplib/fpinit.s                        0x00000000   Number         0  fpinit.o ABSOLUTE
    ../fplib/fretinf.s                       0x00000000   Number         0  fretinf.o ABSOLUTE
    ../fplib/frleqf.s                        0x00000000   Number         0  frleqf.o ABSOLUTE
    ../fplib/usenofp.s                       0x00000000   Number         0  usenofp.o ABSOLUTE
    ..\CORE\core_cm3.c                       0x00000000   Number         0  core_cm3.o ABSOLUTE
    ..\CORE\startup_stm32f10x_hd.s           0x00000000   Number         0  startup_stm32f10x_hd.o ABSOLUTE
    ..\FWLIB\src\misc.c                      0x00000000   Number         0  misc.o ABSOLUTE
    ..\FWLIB\src\stm32f10x_adc.c             0x00000000   Number         0  stm32f10x_adc.o ABSOLUTE
    ..\FWLIB\src\stm32f10x_bkp.c             0x00000000   Number         0  stm32f10x_bkp.o ABSOLUTE
    ..\FWLIB\src\stm32f10x_can.c             0x00000000   Number         0  stm32f10x_can.o ABSOLUTE
    ..\FWLIB\src\stm32f10x_cec.c             0x00000000   Number         0  stm32f10x_cec.o ABSOLUTE
    ..\FWLIB\src\stm32f10x_crc.c             0x00000000   Number         0  stm32f10x_crc.o ABSOLUTE
    ..\FWLIB\src\stm32f10x_dac.c             0x00000000   Number         0  stm32f10x_dac.o ABSOLUTE
    ..\FWLIB\src\stm32f10x_dbgmcu.c          0x00000000   Number         0  stm32f10x_dbgmcu.o ABSOLUTE
    ..\FWLIB\src\stm32f10x_dma.c             0x00000000   Number         0  stm32f10x_dma.o ABSOLUTE
    ..\FWLIB\src\stm32f10x_exti.c            0x00000000   Number         0  stm32f10x_exti.o ABSOLUTE
    ..\FWLIB\src\stm32f10x_flash.c           0x00000000   Number         0  stm32f10x_flash.o ABSOLUTE
    ..\FWLIB\src\stm32f10x_fsmc.c            0x00000000   Number         0  stm32f10x_fsmc.o ABSOLUTE
    ..\FWLIB\src\stm32f10x_gpio.c            0x00000000   Number         0  stm32f10x_gpio.o ABSOLUTE
    ..\FWLIB\src\stm32f10x_i2c.c             0x00000000   Number         0  stm32f10x_i2c.o ABSOLUTE
    ..\FWLIB\src\stm32f10x_iwdg.c            0x00000000   Number         0  stm32f10x_iwdg.o ABSOLUTE
    ..\FWLIB\src\stm32f10x_pwr.c             0x00000000   Number         0  stm32f10x_pwr.o ABSOLUTE
    ..\FWLIB\src\stm32f10x_rcc.c             0x00000000   Number         0  stm32f10x_rcc.o ABSOLUTE
    ..\FWLIB\src\stm32f10x_rtc.c             0x00000000   Number         0  stm32f10x_rtc.o ABSOLUTE
    ..\FWLIB\src\stm32f10x_sdio.c            0x00000000   Number         0  stm32f10x_sdio.o ABSOLUTE
    ..\FWLIB\src\stm32f10x_spi.c             0x00000000   Number         0  stm32f10x_spi.o ABSOLUTE
    ..\FWLIB\src\stm32f10x_tim.c             0x00000000   Number         0  stm32f10x_tim.o ABSOLUTE
    ..\FWLIB\src\stm32f10x_usart.c           0x00000000   Number         0  stm32f10x_usart.o ABSOLUTE
    ..\FWLIB\src\stm32f10x_wwdg.c            0x00000000   Number         0  stm32f10x_wwdg.o ABSOLUTE
    ..\HARDWARE\AD.c                         0x00000000   Number         0  ad.o ABSOLUTE
    ..\HARDWARE\DMA.c                        0x00000000   Number         0  dma.o ABSOLUTE
    ..\HARDWARE\Filter.c                     0x00000000   Number         0  filter.o ABSOLUTE
    ..\HARDWARE\TIM3.c                       0x00000000   Number         0  tim3.o ABSOLUTE
    ..\HARDWARE\findpeak.c                   0x00000000   Number         0  findpeak.o ABSOLUTE
    ..\HARDWARE\fs800.c                      0x00000000   Number         0  fs800.o ABSOLUTE
    ..\SYSTEM\delay\delay.c                  0x00000000   Number         0  delay.o ABSOLUTE
    ..\SYSTEM\sys\sys.c                      0x00000000   Number         0  sys.o ABSOLUTE
    ..\SYSTEM\usart\usart.c                  0x00000000   Number         0  usart.o ABSOLUTE
    ..\\CORE\\core_cm3.c                     0x00000000   Number         0  core_cm3.o ABSOLUTE
    ..\\SYSTEM\\sys\\sys.c                   0x00000000   Number         0  sys.o ABSOLUTE
    dc.s                                     0x00000000   Number         0  dc.o ABSOLUTE
    main.c                                   0x00000000   Number         0  main.o ABSOLUTE
    stm32f10x_it.c                           0x00000000   Number         0  stm32f10x_it.o ABSOLUTE
    system_stm32f10x.c                       0x00000000   Number         0  system_stm32f10x.o ABSOLUTE
    RESET                                    0x08000000   Section      304  startup_stm32f10x_hd.o(RESET)
    !!!main                                  0x08000130   Section        8  __main.o(!!!main)
    !!!scatter                               0x08000138   Section       52  __scatter.o(!!!scatter)
    !!handler_copy                           0x0800016c   Section       26  __scatter_copy.o(!!handler_copy)
    !!handler_zi                             0x08000188   Section       28  __scatter_zi.o(!!handler_zi)
    .ARM.Collect$$_printf_percent$$00000000  0x080001a4   Section        0  _printf_percent.o(.ARM.Collect$$_printf_percent$$00000000)
    .ARM.Collect$$_printf_percent$$00000009  0x080001a4   Section        6  _printf_d.o(.ARM.Collect$$_printf_percent$$00000009)
    .ARM.Collect$$_printf_percent$$00000017  0x080001aa   Section        4  _printf_percent_end.o(.ARM.Collect$$_printf_percent$$00000017)
    .ARM.Collect$$libinit$$00000000          0x080001ae   Section        2  libinit.o(.ARM.Collect$$libinit$$00000000)
    .ARM.Collect$$libinit$$00000002          0x080001b0   Section        0  libinit2.o(.ARM.Collect$$libinit$$00000002)
    .ARM.Collect$$libinit$$00000004          0x080001b0   Section        0  libinit2.o(.ARM.Collect$$libinit$$00000004)
    .ARM.Collect$$libinit$$0000000A          0x080001b0   Section        0  libinit2.o(.ARM.Collect$$libinit$$0000000A)
    .ARM.Collect$$libinit$$0000000C          0x080001b0   Section        0  libinit2.o(.ARM.Collect$$libinit$$0000000C)
    .ARM.Collect$$libinit$$0000000E          0x080001b0   Section        0  libinit2.o(.ARM.Collect$$libinit$$0000000E)
    .ARM.Collect$$libinit$$00000011          0x080001b0   Section        0  libinit2.o(.ARM.Collect$$libinit$$00000011)
    .ARM.Collect$$libinit$$00000013          0x080001b0   Section        0  libinit2.o(.ARM.Collect$$libinit$$00000013)
    .ARM.Collect$$libinit$$00000015          0x080001b0   Section        0  libinit2.o(.ARM.Collect$$libinit$$00000015)
    .ARM.Collect$$libinit$$00000017          0x080001b0   Section        0  libinit2.o(.ARM.Collect$$libinit$$00000017)
    .ARM.Collect$$libinit$$00000019          0x080001b0   Section        0  libinit2.o(.ARM.Collect$$libinit$$00000019)
    .ARM.Collect$$libinit$$0000001B          0x080001b0   Section        0  libinit2.o(.ARM.Collect$$libinit$$0000001B)
    .ARM.Collect$$libinit$$0000001D          0x080001b0   Section        0  libinit2.o(.ARM.Collect$$libinit$$0000001D)
    .ARM.Collect$$libinit$$0000001F          0x080001b0   Section        0  libinit2.o(.ARM.Collect$$libinit$$0000001F)
    .ARM.Collect$$libinit$$00000021          0x080001b0   Section        0  libinit2.o(.ARM.Collect$$libinit$$00000021)
    .ARM.Collect$$libinit$$00000023          0x080001b0   Section        0  libinit2.o(.ARM.Collect$$libinit$$00000023)
    .ARM.Collect$$libinit$$00000025          0x080001b0   Section        0  libinit2.o(.ARM.Collect$$libinit$$00000025)
    .ARM.Collect$$libinit$$0000002C          0x080001b0   Section        0  libinit2.o(.ARM.Collect$$libinit$$0000002C)
    .ARM.Collect$$libinit$$0000002E          0x080001b0   Section        0  libinit2.o(.ARM.Collect$$libinit$$0000002E)
    .ARM.Collect$$libinit$$00000030          0x080001b0   Section        0  libinit2.o(.ARM.Collect$$libinit$$00000030)
    .ARM.Collect$$libinit$$00000032          0x080001b0   Section        0  libinit2.o(.ARM.Collect$$libinit$$00000032)
    .ARM.Collect$$libinit$$00000033          0x080001b0   Section        2  libinit2.o(.ARM.Collect$$libinit$$00000033)
    .ARM.Collect$$libshutdown$$00000000      0x080001b2   Section        2  libshutdown.o(.ARM.Collect$$libshutdown$$00000000)
    .ARM.Collect$$libshutdown$$00000002      0x080001b4   Section        0  libshutdown2.o(.ARM.Collect$$libshutdown$$00000002)
    .ARM.Collect$$libshutdown$$00000004      0x080001b4   Section        0  libshutdown2.o(.ARM.Collect$$libshutdown$$00000004)
    .ARM.Collect$$libshutdown$$00000007      0x080001b4   Section        0  libshutdown2.o(.ARM.Collect$$libshutdown$$00000007)
    .ARM.Collect$$libshutdown$$0000000A      0x080001b4   Section        0  libshutdown2.o(.ARM.Collect$$libshutdown$$0000000A)
    .ARM.Collect$$libshutdown$$0000000C      0x080001b4   Section        0  libshutdown2.o(.ARM.Collect$$libshutdown$$0000000C)
    .ARM.Collect$$libshutdown$$0000000F      0x080001b4   Section        0  libshutdown2.o(.ARM.Collect$$libshutdown$$0000000F)
    .ARM.Collect$$libshutdown$$00000010      0x080001b4   Section        2  libshutdown2.o(.ARM.Collect$$libshutdown$$00000010)
    .ARM.Collect$$rtentry$$00000000          0x080001b6   Section        0  __rtentry.o(.ARM.Collect$$rtentry$$00000000)
    .ARM.Collect$$rtentry$$00000002          0x080001b6   Section        0  __rtentry2.o(.ARM.Collect$$rtentry$$00000002)
    .ARM.Collect$$rtentry$$00000004          0x080001b6   Section        6  __rtentry4.o(.ARM.Collect$$rtentry$$00000004)
    .ARM.Collect$$rtentry$$00000009          0x080001bc   Section        0  __rtentry2.o(.ARM.Collect$$rtentry$$00000009)
    .ARM.Collect$$rtentry$$0000000A          0x080001bc   Section        4  __rtentry2.o(.ARM.Collect$$rtentry$$0000000A)
    .ARM.Collect$$rtentry$$0000000C          0x080001c0   Section        0  __rtentry2.o(.ARM.Collect$$rtentry$$0000000C)
    .ARM.Collect$$rtentry$$0000000D          0x080001c0   Section        8  __rtentry2.o(.ARM.Collect$$rtentry$$0000000D)
    .ARM.Collect$$rtexit$$00000000           0x080001c8   Section        2  rtexit.o(.ARM.Collect$$rtexit$$00000000)
    .ARM.Collect$$rtexit$$00000002           0x080001ca   Section        0  rtexit2.o(.ARM.Collect$$rtexit$$00000002)
    .ARM.Collect$$rtexit$$00000003           0x080001ca   Section        4  rtexit2.o(.ARM.Collect$$rtexit$$00000003)
    .ARM.Collect$$rtexit$$00000004           0x080001ce   Section        6  rtexit2.o(.ARM.Collect$$rtexit$$00000004)
    .text                                    0x080001d4   Section       64  startup_stm32f10x_hd.o(.text)
    .text                                    0x08000214   Section        2  use_no_semi_2.o(.text)
    .text                                    0x08000218   Section        0  noretval__2sprintf.o(.text)
    .text                                    0x08000240   Section        0  __printf.o(.text)
    .text                                    0x080002a8   Section        0  _printf_dec.o(.text)
    .text                                    0x08000320   Section        0  heapauxi.o(.text)
    .text                                    0x08000326   Section        2  use_no_semi.o(.text)
    .text                                    0x08000328   Section        0  _printf_intcommon.o(.text)
    .text                                    0x080003dc   Section        0  _printf_char_common.o(.text)
    _printf_input_char                       0x080003dd   Thumb Code    10  _printf_char_common.o(.text)
    .text                                    0x0800040c   Section        0  _sputc.o(.text)
    .text                                    0x08000416   Section       74  sys_stackheap_outer.o(.text)
    .text                                    0x08000460   Section        0  exit.o(.text)
    .text                                    0x08000474   Section        8  libspace.o(.text)
    i.ADC_Cmd                                0x0800047c   Section        0  stm32f10x_adc.o(i.ADC_Cmd)
    i.ADC_Configuration                      0x08000494   Section        0  ad.o(i.ADC_Configuration)
    i.ADC_DMACmd                             0x08000524   Section        0  stm32f10x_adc.o(i.ADC_DMACmd)
    i.ADC_DeInit                             0x0800053c   Section        0  stm32f10x_adc.o(i.ADC_DeInit)
    i.ADC_GetCalibrationStatus               0x080005a0   Section        0  stm32f10x_adc.o(i.ADC_GetCalibrationStatus)
    i.ADC_GetResetCalibrationStatus          0x080005ae   Section        0  stm32f10x_adc.o(i.ADC_GetResetCalibrationStatus)
    i.ADC_Init                               0x080005bc   Section        0  stm32f10x_adc.o(i.ADC_Init)
    i.ADC_RegularChannelConfig               0x08000604   Section        0  stm32f10x_adc.o(i.ADC_RegularChannelConfig)
    i.ADC_ResetCalibration                   0x08000678   Section        0  stm32f10x_adc.o(i.ADC_ResetCalibration)
    i.ADC_SoftwareStartConvCmd               0x08000682   Section        0  stm32f10x_adc.o(i.ADC_SoftwareStartConvCmd)
    i.ADC_StartCalibration                   0x0800069a   Section        0  stm32f10x_adc.o(i.ADC_StartCalibration)
    i.ADCx_GPIO_Config                       0x080006a4   Section        0  ad.o(i.ADCx_GPIO_Config)
    i.AddData                                0x080006cc   Section        0  dma.o(i.AddData)
    i.Breath_filter                          0x080006fc   Section        0  filter.o(i.Breath_filter)
    i.BusFault_Handler                       0x080008d8   Section        0  stm32f10x_it.o(i.BusFault_Handler)
    i.DMA1_Channel1_IRQHandler               0x080008dc   Section        0  dma.o(i.DMA1_Channel1_IRQHandler)
    i.DMA_ClearITPendingBit                  0x0800095c   Section        0  stm32f10x_dma.o(i.DMA_ClearITPendingBit)
    i.DMA_Cmd                                0x08000974   Section        0  stm32f10x_dma.o(i.DMA_Cmd)
    i.DMA_DeInit                             0x08000990   Section        0  stm32f10x_dma.o(i.DMA_DeInit)
    i.DMA_GetITStatus                        0x08000a88   Section        0  stm32f10x_dma.o(i.DMA_GetITStatus)
    i.DMA_ITConfig                           0x08000aac   Section        0  stm32f10x_dma.o(i.DMA_ITConfig)
    i.DMA_Init                               0x08000ac0   Section        0  stm32f10x_dma.o(i.DMA_Init)
    i.DMAx_Mode_Config                       0x08000afc   Section        0  dma.o(i.DMAx_Mode_Config)
    i.DMAx_NVIC_Config                       0x08000b58   Section        0  dma.o(i.DMAx_NVIC_Config)
    i.DebugMon_Handler                       0x08000b8c   Section        0  stm32f10x_it.o(i.DebugMon_Handler)
    i.FindPV                                 0x08000b90   Section        0  findpeak.o(i.FindPV)
    i.GPIO_Init                              0x08000c74   Section        0  stm32f10x_gpio.o(i.GPIO_Init)
    i.HardFault_Handler                      0x08000d1a   Section        0  stm32f10x_it.o(i.HardFault_Handler)
    i.Heart_filter                           0x08000d1c   Section        0  filter.o(i.Heart_filter)
    i.MemManage_Handler                      0x08000ef8   Section        0  stm32f10x_it.o(i.MemManage_Handler)
    i.NMI_Handler                            0x08000efa   Section        0  stm32f10x_it.o(i.NMI_Handler)
    i.NVIC_Init                              0x08000efc   Section        0  misc.o(i.NVIC_Init)
    i.NVIC_PriorityGroupConfig               0x08000f60   Section        0  misc.o(i.NVIC_PriorityGroupConfig)
    i.PWRInit                                0x08000f74   Section        0  fs800.o(i.PWRInit)
    i.PendSV_Handler                         0x08000fa0   Section        0  stm32f10x_it.o(i.PendSV_Handler)
    i.RCC_ADCCLKConfig                       0x08000fa4   Section        0  stm32f10x_rcc.o(i.RCC_ADCCLKConfig)
    i.RCC_AHBPeriphClockCmd                  0x08000fb8   Section        0  stm32f10x_rcc.o(i.RCC_AHBPeriphClockCmd)
    i.RCC_APB1PeriphClockCmd                 0x08000fd4   Section        0  stm32f10x_rcc.o(i.RCC_APB1PeriphClockCmd)
    i.RCC_APB2PeriphClockCmd                 0x08000ff0   Section        0  stm32f10x_rcc.o(i.RCC_APB2PeriphClockCmd)
    i.RCC_APB2PeriphResetCmd                 0x0800100c   Section        0  stm32f10x_rcc.o(i.RCC_APB2PeriphResetCmd)
    i.RCC_GetClocksFreq                      0x08001028   Section        0  stm32f10x_rcc.o(i.RCC_GetClocksFreq)
    i.SVC_Handler                            0x080010d4   Section        0  stm32f10x_it.o(i.SVC_Handler)
    i.Send_Data_To_PC                        0x080010d8   Section        0  main.o(i.Send_Data_To_PC)
    i.SetSysClock                            0x08001114   Section        0  system_stm32f10x.o(i.SetSysClock)
    SetSysClock                              0x08001115   Thumb Code     4  system_stm32f10x.o(i.SetSysClock)
    i.SetSysClockTo72                        0x08001118   Section        0  system_stm32f10x.o(i.SetSysClockTo72)
    SetSysClockTo72                          0x08001119   Thumb Code   166  system_stm32f10x.o(i.SetSysClockTo72)
    i.SysTick_CLKSourceConfig                0x080011c8   Section        0  misc.o(i.SysTick_CLKSourceConfig)
    i.SysTick_Handler                        0x080011e4   Section        0  stm32f10x_it.o(i.SysTick_Handler)
    i.SystemInit                             0x080011e8   Section        0  system_stm32f10x.o(i.SystemInit)
    i.TIM3Init                               0x08001238   Section        0  tim3.o(i.TIM3Init)
    i.TIM3_IRQHandler                        0x08001298   Section        0  tim3.o(i.TIM3_IRQHandler)
    i.TIM_ClearITPendingBit                  0x080012c8   Section        0  stm32f10x_tim.o(i.TIM_ClearITPendingBit)
    i.TIM_Cmd                                0x080012ce   Section        0  stm32f10x_tim.o(i.TIM_Cmd)
    i.TIM_GetITStatus                        0x080012e6   Section        0  stm32f10x_tim.o(i.TIM_GetITStatus)
    i.TIM_ITConfig                           0x080012fe   Section        0  stm32f10x_tim.o(i.TIM_ITConfig)
    i.TIM_TimeBaseInit                       0x08001314   Section        0  stm32f10x_tim.o(i.TIM_TimeBaseInit)
    i.USART1_IRQHandler                      0x080013b0   Section        0  usart.o(i.USART1_IRQHandler)
    i.USART2_IRQHandler                      0x08001408   Section        0  usart.o(i.USART2_IRQHandler)
    i.USART_Cmd                              0x08001464   Section        0  stm32f10x_usart.o(i.USART_Cmd)
    i.USART_GetFlagStatus                    0x0800147c   Section        0  stm32f10x_usart.o(i.USART_GetFlagStatus)
    i.USART_GetITStatus                      0x0800148a   Section        0  stm32f10x_usart.o(i.USART_GetITStatus)
    i.USART_ITConfig                         0x080014ca   Section        0  stm32f10x_usart.o(i.USART_ITConfig)
    i.USART_Init                             0x08001500   Section        0  stm32f10x_usart.o(i.USART_Init)
    i.USART_ReceiveData                      0x080015bc   Section        0  stm32f10x_usart.o(i.USART_ReceiveData)
    i.USART_SendChar                         0x080015c4   Section        0  usart.o(i.USART_SendChar)
    i.USART_SendData                         0x080015dc   Section        0  stm32f10x_usart.o(i.USART_SendData)
    i.USART_SendString                       0x080015e4   Section        0  usart.o(i.USART_SendString)
    i.UsageFault_Handler                     0x080015fc   Section        0  stm32f10x_it.o(i.UsageFault_Handler)
    i._sys_exit                              0x080015fe   Section        0  usart.o(i._sys_exit)
    i.delay_init                             0x08001600   Section        0  delay.o(i.delay_init)
    i.get_breath                             0x0800163c   Section        0  findpeak.o(i.get_breath)
    i.get_heart                              0x080017c0   Section        0  findpeak.o(i.get_heart)
    i.initialFindPV                          0x08001944   Section        0  findpeak.o(i.initialFindPV)
    i.main                                   0x08001988   Section        0  main.o(i.main)
    i.uart2_init                             0x08001bd0   Section        0  usart.o(i.uart2_init)
    i.uart_init                              0x08001c74   Section        0  usart.o(i.uart_init)
    x$fpl$d2f                                0x08001d14   Section       98  d2f.o(x$fpl$d2f)
    x$fpl$dadd                               0x08001d78   Section      336  daddsub_clz.o(x$fpl$dadd)
    _dadd1                                   0x08001d89   Thumb Code     0  daddsub_clz.o(x$fpl$dadd)
    x$fpl$ddiv                               0x08001ec8   Section      688  ddiv.o(x$fpl$ddiv)
    ddiv_entry                               0x08001ecf   Thumb Code     0  ddiv.o(x$fpl$ddiv)
    x$fpl$dflt                               0x08002178   Section       46  dflt_clz.o(x$fpl$dflt)
    x$fpl$dmul                               0x080021a8   Section      340  dmul.o(x$fpl$dmul)
    x$fpl$dnaninf                            0x080022fc   Section      156  dnaninf.o(x$fpl$dnaninf)
    x$fpl$dretinf                            0x08002398   Section       12  dretinf.o(x$fpl$dretinf)
    x$fpl$dsub                               0x080023a4   Section      468  daddsub_clz.o(x$fpl$dsub)
    _dsub1                                   0x080023b5   Thumb Code     0  daddsub_clz.o(x$fpl$dsub)
    x$fpl$f2d                                0x08002578   Section       86  f2d.o(x$fpl$f2d)
    x$fpl$fadd                               0x080025d0   Section      196  faddsub_clz.o(x$fpl$fadd)
    _fadd1                                   0x080025df   Thumb Code     0  faddsub_clz.o(x$fpl$fadd)
    x$fpl$fcmpinf                            0x08002694   Section       24  fcmpi.o(x$fpl$fcmpinf)
    x$fpl$fdiv                               0x080026ac   Section      388  fdiv.o(x$fpl$fdiv)
    _fdiv1                                   0x080026ad   Thumb Code     0  fdiv.o(x$fpl$fdiv)
    x$fpl$ffix                               0x08002830   Section       54  ffix.o(x$fpl$ffix)
    x$fpl$fflt                               0x08002868   Section       48  fflt_clz.o(x$fpl$fflt)
    x$fpl$ffltu                              0x08002898   Section       38  fflt_clz.o(x$fpl$ffltu)
    x$fpl$fleqf                              0x080028c0   Section      104  fleqf.o(x$fpl$fleqf)
    x$fpl$fmul                               0x08002928   Section      258  fmul.o(x$fpl$fmul)
    x$fpl$fnaninf                            0x08002a2a   Section      140  fnaninf.o(x$fpl$fnaninf)
    x$fpl$fretinf                            0x08002ab6   Section       10  fretinf.o(x$fpl$fretinf)
    x$fpl$frleqf                             0x08002ac0   Section       98  frleqf.o(x$fpl$frleqf)
    x$fpl$fsub                               0x08002b24   Section      234  faddsub_clz.o(x$fpl$fsub)
    _fsub1                                   0x08002b33   Thumb Code     0  faddsub_clz.o(x$fpl$fsub)
    x$fpl$usenofp                            0x08002c0e   Section        0  usenofp.o(x$fpl$usenofp)
    .data                                    0x20000000   Section       12  main.o(.data)
    .data                                    0x2000000c   Section       20  system_stm32f10x.o(.data)
    .data                                    0x20000020   Section        4  delay.o(.data)
    fac_us                                   0x20000020   Data           1  delay.o(.data)
    fac_ms                                   0x20000022   Data           2  delay.o(.data)
    .data                                    0x20000024   Section        1  usart.o(.data)
    .data                                    0x20000028   Section       20  dma.o(.data)
    .data                                    0x2000003c   Section       84  filter.o(.data)
    .data                                    0x20000090   Section       20  stm32f10x_rcc.o(.data)
    ADCPrescTable                            0x20000090   Data           4  stm32f10x_rcc.o(.data)
    APBAHBPrescTable                         0x20000094   Data          16  stm32f10x_rcc.o(.data)
    .bss                                     0x200000a4   Section    24008  main.o(.bss)
    .bss                                     0x20005e6c   Section      200  usart.o(.bss)
    .bss                                     0x20005f34   Section     4800  dma.o(.bss)
    .bss                                     0x200071f4   Section     6000  findpeak.o(.bss)
    .bss                                     0x20008964   Section       96  libspace.o(.bss)
    HEAP                                     0x200089c8   Section      512  startup_stm32f10x_hd.o(HEAP)
    Heap_Mem                                 0x200089c8   Data         512  startup_stm32f10x_hd.o(HEAP)
    STACK                                    0x20008bc8   Section     1024  startup_stm32f10x_hd.o(STACK)
    Stack_Mem                                0x20008bc8   Data        1024  startup_stm32f10x_hd.o(STACK)
    __initial_sp                             0x20008fc8   Data           0  startup_stm32f10x_hd.o(STACK)

    Global Symbols

    Symbol Name                              Value     Ov Type        Size  Object(Section)

    BuildAttributes$$THM_ISAv4$P$D$K$B$S$PE$A:L22UL41UL21$X:L11$S22US41US21$IEEE1$IW$USESV6$~STKCKD$USESV7$~SHL$OSPACE$ROPI$EBA8$UX$STANDARDLIB$REQ8$PRES8$EABIv2 0x00000000   Number         0  anon$$obj.o ABSOLUTE
    __ARM_use_no_argv                        0x00000000   Number         0  main.o ABSOLUTE
    __ARM_exceptions_init                     - Undefined Weak Reference
    __alloca_initialize                       - Undefined Weak Reference
    __arm_preinit_                            - Undefined Weak Reference
    __cpp_initialize__aeabi_                  - Undefined Weak Reference
    __cxa_finalize                            - Undefined Weak Reference
    __rt_locale                               - Undefined Weak Reference
    __sigvec_lookup                           - Undefined Weak Reference
    _atexit_init                              - Undefined Weak Reference
    _call_atexit_fns                          - Undefined Weak Reference
    _clock_init                               - Undefined Weak Reference
    _fp_trap_init                             - Undefined Weak Reference
    _fp_trap_shutdown                         - Undefined Weak Reference
    _get_lc_collate                           - Undefined Weak Reference
    _get_lc_ctype                             - Undefined Weak Reference
    _get_lc_monetary                          - Undefined Weak Reference
    _get_lc_numeric                           - Undefined Weak Reference
    _get_lc_time                              - Undefined Weak Reference
    _getenv_init                              - Undefined Weak Reference
    _handle_redirection                       - Undefined Weak Reference
    _init_alloc                               - Undefined Weak Reference
    _init_user_alloc                          - Undefined Weak Reference
    _initio                                   - Undefined Weak Reference
    _printf_post_padding                      - Undefined Weak Reference
    _printf_pre_padding                       - Undefined Weak Reference
    _printf_truncate_signed                   - Undefined Weak Reference
    _printf_truncate_unsigned                 - Undefined Weak Reference
    _rand_init                                - Undefined Weak Reference
    _signal_finish                            - Undefined Weak Reference
    _signal_init                              - Undefined Weak Reference
    _terminate_alloc                          - Undefined Weak Reference
    _terminate_user_alloc                     - Undefined Weak Reference
    _terminateio                              - Undefined Weak Reference
    __Vectors_Size                           0x00000130   Number         0  startup_stm32f10x_hd.o ABSOLUTE
    __Vectors                                0x08000000   Data           4  startup_stm32f10x_hd.o(RESET)
    __Vectors_End                            0x08000130   Data           0  startup_stm32f10x_hd.o(RESET)
    __main                                   0x08000131   Thumb Code     8  __main.o(!!!main)
    __scatterload                            0x08000139   Thumb Code     0  __scatter.o(!!!scatter)
    __scatterload_rt2                        0x08000139   Thumb Code    44  __scatter.o(!!!scatter)
    __scatterload_rt2_thumb_only             0x08000139   Thumb Code     0  __scatter.o(!!!scatter)
    __scatterload_null                       0x08000147   Thumb Code     0  __scatter.o(!!!scatter)
    __scatterload_copy                       0x0800016d   Thumb Code    26  __scatter_copy.o(!!handler_copy)
    __scatterload_zeroinit                   0x08000189   Thumb Code    28  __scatter_zi.o(!!handler_zi)
    _printf_d                                0x080001a5   Thumb Code     0  _printf_d.o(.ARM.Collect$$_printf_percent$$00000009)
    _printf_percent                          0x080001a5   Thumb Code     0  _printf_percent.o(.ARM.Collect$$_printf_percent$$00000000)
    _printf_percent_end                      0x080001ab   Thumb Code     0  _printf_percent_end.o(.ARM.Collect$$_printf_percent$$00000017)
    __rt_lib_init                            0x080001af   Thumb Code     0  libinit.o(.ARM.Collect$$libinit$$00000000)
    __rt_lib_init_alloca_1                   0x080001b1   Thumb Code     0  libinit2.o(.ARM.Collect$$libinit$$0000002E)
    __rt_lib_init_argv_1                     0x080001b1   Thumb Code     0  libinit2.o(.ARM.Collect$$libinit$$0000002C)
    __rt_lib_init_atexit_1                   0x080001b1   Thumb Code     0  libinit2.o(.ARM.Collect$$libinit$$0000001B)
    __rt_lib_init_clock_1                    0x080001b1   Thumb Code     0  libinit2.o(.ARM.Collect$$libinit$$00000021)
    __rt_lib_init_cpp_1                      0x080001b1   Thumb Code     0  libinit2.o(.ARM.Collect$$libinit$$00000032)
    __rt_lib_init_exceptions_1               0x080001b1   Thumb Code     0  libinit2.o(.ARM.Collect$$libinit$$00000030)
    __rt_lib_init_fp_1                       0x080001b1   Thumb Code     0  libinit2.o(.ARM.Collect$$libinit$$00000002)
    __rt_lib_init_fp_trap_1                  0x080001b1   Thumb Code     0  libinit2.o(.ARM.Collect$$libinit$$0000001F)
    __rt_lib_init_getenv_1                   0x080001b1   Thumb Code     0  libinit2.o(.ARM.Collect$$libinit$$00000023)
    __rt_lib_init_heap_1                     0x080001b1   Thumb Code     0  libinit2.o(.ARM.Collect$$libinit$$0000000A)
    __rt_lib_init_lc_collate_1               0x080001b1   Thumb Code     0  libinit2.o(.ARM.Collect$$libinit$$00000011)
    __rt_lib_init_lc_ctype_1                 0x080001b1   Thumb Code     0  libinit2.o(.ARM.Collect$$libinit$$00000013)
    __rt_lib_init_lc_monetary_1              0x080001b1   Thumb Code     0  libinit2.o(.ARM.Collect$$libinit$$00000015)
    __rt_lib_init_lc_numeric_1               0x080001b1   Thumb Code     0  libinit2.o(.ARM.Collect$$libinit$$00000017)
    __rt_lib_init_lc_time_1                  0x080001b1   Thumb Code     0  libinit2.o(.ARM.Collect$$libinit$$00000019)
    __rt_lib_init_preinit_1                  0x080001b1   Thumb Code     0  libinit2.o(.ARM.Collect$$libinit$$00000004)
    __rt_lib_init_rand_1                     0x080001b1   Thumb Code     0  libinit2.o(.ARM.Collect$$libinit$$0000000E)
    __rt_lib_init_return                     0x080001b1   Thumb Code     0  libinit2.o(.ARM.Collect$$libinit$$00000033)
    __rt_lib_init_signal_1                   0x080001b1   Thumb Code     0  libinit2.o(.ARM.Collect$$libinit$$0000001D)
    __rt_lib_init_stdio_1                    0x080001b1   Thumb Code     0  libinit2.o(.ARM.Collect$$libinit$$00000025)
    __rt_lib_init_user_alloc_1               0x080001b1   Thumb Code     0  libinit2.o(.ARM.Collect$$libinit$$0000000C)
    __rt_lib_shutdown                        0x080001b3   Thumb Code     0  libshutdown.o(.ARM.Collect$$libshutdown$$00000000)
    __rt_lib_shutdown_cpp_1                  0x080001b5   Thumb Code     0  libshutdown2.o(.ARM.Collect$$libshutdown$$00000002)
    __rt_lib_shutdown_fp_trap_1              0x080001b5   Thumb Code     0  libshutdown2.o(.ARM.Collect$$libshutdown$$00000007)
    __rt_lib_shutdown_heap_1                 0x080001b5   Thumb Code     0  libshutdown2.o(.ARM.Collect$$libshutdown$$0000000F)
    __rt_lib_shutdown_return                 0x080001b5   Thumb Code     0  libshutdown2.o(.ARM.Collect$$libshutdown$$00000010)
    __rt_lib_shutdown_signal_1               0x080001b5   Thumb Code     0  libshutdown2.o(.ARM.Collect$$libshutdown$$0000000A)
    __rt_lib_shutdown_stdio_1                0x080001b5   Thumb Code     0  libshutdown2.o(.ARM.Collect$$libshutdown$$00000004)
    __rt_lib_shutdown_user_alloc_1           0x080001b5   Thumb Code     0  libshutdown2.o(.ARM.Collect$$libshutdown$$0000000C)
    __rt_entry                               0x080001b7   Thumb Code     0  __rtentry.o(.ARM.Collect$$rtentry$$00000000)
    __rt_entry_presh_1                       0x080001b7   Thumb Code     0  __rtentry2.o(.ARM.Collect$$rtentry$$00000002)
    __rt_entry_sh                            0x080001b7   Thumb Code     0  __rtentry4.o(.ARM.Collect$$rtentry$$00000004)
    __rt_entry_li                            0x080001bd   Thumb Code     0  __rtentry2.o(.ARM.Collect$$rtentry$$0000000A)
    __rt_entry_postsh_1                      0x080001bd   Thumb Code     0  __rtentry2.o(.ARM.Collect$$rtentry$$00000009)
    __rt_entry_main                          0x080001c1   Thumb Code     0  __rtentry2.o(.ARM.Collect$$rtentry$$0000000D)
    __rt_entry_postli_1                      0x080001c1   Thumb Code     0  __rtentry2.o(.ARM.Collect$$rtentry$$0000000C)
    __rt_exit                                0x080001c9   Thumb Code     0  rtexit.o(.ARM.Collect$$rtexit$$00000000)
    __rt_exit_ls                             0x080001cb   Thumb Code     0  rtexit2.o(.ARM.Collect$$rtexit$$00000003)
    __rt_exit_prels_1                        0x080001cb   Thumb Code     0  rtexit2.o(.ARM.Collect$$rtexit$$00000002)
    __rt_exit_exit                           0x080001cf   Thumb Code     0  rtexit2.o(.ARM.Collect$$rtexit$$00000004)
    Reset_Handler                            0x080001d5   Thumb Code     8  startup_stm32f10x_hd.o(.text)
    ADC1_2_IRQHandler                        0x080001ef   Thumb Code     0  startup_stm32f10x_hd.o(.text)
    ADC3_IRQHandler                          0x080001ef   Thumb Code     0  startup_stm32f10x_hd.o(.text)
    CAN1_RX1_IRQHandler                      0x080001ef   Thumb Code     0  startup_stm32f10x_hd.o(.text)
    CAN1_SCE_IRQHandler                      0x080001ef   Thumb Code     0  startup_stm32f10x_hd.o(.text)
    DMA1_Channel2_IRQHandler                 0x080001ef   Thumb Code     0  startup_stm32f10x_hd.o(.text)
    DMA1_Channel3_IRQHandler                 0x080001ef   Thumb Code     0  startup_stm32f10x_hd.o(.text)
    DMA1_Channel4_IRQHandler                 0x080001ef   Thumb Code     0  startup_stm32f10x_hd.o(.text)
    DMA1_Channel5_IRQHandler                 0x080001ef   Thumb Code     0  startup_stm32f10x_hd.o(.text)
    DMA1_Channel6_IRQHandler                 0x080001ef   Thumb Code     0  startup_stm32f10x_hd.o(.text)
    DMA1_Channel7_IRQHandler                 0x080001ef   Thumb Code     0  startup_stm32f10x_hd.o(.text)
    DMA2_Channel1_IRQHandler                 0x080001ef   Thumb Code     0  startup_stm32f10x_hd.o(.text)
    DMA2_Channel2_IRQHandler                 0x080001ef   Thumb Code     0  startup_stm32f10x_hd.o(.text)
    DMA2_Channel3_IRQHandler                 0x080001ef   Thumb Code     0  startup_stm32f10x_hd.o(.text)
    DMA2_Channel4_5_IRQHandler               0x080001ef   Thumb Code     0  startup_stm32f10x_hd.o(.text)
    EXTI0_IRQHandler                         0x080001ef   Thumb Code     0  startup_stm32f10x_hd.o(.text)
    EXTI15_10_IRQHandler                     0x080001ef   Thumb Code     0  startup_stm32f10x_hd.o(.text)
    EXTI1_IRQHandler                         0x080001ef   Thumb Code     0  startup_stm32f10x_hd.o(.text)
    EXTI2_IRQHandler                         0x080001ef   Thumb Code     0  startup_stm32f10x_hd.o(.text)
    EXTI3_IRQHandler                         0x080001ef   Thumb Code     0  startup_stm32f10x_hd.o(.text)
    EXTI4_IRQHandler                         0x080001ef   Thumb Code     0  startup_stm32f10x_hd.o(.text)
    EXTI9_5_IRQHandler                       0x080001ef   Thumb Code     0  startup_stm32f10x_hd.o(.text)
    FLASH_IRQHandler                         0x080001ef   Thumb Code     0  startup_stm32f10x_hd.o(.text)
    FSMC_IRQHandler                          0x080001ef   Thumb Code     0  startup_stm32f10x_hd.o(.text)
    I2C1_ER_IRQHandler                       0x080001ef   Thumb Code     0  startup_stm32f10x_hd.o(.text)
    I2C1_EV_IRQHandler                       0x080001ef   Thumb Code     0  startup_stm32f10x_hd.o(.text)
    I2C2_ER_IRQHandler                       0x080001ef   Thumb Code     0  startup_stm32f10x_hd.o(.text)
    I2C2_EV_IRQHandler                       0x080001ef   Thumb Code     0  startup_stm32f10x_hd.o(.text)
    PVD_IRQHandler                           0x080001ef   Thumb Code     0  startup_stm32f10x_hd.o(.text)
    RCC_IRQHandler                           0x080001ef   Thumb Code     0  startup_stm32f10x_hd.o(.text)
    RTCAlarm_IRQHandler                      0x080001ef   Thumb Code     0  startup_stm32f10x_hd.o(.text)
    RTC_IRQHandler                           0x080001ef   Thumb Code     0  startup_stm32f10x_hd.o(.text)
    SDIO_IRQHandler                          0x080001ef   Thumb Code     0  startup_stm32f10x_hd.o(.text)
    SPI1_IRQHandler                          0x080001ef   Thumb Code     0  startup_stm32f10x_hd.o(.text)
    SPI2_IRQHandler                          0x080001ef   Thumb Code     0  startup_stm32f10x_hd.o(.text)
    SPI3_IRQHandler                          0x080001ef   Thumb Code     0  startup_stm32f10x_hd.o(.text)
    TAMPER_IRQHandler                        0x080001ef   Thumb Code     0  startup_stm32f10x_hd.o(.text)
    TIM1_BRK_IRQHandler                      0x080001ef   Thumb Code     0  startup_stm32f10x_hd.o(.text)
    TIM1_CC_IRQHandler                       0x080001ef   Thumb Code     0  startup_stm32f10x_hd.o(.text)
    TIM1_TRG_COM_IRQHandler                  0x080001ef   Thumb Code     0  startup_stm32f10x_hd.o(.text)
    TIM1_UP_IRQHandler                       0x080001ef   Thumb Code     0  startup_stm32f10x_hd.o(.text)
    TIM2_IRQHandler                          0x080001ef   Thumb Code     0  startup_stm32f10x_hd.o(.text)
    TIM4_IRQHandler                          0x080001ef   Thumb Code     0  startup_stm32f10x_hd.o(.text)
    TIM5_IRQHandler                          0x080001ef   Thumb Code     0  startup_stm32f10x_hd.o(.text)
    TIM6_IRQHandler                          0x080001ef   Thumb Code     0  startup_stm32f10x_hd.o(.text)
    TIM7_IRQHandler                          0x080001ef   Thumb Code     0  startup_stm32f10x_hd.o(.text)
    TIM8_BRK_IRQHandler                      0x080001ef   Thumb Code     0  startup_stm32f10x_hd.o(.text)
    TIM8_CC_IRQHandler                       0x080001ef   Thumb Code     0  startup_stm32f10x_hd.o(.text)
    TIM8_TRG_COM_IRQHandler                  0x080001ef   Thumb Code     0  startup_stm32f10x_hd.o(.text)
    TIM8_UP_IRQHandler                       0x080001ef   Thumb Code     0  startup_stm32f10x_hd.o(.text)
    UART4_IRQHandler                         0x080001ef   Thumb Code     0  startup_stm32f10x_hd.o(.text)
    UART5_IRQHandler                         0x080001ef   Thumb Code     0  startup_stm32f10x_hd.o(.text)
    USART3_IRQHandler                        0x080001ef   Thumb Code     0  startup_stm32f10x_hd.o(.text)
    USBWakeUp_IRQHandler                     0x080001ef   Thumb Code     0  startup_stm32f10x_hd.o(.text)
    USB_HP_CAN1_TX_IRQHandler                0x080001ef   Thumb Code     0  startup_stm32f10x_hd.o(.text)
    USB_LP_CAN1_RX0_IRQHandler               0x080001ef   Thumb Code     0  startup_stm32f10x_hd.o(.text)
    WWDG_IRQHandler                          0x080001ef   Thumb Code     0  startup_stm32f10x_hd.o(.text)
    __user_initial_stackheap                 0x080001f1   Thumb Code     0  startup_stm32f10x_hd.o(.text)
    __use_no_semihosting                     0x08000215   Thumb Code     2  use_no_semi_2.o(.text)
    __2sprintf                               0x08000219   Thumb Code    34  noretval__2sprintf.o(.text)
    __printf                                 0x08000241   Thumb Code   104  __printf.o(.text)
    _printf_int_dec                          0x080002a9   Thumb Code   104  _printf_dec.o(.text)
    __use_two_region_memory                  0x08000321   Thumb Code     2  heapauxi.o(.text)
    __rt_heap_escrow$2region                 0x08000323   Thumb Code     2  heapauxi.o(.text)
    __rt_heap_expand$2region                 0x08000325   Thumb Code     2  heapauxi.o(.text)
    __I$use$semihosting                      0x08000327   Thumb Code     0  use_no_semi.o(.text)
    __use_no_semihosting_swi                 0x08000327   Thumb Code     2  use_no_semi.o(.text)
    _printf_int_common                       0x08000329   Thumb Code   178  _printf_intcommon.o(.text)
    _printf_char_common                      0x080003e7   Thumb Code    32  _printf_char_common.o(.text)
    _sputc                                   0x0800040d   Thumb Code    10  _sputc.o(.text)
    __user_setup_stackheap                   0x08000417   Thumb Code    74  sys_stackheap_outer.o(.text)
    exit                                     0x08000461   Thumb Code    18  exit.o(.text)
    __user_libspace                          0x08000475   Thumb Code     8  libspace.o(.text)
    __user_perproc_libspace                  0x08000475   Thumb Code     0  libspace.o(.text)
    __user_perthread_libspace                0x08000475   Thumb Code     0  libspace.o(.text)
    ADC_Cmd                                  0x0800047d   Thumb Code    24  stm32f10x_adc.o(i.ADC_Cmd)
    ADC_Configuration                        0x08000495   Thumb Code   140  ad.o(i.ADC_Configuration)
    ADC_DMACmd                               0x08000525   Thumb Code    24  stm32f10x_adc.o(i.ADC_DMACmd)
    ADC_DeInit                               0x0800053d   Thumb Code    88  stm32f10x_adc.o(i.ADC_DeInit)
    ADC_GetCalibrationStatus                 0x080005a1   Thumb Code    14  stm32f10x_adc.o(i.ADC_GetCalibrationStatus)
    ADC_GetResetCalibrationStatus            0x080005af   Thumb Code    14  stm32f10x_adc.o(i.ADC_GetResetCalibrationStatus)
    ADC_Init                                 0x080005bd   Thumb Code    62  stm32f10x_adc.o(i.ADC_Init)
    ADC_RegularChannelConfig                 0x08000605   Thumb Code   116  stm32f10x_adc.o(i.ADC_RegularChannelConfig)
    ADC_ResetCalibration                     0x08000679   Thumb Code    10  stm32f10x_adc.o(i.ADC_ResetCalibration)
    ADC_SoftwareStartConvCmd                 0x08000683   Thumb Code    24  stm32f10x_adc.o(i.ADC_SoftwareStartConvCmd)
    ADC_StartCalibration                     0x0800069b   Thumb Code    10  stm32f10x_adc.o(i.ADC_StartCalibration)
    ADCx_GPIO_Config                         0x080006a5   Thumb Code    36  ad.o(i.ADCx_GPIO_Config)
    AddData                                  0x080006cd   Thumb Code    38  dma.o(i.AddData)
    Breath_filter                            0x080006fd   Thumb Code   472  filter.o(i.Breath_filter)
    BusFault_Handler                         0x080008d9   Thumb Code     2  stm32f10x_it.o(i.BusFault_Handler)
    DMA1_Channel1_IRQHandler                 0x080008dd   Thumb Code   112  dma.o(i.DMA1_Channel1_IRQHandler)
    DMA_ClearITPendingBit                    0x0800095d   Thumb Code    16  stm32f10x_dma.o(i.DMA_ClearITPendingBit)
    DMA_Cmd                                  0x08000975   Thumb Code    26  stm32f10x_dma.o(i.DMA_Cmd)
    DMA_DeInit                               0x08000991   Thumb Code   238  stm32f10x_dma.o(i.DMA_DeInit)
    DMA_GetITStatus                          0x08000a89   Thumb Code    26  stm32f10x_dma.o(i.DMA_GetITStatus)
    DMA_ITConfig                             0x08000aad   Thumb Code    20  stm32f10x_dma.o(i.DMA_ITConfig)
    DMA_Init                                 0x08000ac1   Thumb Code    58  stm32f10x_dma.o(i.DMA_Init)
    DMAx_Mode_Config                         0x08000afd   Thumb Code    80  dma.o(i.DMAx_Mode_Config)
    DMAx_NVIC_Config                         0x08000b59   Thumb Code    48  dma.o(i.DMAx_NVIC_Config)
    DebugMon_Handler                         0x08000b8d   Thumb Code     2  stm32f10x_it.o(i.DebugMon_Handler)
    FindPV                                   0x08000b91   Thumb Code   224  findpeak.o(i.FindPV)
    GPIO_Init                                0x08000c75   Thumb Code   166  stm32f10x_gpio.o(i.GPIO_Init)
    HardFault_Handler                        0x08000d1b   Thumb Code     2  stm32f10x_it.o(i.HardFault_Handler)
    Heart_filter                             0x08000d1d   Thumb Code   472  filter.o(i.Heart_filter)
    MemManage_Handler                        0x08000ef9   Thumb Code     2  stm32f10x_it.o(i.MemManage_Handler)
    NMI_Handler                              0x08000efb   Thumb Code     2  stm32f10x_it.o(i.NMI_Handler)
    NVIC_Init                                0x08000efd   Thumb Code    96  misc.o(i.NVIC_Init)
    NVIC_PriorityGroupConfig                 0x08000f61   Thumb Code    10  misc.o(i.NVIC_PriorityGroupConfig)
    PWRInit                                  0x08000f75   Thumb Code    40  fs800.o(i.PWRInit)
    PendSV_Handler                           0x08000fa1   Thumb Code     2  stm32f10x_it.o(i.PendSV_Handler)
    RCC_ADCCLKConfig                         0x08000fa5   Thumb Code    14  stm32f10x_rcc.o(i.RCC_ADCCLKConfig)
    RCC_AHBPeriphClockCmd                    0x08000fb9   Thumb Code    22  stm32f10x_rcc.o(i.RCC_AHBPeriphClockCmd)
    RCC_APB1PeriphClockCmd                   0x08000fd5   Thumb Code    22  stm32f10x_rcc.o(i.RCC_APB1PeriphClockCmd)
    RCC_APB2PeriphClockCmd                   0x08000ff1   Thumb Code    22  stm32f10x_rcc.o(i.RCC_APB2PeriphClockCmd)
    RCC_APB2PeriphResetCmd                   0x0800100d   Thumb Code    22  stm32f10x_rcc.o(i.RCC_APB2PeriphResetCmd)
    RCC_GetClocksFreq                        0x08001029   Thumb Code   154  stm32f10x_rcc.o(i.RCC_GetClocksFreq)
    SVC_Handler                              0x080010d5   Thumb Code     2  stm32f10x_it.o(i.SVC_Handler)
    Send_Data_To_PC                          0x080010d9   Thumb Code    36  main.o(i.Send_Data_To_PC)
    SysTick_CLKSourceConfig                  0x080011c9   Thumb Code    28  misc.o(i.SysTick_CLKSourceConfig)
    SysTick_Handler                          0x080011e5   Thumb Code     2  stm32f10x_it.o(i.SysTick_Handler)
    SystemInit                               0x080011e9   Thumb Code    64  system_stm32f10x.o(i.SystemInit)
    TIM3Init                                 0x08001239   Thumb Code    92  tim3.o(i.TIM3Init)
    TIM3_IRQHandler                          0x08001299   Thumb Code    38  tim3.o(i.TIM3_IRQHandler)
    TIM_ClearITPendingBit                    0x080012c9   Thumb Code     6  stm32f10x_tim.o(i.TIM_ClearITPendingBit)
    TIM_Cmd                                  0x080012cf   Thumb Code    24  stm32f10x_tim.o(i.TIM_Cmd)
    TIM_GetITStatus                          0x080012e7   Thumb Code    24  stm32f10x_tim.o(i.TIM_GetITStatus)
    TIM_ITConfig                             0x080012ff   Thumb Code    20  stm32f10x_tim.o(i.TIM_ITConfig)
    TIM_TimeBaseInit                         0x08001315   Thumb Code   114  stm32f10x_tim.o(i.TIM_TimeBaseInit)
    USART1_IRQHandler                        0x080013b1   Thumb Code    74  usart.o(i.USART1_IRQHandler)
    USART2_IRQHandler                        0x08001409   Thumb Code    74  usart.o(i.USART2_IRQHandler)
    USART_Cmd                                0x08001465   Thumb Code    24  stm32f10x_usart.o(i.USART_Cmd)
    USART_GetFlagStatus                      0x0800147d   Thumb Code    14  stm32f10x_usart.o(i.USART_GetFlagStatus)
    USART_GetITStatus                        0x0800148b   Thumb Code    64  stm32f10x_usart.o(i.USART_GetITStatus)
    USART_ITConfig                           0x080014cb   Thumb Code    54  stm32f10x_usart.o(i.USART_ITConfig)
    USART_Init                               0x08001501   Thumb Code   182  stm32f10x_usart.o(i.USART_Init)
    USART_ReceiveData                        0x080015bd   Thumb Code     8  stm32f10x_usart.o(i.USART_ReceiveData)
    USART_SendChar                           0x080015c5   Thumb Code    24  usart.o(i.USART_SendChar)
    USART_SendData                           0x080015dd   Thumb Code     8  stm32f10x_usart.o(i.USART_SendData)
    USART_SendString                         0x080015e5   Thumb Code    24  usart.o(i.USART_SendString)
    UsageFault_Handler                       0x080015fd   Thumb Code     2  stm32f10x_it.o(i.UsageFault_Handler)
    _sys_exit                                0x080015ff   Thumb Code     2  usart.o(i._sys_exit)
    delay_init                               0x08001601   Thumb Code    46  delay.o(i.delay_init)
    get_breath                               0x0800163d   Thumb Code   358  findpeak.o(i.get_breath)
    get_heart                                0x080017c1   Thumb Code   358  findpeak.o(i.get_heart)
    initialFindPV                            0x08001945   Thumb Code    62  findpeak.o(i.initialFindPV)
    main                                     0x08001989   Thumb Code   224  main.o(i.main)
    uart2_init                               0x08001bd1   Thumb Code   154  usart.o(i.uart2_init)
    uart_init                                0x08001c75   Thumb Code   152  usart.o(i.uart_init)
    __aeabi_d2f                              0x08001d15   Thumb Code     0  d2f.o(x$fpl$d2f)
    _d2f                                     0x08001d15   Thumb Code    98  d2f.o(x$fpl$d2f)
    __aeabi_dadd                             0x08001d79   Thumb Code     0  daddsub_clz.o(x$fpl$dadd)
    _dadd                                    0x08001d79   Thumb Code   332  daddsub_clz.o(x$fpl$dadd)
    __aeabi_ddiv                             0x08001ec9   Thumb Code     0  ddiv.o(x$fpl$ddiv)
    _ddiv                                    0x08001ec9   Thumb Code   552  ddiv.o(x$fpl$ddiv)
    __aeabi_i2d                              0x08002179   Thumb Code     0  dflt_clz.o(x$fpl$dflt)
    _dflt                                    0x08002179   Thumb Code    46  dflt_clz.o(x$fpl$dflt)
    __aeabi_dmul                             0x080021a9   Thumb Code     0  dmul.o(x$fpl$dmul)
    _dmul                                    0x080021a9   Thumb Code   332  dmul.o(x$fpl$dmul)
    __fpl_dnaninf                            0x080022fd   Thumb Code   156  dnaninf.o(x$fpl$dnaninf)
    __fpl_dretinf                            0x08002399   Thumb Code    12  dretinf.o(x$fpl$dretinf)
    __aeabi_dsub                             0x080023a5   Thumb Code     0  daddsub_clz.o(x$fpl$dsub)
    _dsub                                    0x080023a5   Thumb Code   464  daddsub_clz.o(x$fpl$dsub)
    __aeabi_f2d                              0x08002579   Thumb Code     0  f2d.o(x$fpl$f2d)
    _f2d                                     0x08002579   Thumb Code    86  f2d.o(x$fpl$f2d)
    __aeabi_fadd                             0x080025d1   Thumb Code     0  faddsub_clz.o(x$fpl$fadd)
    _fadd                                    0x080025d1   Thumb Code   196  faddsub_clz.o(x$fpl$fadd)
    __fpl_fcmp_Inf                           0x08002695   Thumb Code    24  fcmpi.o(x$fpl$fcmpinf)
    __aeabi_fdiv                             0x080026ad   Thumb Code     0  fdiv.o(x$fpl$fdiv)
    _fdiv                                    0x080026ad   Thumb Code   384  fdiv.o(x$fpl$fdiv)
    __aeabi_f2iz                             0x08002831   Thumb Code     0  ffix.o(x$fpl$ffix)
    _ffix                                    0x08002831   Thumb Code    54  ffix.o(x$fpl$ffix)
    __aeabi_i2f                              0x08002869   Thumb Code     0  fflt_clz.o(x$fpl$fflt)
    _fflt                                    0x08002869   Thumb Code    48  fflt_clz.o(x$fpl$fflt)
    __aeabi_ui2f                             0x08002899   Thumb Code     0  fflt_clz.o(x$fpl$ffltu)
    _ffltu                                   0x08002899   Thumb Code    38  fflt_clz.o(x$fpl$ffltu)
    __aeabi_cfcmple                          0x080028c1   Thumb Code     0  fleqf.o(x$fpl$fleqf)
    _fcmple                                  0x080028c1   Thumb Code   104  fleqf.o(x$fpl$fleqf)
    __fpl_fcmple_InfNaN                      0x08002913   Thumb Code     0  fleqf.o(x$fpl$fleqf)
    __aeabi_fmul                             0x08002929   Thumb Code     0  fmul.o(x$fpl$fmul)
    _fmul                                    0x08002929   Thumb Code   258  fmul.o(x$fpl$fmul)
    __fpl_fnaninf                            0x08002a2b   Thumb Code   140  fnaninf.o(x$fpl$fnaninf)
    __fpl_fretinf                            0x08002ab7   Thumb Code    10  fretinf.o(x$fpl$fretinf)
    __aeabi_cfrcmple                         0x08002ac1   Thumb Code     0  frleqf.o(x$fpl$frleqf)
    _frcmple                                 0x08002ac1   Thumb Code    98  frleqf.o(x$fpl$frleqf)
    __aeabi_fsub                             0x08002b25   Thumb Code     0  faddsub_clz.o(x$fpl$fsub)
    _fsub                                    0x08002b25   Thumb Code   234  faddsub_clz.o(x$fpl$fsub)
    __I$use$fp                               0x08002c0e   Number         0  usenofp.o(x$fpl$usenofp)
    Region$$Table$$Base                      0x08002c10   Number         0  anon$$obj.o(Region$$Table)
    Region$$Table$$Limit                     0x08002c30   Number         0  anon$$obj.o(Region$$Table)
    count                                    0x20000000   Data           1  main.o(.data)
    current_heart_rate                       0x20000004   Data           4  main.o(.data)
    current_breath_rate                      0x20000008   Data           4  main.o(.data)
    SystemCoreClock                          0x2000000c   Data           4  system_stm32f10x.o(.data)
    AHBPrescTable                            0x20000010   Data          16  system_stm32f10x.o(.data)
    USART_RX_STA                             0x20000024   Data           1  usart.o(.data)
    index1                                   0x20000028   Data           2  dma.o(.data)
    slide_counter                            0x2000002a   Data           2  dma.o(.data)
    head                                     0x2000002c   Data           4  dma.o(.data)
    slide_ready                              0x20000030   Data           4  dma.o(.data)
    ADC_value                                0x20000034   Data           8  dma.o(.data)
    i                                        0x2000003c   Data           4  filter.o(.data)
    hr_b                                     0x20000040   Data          20  filter.o(.data)
    hr_a                                     0x20000054   Data          20  filter.o(.data)
    br_b                                     0x20000068   Data          20  filter.o(.data)
    br_a                                     0x2000007c   Data          20  filter.o(.data)
    SignalFilter_heart                       0x200000a4   Data        4800  main.o(.bss)
    SignalFilter_breath                      0x20001364   Data        4800  main.o(.bss)
    data_buffer                              0x20002624   Data        4800  main.o(.bss)
    stFindPV                                 0x200038e4   Data        9608  main.o(.bss)
    USART_RX_BUF                             0x20005e6c   Data         200  usart.o(.bss)
    adc_data                                 0x20005f34   Data        4800  dma.o(.bss)
    SampleDiff                               0x200071f4   Data        4800  findpeak.o(.bss)
    heart_peak                               0x200084b4   Data         600  findpeak.o(.bss)
    hx_peak                                  0x2000870c   Data         600  findpeak.o(.bss)
    __libspace_start                         0x20008964   Data          96  libspace.o(.bss)
    __temporary_stack_top$libspace           0x200089c4   Data           0  libspace.o(.bss)



==============================================================================

Memory Map of the image

  Image Entry point : 0x080001d5

  Load Region LR_1 (Base: 0x08000000, Size: 0x00002cd4, Max: 0xffffffff, ABSOLUTE)

    Execution Region ER_RO (Base: 0x08000000, Size: 0x00002c30, Max: 0xffffffff, ABSOLUTE)

    Base Addr    Size         Type   Attr      Idx    E Section Name        Object

    0x08000000   0x00000130   Data   RO          267    RESET               startup_stm32f10x_hd.o
    0x08000130   0x00000008   Code   RO         3597  * !!!main             c_w.l(__main.o)
    0x08000138   0x00000034   Code   RO         3820    !!!scatter          c_w.l(__scatter.o)
    0x0800016c   0x0000001a   Code   RO         3822    !!handler_copy      c_w.l(__scatter_copy.o)
    0x08000186   0x00000002   PAD
    0x08000188   0x0000001c   Code   RO         3824    !!handler_zi        c_w.l(__scatter_zi.o)
    0x080001a4   0x00000000   Code   RO         3594    .ARM.Collect$$_printf_percent$$00000000  c_w.l(_printf_percent.o)
    0x080001a4   0x00000006   Code   RO         3593    .ARM.Collect$$_printf_percent$$00000009  c_w.l(_printf_d.o)
    0x080001aa   0x00000004   Code   RO         3654    .ARM.Collect$$_printf_percent$$00000017  c_w.l(_printf_percent_end.o)
    0x080001ae   0x00000002   Code   RO         3694    .ARM.Collect$$libinit$$00000000  c_w.l(libinit.o)
    0x080001b0   0x00000000   Code   RO         3701    .ARM.Collect$$libinit$$00000002  c_w.l(libinit2.o)
    0x080001b0   0x00000000   Code   RO         3703    .ARM.Collect$$libinit$$00000004  c_w.l(libinit2.o)
    0x080001b0   0x00000000   Code   RO         3706    .ARM.Collect$$libinit$$0000000A  c_w.l(libinit2.o)
    0x080001b0   0x00000000   Code   RO         3708    .ARM.Collect$$libinit$$0000000C  c_w.l(libinit2.o)
    0x080001b0   0x00000000   Code   RO         3710    .ARM.Collect$$libinit$$0000000E  c_w.l(libinit2.o)
    0x080001b0   0x00000000   Code   RO         3713    .ARM.Collect$$libinit$$00000011  c_w.l(libinit2.o)
    0x080001b0   0x00000000   Code   RO         3715    .ARM.Collect$$libinit$$00000013  c_w.l(libinit2.o)
    0x080001b0   0x00000000   Code   RO         3717    .ARM.Collect$$libinit$$00000015  c_w.l(libinit2.o)
    0x080001b0   0x00000000   Code   RO         3719    .ARM.Collect$$libinit$$00000017  c_w.l(libinit2.o)
    0x080001b0   0x00000000   Code   RO         3721    .ARM.Collect$$libinit$$00000019  c_w.l(libinit2.o)
    0x080001b0   0x00000000   Code   RO         3723    .ARM.Collect$$libinit$$0000001B  c_w.l(libinit2.o)
    0x080001b0   0x00000000   Code   RO         3725    .ARM.Collect$$libinit$$0000001D  c_w.l(libinit2.o)
    0x080001b0   0x00000000   Code   RO         3727    .ARM.Collect$$libinit$$0000001F  c_w.l(libinit2.o)
    0x080001b0   0x00000000   Code   RO         3729    .ARM.Collect$$libinit$$00000021  c_w.l(libinit2.o)
    0x080001b0   0x00000000   Code   RO         3731    .ARM.Collect$$libinit$$00000023  c_w.l(libinit2.o)
    0x080001b0   0x00000000   Code   RO         3733    .ARM.Collect$$libinit$$00000025  c_w.l(libinit2.o)
    0x080001b0   0x00000000   Code   RO         3737    .ARM.Collect$$libinit$$0000002C  c_w.l(libinit2.o)
    0x080001b0   0x00000000   Code   RO         3739    .ARM.Collect$$libinit$$0000002E  c_w.l(libinit2.o)
    0x080001b0   0x00000000   Code   RO         3741    .ARM.Collect$$libinit$$00000030  c_w.l(libinit2.o)
    0x080001b0   0x00000000   Code   RO         3743    .ARM.Collect$$libinit$$00000032  c_w.l(libinit2.o)
    0x080001b0   0x00000002   Code   RO         3744    .ARM.Collect$$libinit$$00000033  c_w.l(libinit2.o)
    0x080001b2   0x00000002   Code   RO         3762    .ARM.Collect$$libshutdown$$00000000  c_w.l(libshutdown.o)
    0x080001b4   0x00000000   Code   RO         3772    .ARM.Collect$$libshutdown$$00000002  c_w.l(libshutdown2.o)
    0x080001b4   0x00000000   Code   RO         3774    .ARM.Collect$$libshutdown$$00000004  c_w.l(libshutdown2.o)
    0x080001b4   0x00000000   Code   RO         3777    .ARM.Collect$$libshutdown$$00000007  c_w.l(libshutdown2.o)
    0x080001b4   0x00000000   Code   RO         3780    .ARM.Collect$$libshutdown$$0000000A  c_w.l(libshutdown2.o)
    0x080001b4   0x00000000   Code   RO         3782    .ARM.Collect$$libshutdown$$0000000C  c_w.l(libshutdown2.o)
    0x080001b4   0x00000000   Code   RO         3785    .ARM.Collect$$libshutdown$$0000000F  c_w.l(libshutdown2.o)
    0x080001b4   0x00000002   Code   RO         3786    .ARM.Collect$$libshutdown$$00000010  c_w.l(libshutdown2.o)
    0x080001b6   0x00000000   Code   RO         3647    .ARM.Collect$$rtentry$$00000000  c_w.l(__rtentry.o)
    0x080001b6   0x00000000   Code   RO         3667    .ARM.Collect$$rtentry$$00000002  c_w.l(__rtentry2.o)
    0x080001b6   0x00000006   Code   RO         3679    .ARM.Collect$$rtentry$$00000004  c_w.l(__rtentry4.o)
    0x080001bc   0x00000000   Code   RO         3669    .ARM.Collect$$rtentry$$00000009  c_w.l(__rtentry2.o)
    0x080001bc   0x00000004   Code   RO         3670    .ARM.Collect$$rtentry$$0000000A  c_w.l(__rtentry2.o)
    0x080001c0   0x00000000   Code   RO         3672    .ARM.Collect$$rtentry$$0000000C  c_w.l(__rtentry2.o)
    0x080001c0   0x00000008   Code   RO         3673    .ARM.Collect$$rtentry$$0000000D  c_w.l(__rtentry2.o)
    0x080001c8   0x00000002   Code   RO         3698    .ARM.Collect$$rtexit$$00000000  c_w.l(rtexit.o)
    0x080001ca   0x00000000   Code   RO         3746    .ARM.Collect$$rtexit$$00000002  c_w.l(rtexit2.o)
    0x080001ca   0x00000004   Code   RO         3747    .ARM.Collect$$rtexit$$00000003  c_w.l(rtexit2.o)
    0x080001ce   0x00000006   Code   RO         3748    .ARM.Collect$$rtexit$$00000004  c_w.l(rtexit2.o)
    0x080001d4   0x00000040   Code   RO          268  * .text               startup_stm32f10x_hd.o
    0x08000214   0x00000002   Code   RO         3563    .text               c_w.l(use_no_semi_2.o)
    0x08000216   0x00000002   PAD
    0x08000218   0x00000028   Code   RO         3567    .text               c_w.l(noretval__2sprintf.o)
    0x08000240   0x00000068   Code   RO         3569    .text               c_w.l(__printf.o)
    0x080002a8   0x00000078   Code   RO         3571    .text               c_w.l(_printf_dec.o)
    0x08000320   0x00000006   Code   RO         3595    .text               c_w.l(heapauxi.o)
    0x08000326   0x00000002   Code   RO         3645    .text               c_w.l(use_no_semi.o)
    0x08000328   0x000000b2   Code   RO         3648    .text               c_w.l(_printf_intcommon.o)
    0x080003da   0x00000002   PAD
    0x080003dc   0x00000030   Code   RO         3650    .text               c_w.l(_printf_char_common.o)
    0x0800040c   0x0000000a   Code   RO         3652    .text               c_w.l(_sputc.o)
    0x08000416   0x0000004a   Code   RO         3685    .text               c_w.l(sys_stackheap_outer.o)
    0x08000460   0x00000012   Code   RO         3687    .text               c_w.l(exit.o)
    0x08000472   0x00000002   PAD
    0x08000474   0x00000008   Code   RO         3695    .text               c_w.l(libspace.o)
    0x0800047c   0x00000018   Code   RO          636    i.ADC_Cmd           stm32f10x_adc.o
    0x08000494   0x00000090   Code   RO          437    i.ADC_Configuration  ad.o
    0x08000524   0x00000018   Code   RO          637    i.ADC_DMACmd        stm32f10x_adc.o
    0x0800053c   0x00000064   Code   RO          638    i.ADC_DeInit        stm32f10x_adc.o
    0x080005a0   0x0000000e   Code   RO          644    i.ADC_GetCalibrationStatus  stm32f10x_adc.o
    0x080005ae   0x0000000e   Code   RO          650    i.ADC_GetResetCalibrationStatus  stm32f10x_adc.o
    0x080005bc   0x00000048   Code   RO          654    i.ADC_Init          stm32f10x_adc.o
    0x08000604   0x00000074   Code   RO          658    i.ADC_RegularChannelConfig  stm32f10x_adc.o
    0x08000678   0x0000000a   Code   RO          659    i.ADC_ResetCalibration  stm32f10x_adc.o
    0x08000682   0x00000018   Code   RO          661    i.ADC_SoftwareStartConvCmd  stm32f10x_adc.o
    0x0800069a   0x0000000a   Code   RO          663    i.ADC_StartCalibration  stm32f10x_adc.o
    0x080006a4   0x00000028   Code   RO          438    i.ADCx_GPIO_Config  ad.o
    0x080006cc   0x00000030   Code   RO          478    i.AddData           dma.o
    0x080006fc   0x000001dc   Code   RO          527    i.Breath_filter     filter.o
    0x080008d8   0x00000002   Code   RO          157    i.BusFault_Handler  stm32f10x_it.o
    0x080008da   0x00000002   PAD
    0x080008dc   0x00000080   Code   RO          479    i.DMA1_Channel1_IRQHandler  dma.o
    0x0800095c   0x00000018   Code   RO         1320    i.DMA_ClearITPendingBit  stm32f10x_dma.o
    0x08000974   0x0000001a   Code   RO         1321    i.DMA_Cmd           stm32f10x_dma.o
    0x0800098e   0x00000002   PAD
    0x08000990   0x000000f8   Code   RO         1322    i.DMA_DeInit        stm32f10x_dma.o
    0x08000a88   0x00000024   Code   RO         1325    i.DMA_GetITStatus   stm32f10x_dma.o
    0x08000aac   0x00000014   Code   RO         1326    i.DMA_ITConfig      stm32f10x_dma.o
    0x08000ac0   0x0000003a   Code   RO         1327    i.DMA_Init          stm32f10x_dma.o
    0x08000afa   0x00000002   PAD
    0x08000afc   0x0000005c   Code   RO          480    i.DMAx_Mode_Config  dma.o
    0x08000b58   0x00000034   Code   RO          481    i.DMAx_NVIC_Config  dma.o
    0x08000b8c   0x00000002   Code   RO          158    i.DebugMon_Handler  stm32f10x_it.o
    0x08000b8e   0x00000002   PAD
    0x08000b90   0x000000e4   Code   RO          551    i.FindPV            findpeak.o
    0x08000c74   0x000000a6   Code   RO         1745    i.GPIO_Init         stm32f10x_gpio.o
    0x08000d1a   0x00000002   Code   RO          159    i.HardFault_Handler  stm32f10x_it.o
    0x08000d1c   0x000001dc   Code   RO          528    i.Heart_filter      filter.o
    0x08000ef8   0x00000002   Code   RO          160    i.MemManage_Handler  stm32f10x_it.o
    0x08000efa   0x00000002   Code   RO          161    i.NMI_Handler       stm32f10x_it.o
    0x08000efc   0x00000064   Code   RO          594    i.NVIC_Init         misc.o
    0x08000f60   0x00000014   Code   RO          595    i.NVIC_PriorityGroupConfig  misc.o
    0x08000f74   0x0000002c   Code   RO          424    i.PWRInit           fs800.o
    0x08000fa0   0x00000002   Code   RO          162    i.PendSV_Handler    stm32f10x_it.o
    0x08000fa2   0x00000002   PAD
    0x08000fa4   0x00000014   Code   RO         2159    i.RCC_ADCCLKConfig  stm32f10x_rcc.o
    0x08000fb8   0x0000001c   Code   RO         2160    i.RCC_AHBPeriphClockCmd  stm32f10x_rcc.o
    0x08000fd4   0x0000001c   Code   RO         2161    i.RCC_APB1PeriphClockCmd  stm32f10x_rcc.o
    0x08000ff0   0x0000001c   Code   RO         2163    i.RCC_APB2PeriphClockCmd  stm32f10x_rcc.o
    0x0800100c   0x0000001c   Code   RO         2164    i.RCC_APB2PeriphResetCmd  stm32f10x_rcc.o
    0x08001028   0x000000ac   Code   RO         2171    i.RCC_GetClocksFreq  stm32f10x_rcc.o
    0x080010d4   0x00000002   Code   RO          163    i.SVC_Handler       stm32f10x_it.o
    0x080010d6   0x00000002   PAD
    0x080010d8   0x0000003c   Code   RO            2    i.Send_Data_To_PC   main.o
    0x08001114   0x00000004   Code   RO          220    i.SetSysClock       system_stm32f10x.o
    0x08001118   0x000000b0   Code   RO          221    i.SetSysClockTo72   system_stm32f10x.o
    0x080011c8   0x0000001c   Code   RO          598    i.SysTick_CLKSourceConfig  misc.o
    0x080011e4   0x00000002   Code   RO          164    i.SysTick_Handler   stm32f10x_it.o
    0x080011e6   0x00000002   PAD
    0x080011e8   0x00000050   Code   RO          223    i.SystemInit        system_stm32f10x.o
    0x08001238   0x00000060   Code   RO          460    i.TIM3Init          tim3.o
    0x08001298   0x00000030   Code   RO          461    i.TIM3_IRQHandler   tim3.o
    0x080012c8   0x00000006   Code   RO         2790    i.TIM_ClearITPendingBit  stm32f10x_tim.o
    0x080012ce   0x00000018   Code   RO         2795    i.TIM_Cmd           stm32f10x_tim.o
    0x080012e6   0x00000018   Code   RO         2816    i.TIM_GetITStatus   stm32f10x_tim.o
    0x080012fe   0x00000014   Code   RO         2820    i.TIM_ITConfig      stm32f10x_tim.o
    0x08001312   0x00000002   PAD
    0x08001314   0x0000009c   Code   RO         2866    i.TIM_TimeBaseInit  stm32f10x_tim.o
    0x080013b0   0x00000058   Code   RO          352    i.USART1_IRQHandler  usart.o
    0x08001408   0x0000005c   Code   RO          353    i.USART2_IRQHandler  usart.o
    0x08001464   0x00000018   Code   RO         3331    i.USART_Cmd         stm32f10x_usart.o
    0x0800147c   0x0000000e   Code   RO         3334    i.USART_GetFlagStatus  stm32f10x_usart.o
    0x0800148a   0x00000040   Code   RO         3335    i.USART_GetITStatus  stm32f10x_usart.o
    0x080014ca   0x00000036   Code   RO         3337    i.USART_ITConfig    stm32f10x_usart.o
    0x08001500   0x000000bc   Code   RO         3338    i.USART_Init        stm32f10x_usart.o
    0x080015bc   0x00000008   Code   RO         3345    i.USART_ReceiveData  stm32f10x_usart.o
    0x080015c4   0x00000018   Code   RO          354    i.USART_SendChar    usart.o
    0x080015dc   0x00000008   Code   RO         3348    i.USART_SendData    stm32f10x_usart.o
    0x080015e4   0x00000018   Code   RO          356    i.USART_SendString  usart.o
    0x080015fc   0x00000002   Code   RO          165    i.UsageFault_Handler  stm32f10x_it.o
    0x080015fe   0x00000002   Code   RO          357    i._sys_exit         usart.o
    0x08001600   0x0000003c   Code   RO          272    i.delay_init        delay.o
    0x0800163c   0x00000184   Code   RO          552    i.get_breath        findpeak.o
    0x080017c0   0x00000184   Code   RO          553    i.get_heart         findpeak.o
    0x08001944   0x00000044   Code   RO          554    i.initialFindPV     findpeak.o
    0x08001988   0x00000248   Code   RO            4    i.main              main.o
    0x08001bd0   0x000000a4   Code   RO          359    i.uart2_init        usart.o
    0x08001c74   0x000000a0   Code   RO          360    i.uart_init         usart.o
    0x08001d14   0x00000062   Code   RO         3599    x$fpl$d2f           fz_ws.l(d2f.o)
    0x08001d76   0x00000002   PAD
    0x08001d78   0x00000150   Code   RO         3601    x$fpl$dadd          fz_ws.l(daddsub_clz.o)
    0x08001ec8   0x000002b0   Code   RO         3608    x$fpl$ddiv          fz_ws.l(ddiv.o)
    0x08002178   0x0000002e   Code   RO         3612    x$fpl$dflt          fz_ws.l(dflt_clz.o)
    0x080021a6   0x00000002   PAD
    0x080021a8   0x00000154   Code   RO         3617    x$fpl$dmul          fz_ws.l(dmul.o)
    0x080022fc   0x0000009c   Code   RO         3655    x$fpl$dnaninf       fz_ws.l(dnaninf.o)
    0x08002398   0x0000000c   Code   RO         3657    x$fpl$dretinf       fz_ws.l(dretinf.o)
    0x080023a4   0x000001d4   Code   RO         3603    x$fpl$dsub          fz_ws.l(daddsub_clz.o)
    0x08002578   0x00000056   Code   RO         3619    x$fpl$f2d           fz_ws.l(f2d.o)
    0x080025ce   0x00000002   PAD
    0x080025d0   0x000000c4   Code   RO         3621    x$fpl$fadd          fz_ws.l(faddsub_clz.o)
    0x08002694   0x00000018   Code   RO         3683    x$fpl$fcmpinf       fz_ws.l(fcmpi.o)
    0x080026ac   0x00000184   Code   RO         3628    x$fpl$fdiv          fz_ws.l(fdiv.o)
    0x08002830   0x00000036   Code   RO         3631    x$fpl$ffix          fz_ws.l(ffix.o)
    0x08002866   0x00000002   PAD
    0x08002868   0x00000030   Code   RO         3636    x$fpl$fflt          fz_ws.l(fflt_clz.o)
    0x08002898   0x00000026   Code   RO         3635    x$fpl$ffltu         fz_ws.l(fflt_clz.o)
    0x080028be   0x00000002   PAD
    0x080028c0   0x00000068   Code   RO         3659    x$fpl$fleqf         fz_ws.l(fleqf.o)
    0x08002928   0x00000102   Code   RO         3641    x$fpl$fmul          fz_ws.l(fmul.o)
    0x08002a2a   0x0000008c   Code   RO         3661    x$fpl$fnaninf       fz_ws.l(fnaninf.o)
    0x08002ab6   0x0000000a   Code   RO         3663    x$fpl$fretinf       fz_ws.l(fretinf.o)
    0x08002ac0   0x00000062   Code   RO         3643    x$fpl$frleqf        fz_ws.l(frleqf.o)
    0x08002b22   0x00000002   PAD
    0x08002b24   0x000000ea   Code   RO         3623    x$fpl$fsub          fz_ws.l(faddsub_clz.o)
    0x08002c0e   0x00000000   Code   RO         3665    x$fpl$usenofp       fz_ws.l(usenofp.o)
    0x08002c0e   0x00000002   PAD
    0x08002c10   0x00000020   Data   RO         3818    Region$$Table       anon$$obj.o


    Execution Region ER_RW (Base: 0x20000000, Size: 0x000000a4, Max: 0xffffffff, ABSOLUTE)

    Base Addr    Size         Type   Attr      Idx    E Section Name        Object

    0x20000000   0x0000000c   Data   RW            6    .data               main.o
    0x2000000c   0x00000014   Data   RW          224    .data               system_stm32f10x.o
    0x20000020   0x00000004   Data   RW          275    .data               delay.o
    0x20000024   0x00000001   Data   RW          362    .data               usart.o
    0x20000025   0x00000003   PAD
    0x20000028   0x00000014   Data   RW          484    .data               dma.o
    0x2000003c   0x00000054   Data   RW          529    .data               filter.o
    0x20000090   0x00000014   Data   RW         2191    .data               stm32f10x_rcc.o


    Execution Region ER_ZI (Base: 0x200000a4, Size: 0x00008f24, Max: 0xffffffff, ABSOLUTE)

    Base Addr    Size         Type   Attr      Idx    E Section Name        Object

    0x200000a4   0x00005dc8   Zero   RW            5    .bss                main.o
    0x20005e6c   0x000000c8   Zero   RW          361    .bss                usart.o
    0x20005f34   0x000012c0   Zero   RW          483    .bss                dma.o
    0x200071f4   0x00001770   Zero   RW          555    .bss                findpeak.o
    0x20008964   0x00000060   Zero   RW         3696    .bss                c_w.l(libspace.o)
    0x200089c4   0x00000004   PAD
    0x200089c8   0x00000200   Zero   RW          266    HEAP                startup_stm32f10x_hd.o
    0x20008bc8   0x00000400   Zero   RW          265    STACK               startup_stm32f10x_hd.o


==============================================================================

Image component sizes


      Code (inc. data)   RO Data    RW Data    ZI Data      Debug   Object Name

       184          8          0          0          0       1015   ad.o
         0          0          0          0          0         32   core_cm3.o
        60         14          0          4          0     214361   delay.o
       320         42          0         20       4800       2856   dma.o
       952          8          0         84          0       1891   filter.o
      1072         70          0          0       6000       5134   findpeak.o
        44          4          0          0          0        450   fs800.o
       644        384          0         12      24008      60304   main.o
       148         14          0          0          0       1945   misc.o
        64         26        304          0       1536        780   startup_stm32f10x_hd.o
       408         22          0          0          0       7902   stm32f10x_adc.o
       412         28          0          0          0       5171   stm32f10x_dma.o
       166          0          0          0          0       1932   stm32f10x_gpio.o
        18          0          0          0          0       3478   stm32f10x_it.o
       304         48          0         20          0       5982   stm32f10x_rcc.o
       230         42          0          0          0       3442   stm32f10x_tim.o
       360          6          0          0          0       6137   stm32f10x_usart.o
       260         26          0         20          0       1929   system_stm32f10x.o
       144         14          0          0          0        989   tim3.o
       554         50          0          1        200       5809   usart.o

    ----------------------------------------------------------------------
      6360        806        336        164      36544     331539   Object Totals
         0          0         32          0          0          0   (incl. Generated)
        16          0          0          3          0          0   (incl. Padding)

    ----------------------------------------------------------------------

      Code (inc. data)   RO Data    RW Data    ZI Data      Debug   Library Member Name

         8          0          0          0          0         68   __main.o
       104          0          0          0          0         84   __printf.o
         0          0          0          0          0          0   __rtentry.o
        12          0          0          0          0          0   __rtentry2.o
         6          0          0          0          0          0   __rtentry4.o
        52          8          0          0          0          0   __scatter.o
        26          0          0          0          0          0   __scatter_copy.o
        28          0          0          0          0          0   __scatter_zi.o
        48          6          0          0          0         96   _printf_char_common.o
         6          0          0          0          0          0   _printf_d.o
       120         16          0          0          0         92   _printf_dec.o
       178          0          0          0          0         88   _printf_intcommon.o
         0          0          0          0          0          0   _printf_percent.o
         4          0          0          0          0          0   _printf_percent_end.o
        10          0          0          0          0         68   _sputc.o
        18          0          0          0          0         80   exit.o
         6          0          0          0          0        152   heapauxi.o
         2          0          0          0          0          0   libinit.o
         2          0          0          0          0          0   libinit2.o
         2          0          0          0          0          0   libshutdown.o
         2          0          0          0          0          0   libshutdown2.o
         8          4          0          0         96         68   libspace.o
        40          6          0          0          0         84   noretval__2sprintf.o
         2          0          0          0          0          0   rtexit.o
        10          0          0          0          0          0   rtexit2.o
        74          0          0          0          0         80   sys_stackheap_outer.o
         2          0          0          0          0         68   use_no_semi.o
         2          0          0          0          0         68   use_no_semi_2.o
        98          4          0          0          0         92   d2f.o
       804         16          0          0          0        272   daddsub_clz.o
       688        140          0          0          0        208   ddiv.o
        46          0          0          0          0         68   dflt_clz.o
       340         12          0          0          0        104   dmul.o
       156          4          0          0          0         92   dnaninf.o
        12          0          0          0          0         68   dretinf.o
        86          4          0          0          0         84   f2d.o
       430          8          0          0          0        168   faddsub_clz.o
        24          0          0          0          0         68   fcmpi.o
       388         76          0          0          0         96   fdiv.o
        54          4          0          0          0         84   ffix.o
        86          0          0          0          0        136   fflt_clz.o
       104          4          0          0          0         84   fleqf.o
       258          4          0          0          0         84   fmul.o
       140          4          0          0          0         84   fnaninf.o
        10          0          0          0          0         68   fretinf.o
        98          0          0          0          0         68   frleqf.o
         0          0          0          0          0          0   usenofp.o

    ----------------------------------------------------------------------
      4616        320          0          0        100       3024   Library Totals
        22          0          0          0          4          0   (incl. Padding)

    ----------------------------------------------------------------------

      Code (inc. data)   RO Data    RW Data    ZI Data      Debug   Library Name

       772         40          0          0         96       1096   c_w.l
      3822        280          0          0          0       1928   fz_ws.l

    ----------------------------------------------------------------------
      4616        320          0          0        100       3024   Library Totals

    ----------------------------------------------------------------------

==============================================================================


      Code (inc. data)   RO Data    RW Data    ZI Data      Debug   

     10976       1126        336        164      36644     329359   Grand Totals
     10976       1126        336        164      36644     329359   ELF Image Totals
     10976       1126        336        164          0          0   ROM Totals

==============================================================================

    Total RO  Size (Code + RO Data)                11312 (  11.05kB)
    Total RW  Size (RW Data + ZI Data)             36808 (  35.95kB)
    Total ROM Size (Code + RO Data + RW Data)      11476 (  11.21kB)

==============================================================================

