Component: ARM Compiler 5.06 update 3 (build 300) Tool: armlink [4d35c9]

==============================================================================

Section Cross References

    main.o(i.main) refers to misc.o(i.NVIC_PriorityGroupConfig) for NVIC_PriorityGroupConfig
    main.o(i.main) refers to delay.o(i.delay_init) for delay_init
    main.o(i.main) refers to fs800.o(i.PWRInit) for PWRInit
    main.o(i.main) refers to ad.o(i.ADCIOInit) for ADCIOInit
    main.o(i.main) refers to nvic.o(i.NVICInit) for NVICInit
    main.o(i.main) refers to tim3.o(i.TIM3Init) for TIM3Init
    main.o(i.main) refers to usart.o(i.uart_init) for uart_init
    main.o(i.main) refers to usart.o(i.uart2_init) for uart2_init
    main.o(i.main) refers to stm32f10x_gpio.o(i.GPIO_SetBits) for GPIO_SetBits
    main.o(i.main) refers to delay.o(i.delay_ms) for delay_ms
    main.o(i.main) refers to stm32f10x_gpio.o(i.GPIO_ResetBits) for GPIO_ResetBits
    main.o(i.main) refers to stm32f10x_usart.o(i.USART_SendData) for USART_SendData
    system_stm32f10x.o(i.SetSysClock) refers to system_stm32f10x.o(i.SetSysClockTo72) for SetSysClockTo72
    system_stm32f10x.o(i.SystemCoreClockUpdate) refers to system_stm32f10x.o(.data) for .data
    system_stm32f10x.o(i.SystemInit) refers to system_stm32f10x.o(i.SetSysClock) for SetSysClock
    startup_stm32f10x_md.o(STACK) refers (Special) to heapauxi.o(.text) for __use_two_region_memory
    startup_stm32f10x_md.o(HEAP) refers (Special) to heapauxi.o(.text) for __use_two_region_memory
    startup_stm32f10x_md.o(RESET) refers (Special) to heapauxi.o(.text) for __use_two_region_memory
    startup_stm32f10x_md.o(RESET) refers to startup_stm32f10x_md.o(STACK) for __initial_sp
    startup_stm32f10x_md.o(RESET) refers to startup_stm32f10x_md.o(.text) for Reset_Handler
    startup_stm32f10x_md.o(RESET) refers to stm32f10x_it.o(i.NMI_Handler) for NMI_Handler
    startup_stm32f10x_md.o(RESET) refers to stm32f10x_it.o(i.HardFault_Handler) for HardFault_Handler
    startup_stm32f10x_md.o(RESET) refers to stm32f10x_it.o(i.MemManage_Handler) for MemManage_Handler
    startup_stm32f10x_md.o(RESET) refers to stm32f10x_it.o(i.BusFault_Handler) for BusFault_Handler
    startup_stm32f10x_md.o(RESET) refers to stm32f10x_it.o(i.UsageFault_Handler) for UsageFault_Handler
    startup_stm32f10x_md.o(RESET) refers to stm32f10x_it.o(i.SVC_Handler) for SVC_Handler
    startup_stm32f10x_md.o(RESET) refers to stm32f10x_it.o(i.DebugMon_Handler) for DebugMon_Handler
    startup_stm32f10x_md.o(RESET) refers to stm32f10x_it.o(i.PendSV_Handler) for PendSV_Handler
    startup_stm32f10x_md.o(RESET) refers to stm32f10x_it.o(i.SysTick_Handler) for SysTick_Handler
    startup_stm32f10x_md.o(RESET) refers to tim3.o(i.TIM3_IRQHandler) for TIM3_IRQHandler
    startup_stm32f10x_md.o(RESET) refers to usart.o(i.USART1_IRQHandler) for USART1_IRQHandler
    startup_stm32f10x_md.o(RESET) refers to usart.o(i.USART2_IRQHandler) for USART2_IRQHandler
    startup_stm32f10x_md.o(.text) refers (Special) to heapauxi.o(.text) for __use_two_region_memory
    startup_stm32f10x_md.o(.text) refers to system_stm32f10x.o(i.SystemInit) for SystemInit
    startup_stm32f10x_md.o(.text) refers to __main.o(!!!main) for __main
    startup_stm32f10x_md.o(.text) refers to startup_stm32f10x_md.o(HEAP) for Heap_Mem
    startup_stm32f10x_md.o(.text) refers to startup_stm32f10x_md.o(STACK) for Stack_Mem
    delay.o(i.delay_init) refers to misc.o(i.SysTick_CLKSourceConfig) for SysTick_CLKSourceConfig
    delay.o(i.delay_init) refers to system_stm32f10x.o(.data) for SystemCoreClock
    delay.o(i.delay_init) refers to delay.o(.data) for .data
    delay.o(i.delay_ms) refers to delay.o(.data) for .data
    delay.o(i.delay_us) refers to delay.o(.data) for .data
    usart.o(i.USART1_IRQHandler) refers (Special) to use_no_semi_2.o(.text) for __use_no_semihosting
    usart.o(i.USART1_IRQHandler) refers to stm32f10x_usart.o(i.USART_GetITStatus) for USART_GetITStatus
    usart.o(i.USART1_IRQHandler) refers to stm32f10x_usart.o(i.USART_ReceiveData) for USART_ReceiveData
    usart.o(i.USART1_IRQHandler) refers to usart.o(.data) for .data
    usart.o(i.USART1_IRQHandler) refers to usart.o(.bss) for .bss
    usart.o(i.USART2_IRQHandler) refers (Special) to use_no_semi_2.o(.text) for __use_no_semihosting
    usart.o(i.USART2_IRQHandler) refers to stm32f10x_usart.o(i.USART_GetITStatus) for USART_GetITStatus
    usart.o(i.USART2_IRQHandler) refers to stm32f10x_usart.o(i.USART_ReceiveData) for USART_ReceiveData
    usart.o(i.USART2_IRQHandler) refers to stm32f10x_usart.o(i.USART_SendData) for USART_SendData
    usart.o(i.USART2_IRQHandler) refers to stm32f10x_usart.o(i.USART_GetFlagStatus) for USART_GetFlagStatus
    usart.o(i.USART2_IRQHandler) refers to usart.o(.data) for .data
    usart.o(i.USART2_IRQHandler) refers to usart.o(.bss) for .bss
    usart.o(i.USART_SendString) refers (Special) to use_no_semi_2.o(.text) for __use_no_semihosting
[...]
    libinit.o(.ARM.Collect$$libinit$$00000000) refers (Special) to libinit2.o(.ARM.Collect$$libinit$$00000030) for __rt_lib_init_exceptions_1
    libinit.o(.ARM.Collect$$libinit$$00000000) refers (Special) to libinit2.o(.ARM.Collect$$libinit$$00000002) for __rt_lib_init_fp_1
    libinit.o(.ARM.Collect$$libinit$$00000000) refers (Special) to libinit2.o(.ARM.Collect$$libinit$$0000001F) for __rt_lib_init_fp_trap_1
    libinit.o(.ARM.Collect$$libinit$$00000000) refers (Special) to libinit2.o(.ARM.Collect$$libinit$$00000023) for __rt_lib_init_getenv_1
    libinit.o(.ARM.Collect$$libinit$$00000000) refers (Special) to libinit2.o(.ARM.Collect$$libinit$$0000000A) for __rt_lib_init_heap_1
    libinit.o(.ARM.Collect$$libinit$$00000000) refers (Special) to libinit2.o(.ARM.Collect$$libinit$$00000011) for __rt_lib_init_lc_collate_1
    libinit.o(.ARM.Collect$$libinit$$00000000) refers (Special) to libinit2.o(.ARM.Collect$$libinit$$00000013) for __rt_lib_init_lc_ctype_1
    libinit.o(.ARM.Collect$$libinit$$00000000) refers (Special) to libinit2.o(.ARM.Collect$$libinit$$00000015) for __rt_lib_init_lc_monetary_1
    libinit.o(.ARM.Collect$$libinit$$00000000) refers (Special) to libinit2.o(.ARM.Collect$$libinit$$00000017) for __rt_lib_init_lc_numeric_1
    libinit.o(.ARM.Collect$$libinit$$00000000) refers (Special) to libinit2.o(.ARM.Collect$$libinit$$00000019) for __rt_lib_init_lc_time_1
    libinit.o(.ARM.Collect$$libinit$$00000000) refers (Special) to libinit2.o(.ARM.Collect$$libinit$$00000004) for __rt_lib_init_preinit_1
    libinit.o(.ARM.Collect$$libinit$$00000000) refers (Special) to libinit2.o(.ARM.Collect$$libinit$$0000000E) for __rt_lib_init_rand_1
    libinit.o(.ARM.Collect$$libinit$$00000000) refers (Special) to libinit2.o(.ARM.Collect$$libinit$$00000033) for __rt_lib_init_return
    libinit.o(.ARM.Collect$$libinit$$00000000) refers (Special) to libinit2.o(.ARM.Collect$$libinit$$0000001D) for __rt_lib_init_signal_1
    libinit.o(.ARM.Collect$$libinit$$00000000) refers (Special) to libinit2.o(.ARM.Collect$$libinit$$00000025) for __rt_lib_init_stdio_1
    libinit.o(.ARM.Collect$$libinit$$00000000) refers (Special) to libinit2.o(.ARM.Collect$$libinit$$0000000C) for __rt_lib_init_user_alloc_1
    libspace.o(.text) refers to libspace.o(.bss) for __libspace_start
    rtexit.o(.ARM.Collect$$rtexit$$00000000) refers (Special) to rtexit2.o(.ARM.Collect$$rtexit$$00000004) for __rt_exit_exit
    rtexit.o(.ARM.Collect$$rtexit$$00000000) refers (Special) to rtexit2.o(.ARM.Collect$$rtexit$$00000003) for __rt_exit_ls
    rtexit.o(.ARM.Collect$$rtexit$$00000000) refers (Special) to rtexit2.o(.ARM.Collect$$rtexit$$00000002) for __rt_exit_prels_1
    rtexit.o(.ARM.exidx) refers (Special) to rtexit2.o(.ARM.Collect$$rtexit$$00000004) for __rt_exit_exit
    rtexit.o(.ARM.exidx) refers (Special) to rtexit2.o(.ARM.Collect$$rtexit$$00000003) for __rt_exit_ls
    rtexit.o(.ARM.exidx) refers (Special) to rtexit2.o(.ARM.Collect$$rtexit$$00000002) for __rt_exit_prels_1
    rtexit.o(.ARM.exidx) refers to rtexit.o(.ARM.Collect$$rtexit$$00000000) for .ARM.Collect$$rtexit$$00000000
    libinit2.o(.ARM.Collect$$libinit$$00000010) refers to libinit2.o(.ARM.Collect$$libinit$$0000000F) for .ARM.Collect$$libinit$$0000000F
    libinit2.o(.ARM.Collect$$libinit$$00000012) refers to libinit2.o(.ARM.Collect$$libinit$$0000000F) for .ARM.Collect$$libinit$$0000000F
    libinit2.o(.ARM.Collect$$libinit$$00000014) refers to libinit2.o(.ARM.Collect$$libinit$$0000000F) for .ARM.Collect$$libinit$$0000000F
    libinit2.o(.ARM.Collect$$libinit$$00000016) refers to libinit2.o(.ARM.Collect$$libinit$$0000000F) for .ARM.Collect$$libinit$$0000000F
    libinit2.o(.ARM.Collect$$libinit$$00000018) refers to libinit2.o(.ARM.Collect$$libinit$$0000000F) for .ARM.Collect$$libinit$$0000000F
    libinit2.o(.ARM.Collect$$libinit$$00000026) refers to argv_veneer.o(.emb_text) for __ARM_argv_veneer
    libinit2.o(.ARM.Collect$$libinit$$00000027) refers to argv_veneer.o(.emb_text) for __ARM_argv_veneer
    rtexit2.o(.ARM.Collect$$rtexit$$00000003) refers to libshutdown.o(.ARM.Collect$$libshutdown$$00000000) for __rt_lib_shutdown
    rtexit2.o(.ARM.Collect$$rtexit$$00000004) refers to usart.o(i._sys_exit) for _sys_exit
    rtexit2.o(.ARM.exidx) refers to rtexit2.o(.ARM.Collect$$rtexit$$00000001) for .ARM.Collect$$rtexit$$00000001
    rtexit2.o(.ARM.exidx) refers to rtexit2.o(.ARM.Collect$$rtexit$$00000003) for .ARM.Collect$$rtexit$$00000003
    rtexit2.o(.ARM.exidx) refers to rtexit2.o(.ARM.Collect$$rtexit$$00000004) for .ARM.Collect$$rtexit$$00000004
    argv_veneer.o(.emb_text) refers to no_argv.o(.text) for __ARM_get_argv
    _get_argv_nomalloc.o(.text) refers (Special) to hrguard.o(.text) for __heap_region$guard
    _get_argv_nomalloc.o(.text) refers to defsig_rtmem_outer.o(.text) for __rt_SIGRTMEM
    _get_argv_nomalloc.o(.text) refers to sys_command.o(.text) for _sys_command_string
    libshutdown.o(.ARM.Collect$$libshutdown$$00000000) refers (Special) to libshutdown2.o(.ARM.Collect$$libshutdown$$00000002) for __rt_lib_shutdown_cpp_1
    libshutdown.o(.ARM.Collect$$libshutdown$$00000000) refers (Special) to libshutdown2.o(.ARM.Collect$$libshutdown$$00000007) for __rt_lib_shutdown_fp_trap_1
    libshutdown.o(.ARM.Collect$$libshutdown$$00000000) refers (Special) to libshutdown2.o(.ARM.Collect$$libshutdown$$0000000F) for __rt_lib_shutdown_heap_1
    libshutdown.o(.ARM.Collect$$libshutdown$$00000000) refers (Special) to libshutdown2.o(.ARM.Collect$$libshutdown$$00000010) for __rt_lib_shutdown_return
    libshutdown.o(.ARM.Collect$$libshutdown$$00000000) refers (Special) to libshutdown2.o(.ARM.Collect$$libshutdown$$0000000A) for __rt_lib_shutdown_signal_1
    libshutdown.o(.ARM.Collect$$libshutdown$$00000000) refers (Special) to libshutdown2.o(.ARM.Collect$$libshutdown$$00000004) for __rt_lib_shutdown_stdio_1
    libshutdown.o(.ARM.Collect$$libshutdown$$00000000) refers (Special) to libshutdown2.o(.ARM.Collect$$libshutdown$$0000000C) for __rt_lib_shutdown_user_alloc_1
    sys_command.o(.text) refers (Special) to use_no_semi.o(.text) for __I$use$semihosting
    sys_command.o(.text) refers (Special) to indicate_semi.o(.text) for __semihosting_library_function
    defsig_rtmem_outer.o(.text) refers to defsig_rtmem_inner.o(.text) for __rt_SIGRTMEM_inner
    defsig_rtmem_outer.o(.text) refers to defsig_exit.o(.text) for __sig_exit
    defsig_rtmem_formal.o(.text) refers to rt_raise.o(.text) for __rt_raise
    rt_raise.o(.text) refers to __raise.o(.text) for __raise
    rt_raise.o(.text) refers to usart.o(i._sys_exit) for _sys_exit
    defsig_exit.o(.text) refers to usart.o(i._sys_exit) for _sys_exit
    defsig_rtmem_inner.o(.text) refers to defsig_general.o(.text) for __default_signal_display
    __raise.o(.text) refers to defsig.o(CL$$defsig) for __default_signal_handler
    defsig_general.o(.text) refers to sys_wrch.o(.text) for _ttywrch
    sys_wrch.o(.text) refers (Special) to use_no_semi.o(.text) for __I$use$semihosting
    sys_wrch.o(.text) refers (Special) to indicate_semi.o(.text) for __semihosting_library_function
    defsig.o(CL$$defsig) refers to defsig_rtmem_inner.o(.text) for __rt_SIGRTMEM_inner
    defsig_abrt_inner.o(.text) refers to defsig_general.o(.text) for __default_signal_display
    defsig_fpe_inner.o(.text) refers to defsig_general.o(.text) for __default_signal_display
    defsig_rtred_inner.o(.text) refers to defsig_general.o(.text) for __default_signal_display
    defsig_stak_inner.o(.text) refers to defsig_general.o(.text) for __default_signal_display
    defsig_pvfn_inner.o(.text) refers to defsig_general.o(.text) for __default_signal_display
    defsig_cppl_inner.o(.text) refers to defsig_general.o(.text) for __default_signal_display
    defsig_segv_inner.o(.text) refers to defsig_general.o(.text) for __default_signal_display
    defsig_other.o(.text) refers to defsig_general.o(.text) for __default_signal_display


==============================================================================

Removing Unused input sections from the image.

    Removing main.o(i.Delay), (12 bytes).
    Removing system_stm32f10x.o(i.SystemCoreClockUpdate), (124 bytes).
    Removing core_cm3.o(.emb_text), (32 bytes).
    Removing delay.o(i.delay_us), (52 bytes).
    Removing sys.o(.emb_text), (6 bytes).
    Removing sys.o(i.INTX_DISABLE), (4 bytes).
    Removing sys.o(i.INTX_ENABLE), (4 bytes).
    Removing sys.o(i.WFI_SET), (4 bytes).
    Removing usart.o(i.USART_SendString), (38 bytes).
    Removing usart.o(i.fputc), (24 bytes).
    Removing usart.o(.data), (4 bytes).
    Removing misc.o(i.NVIC_SetVectorTable), (20 bytes).
    Removing misc.o(i.NVIC_SystemLPConfig), (28 bytes).
    Removing stm32f10x_adc.o(i.ADC_AnalogWatchdogCmd), (16 bytes).
    Removing stm32f10x_adc.o(i.ADC_AnalogWatchdogSingleChannelConfig), (12 bytes).
    Removing stm32f10x_adc.o(i.ADC_AnalogWatchdogThresholdsConfig), (6 bytes).
    Removing stm32f10x_adc.o(i.ADC_AutoInjectedConvCmd), (24 bytes).
    Removing stm32f10x_adc.o(i.ADC_ClearFlag), (6 bytes).
    Removing stm32f10x_adc.o(i.ADC_ClearITPendingBit), (8 bytes).
    Removing stm32f10x_adc.o(i.ADC_Cmd), (24 bytes).
    Removing stm32f10x_adc.o(i.ADC_DMACmd), (24 bytes).
    Removing stm32f10x_adc.o(i.ADC_DeInit), (100 bytes).
    Removing stm32f10x_adc.o(i.ADC_DiscModeChannelCountConfig), (16 bytes).
    Removing stm32f10x_adc.o(i.ADC_DiscModeCmd), (24 bytes).
    Removing stm32f10x_adc.o(i.ADC_ExternalTrigConvCmd), (24 bytes).
    Removing stm32f10x_adc.o(i.ADC_ExternalTrigInjectedConvCmd), (24 bytes).
    Removing stm32f10x_adc.o(i.ADC_ExternalTrigInjectedConvConfig), (12 bytes).
    Removing stm32f10x_adc.o(i.ADC_GetCalibrationStatus), (14 bytes).
    Removing stm32f10x_adc.o(i.ADC_GetConversionValue), (6 bytes).
    Removing stm32f10x_adc.o(i.ADC_GetDualModeConversionValue), (12 bytes).
    Removing stm32f10x_adc.o(i.ADC_GetFlagStatus), (14 bytes).
    Removing stm32f10x_adc.o(i.ADC_GetITStatus), (28 bytes).
    Removing stm32f10x_adc.o(i.ADC_GetInjectedConversionValue), (20 bytes).
    Removing stm32f10x_adc.o(i.ADC_GetResetCalibrationStatus), (14 bytes).
    Removing stm32f10x_adc.o(i.ADC_GetSoftwareStartConvStatus), (14 bytes).
    Removing stm32f10x_adc.o(i.ADC_GetSoftwareStartInjectedConvCmdStatus), (14 bytes).
    Removing stm32f10x_adc.o(i.ADC_ITConfig), (22 bytes).
    Removing stm32f10x_adc.o(i.ADC_Init), (72 bytes).
    Removing stm32f10x_adc.o(i.ADC_InjectedChannelConfig), (74 bytes).
    Removing stm32f10x_adc.o(i.ADC_InjectedDiscModeCmd), (24 bytes).
    Removing stm32f10x_adc.o(i.ADC_InjectedSequencerLengthConfig), (16 bytes).
    Removing stm32f10x_adc.o(i.ADC_RegularChannelConfig), (116 bytes).
    Removing stm32f10x_adc.o(i.ADC_ResetCalibration), (10 bytes).
    Removing stm32f10x_adc.o(i.ADC_SetInjectedOffset), (16 bytes).
    Removing stm32f10x_adc.o(i.ADC_SoftwareStartConvCmd), (24 bytes).
    Removing stm32f10x_adc.o(i.ADC_SoftwareStartInjectedConvCmd), (24 bytes).
    Removing stm32f10x_adc.o(i.ADC_StartCalibration), (10 bytes).
    Removing stm32f10x_adc.o(i.ADC_StructInit), (18 bytes).
    Removing stm32f10x_adc.o(i.ADC_TempSensorVrefintCmd), (32 bytes).
    Removing stm32f10x_bkp.o(i.BKP_ClearFlag), (16 bytes).
    Removing stm32f10x_bkp.o(i.BKP_ClearITPendingBit), (16 bytes).
    Removing stm32f10x_bkp.o(i.BKP_DeInit), (18 bytes).
    Removing stm32f10x_bkp.o(i.BKP_GetFlagStatus), (12 bytes).
    Removing stm32f10x_bkp.o(i.BKP_GetITStatus), (12 bytes).
    Removing stm32f10x_bkp.o(i.BKP_ITConfig), (12 bytes).
    Removing stm32f10x_bkp.o(i.BKP_RTCOutputConfig), (20 bytes).
    Removing stm32f10x_bkp.o(i.BKP_ReadBackupRegister), (20 bytes).
    Removing stm32f10x_bkp.o(i.BKP_SetRTCCalibrationValue), (20 bytes).
    Removing stm32f10x_bkp.o(i.BKP_TamperPinCmd), (12 bytes).
    Removing stm32f10x_bkp.o(i.BKP_TamperPinLevelConfig), (12 bytes).
    Removing stm32f10x_bkp.o(i.BKP_WriteBackupRegister), (20 bytes).
    Removing stm32f10x_can.o(i.CAN_CancelTransmit), (42 bytes).
    Removing stm32f10x_can.o(i.CAN_ClearFlag), (48 bytes).
    Removing stm32f10x_can.o(i.CAN_ClearITPendingBit), (136 bytes).
    Removing stm32f10x_can.o(i.CAN_DBGFreeze), (24 bytes).
    Removing stm32f10x_can.o(i.CAN_DeInit), (56 bytes).
    Removing stm32f10x_can.o(i.CAN_FIFORelease), (24 bytes).
    Removing stm32f10x_can.o(i.CAN_FilterInit), (212 bytes).
    Removing stm32f10x_can.o(i.CAN_GetFlagStatus), (82 bytes).
    Removing stm32f10x_can.o(i.CAN_GetITStatus), (204 bytes).
    Removing stm32f10x_can.o(i.CAN_GetLSBTransmitErrorCounter), (8 bytes).
    Removing stm32f10x_can.o(i.CAN_GetLastErrorCode), (10 bytes).
    Removing stm32f10x_can.o(i.CAN_GetReceiveErrorCounter), (6 bytes).
    Removing stm32f10x_can.o(i.CAN_ITConfig), (20 bytes).
    Removing stm32f10x_can.o(i.CAN_Init), (260 bytes).
    Removing stm32f10x_can.o(i.CAN_MessagePending), (28 bytes).
    Removing stm32f10x_can.o(i.CAN_OperatingModeRequest), (154 bytes).
    Removing stm32f10x_can.o(i.CAN_Receive), (130 bytes).
    Removing stm32f10x_can.o(i.CAN_SlaveStartBank), (44 bytes).
    Removing stm32f10x_can.o(i.CAN_Sleep), (30 bytes).
    Removing stm32f10x_can.o(i.CAN_StructInit), (32 bytes).
    Removing stm32f10x_can.o(i.CAN_TTComModeCmd), (96 bytes).
    Removing stm32f10x_can.o(i.CAN_Transmit), (182 bytes).
    Removing stm32f10x_can.o(i.CAN_TransmitStatus), (136 bytes).
    Removing stm32f10x_can.o(i.CAN_WakeUp), (40 bytes).
    Removing stm32f10x_can.o(i.CheckITStatus), (12 bytes).
    Removing stm32f10x_cec.o(i.CEC_ClearFlag), (32 bytes).
    Removing stm32f10x_cec.o(i.CEC_ClearITPendingBit), (32 bytes).
    Removing stm32f10x_cec.o(i.CEC_Cmd), (28 bytes).
    Removing stm32f10x_cec.o(i.CEC_DeInit), (24 bytes).
    Removing stm32f10x_cec.o(i.CEC_EndOfMessageCmd), (12 bytes).
    Removing stm32f10x_cec.o(i.CEC_GetFlagStatus), (40 bytes).
    Removing stm32f10x_cec.o(i.CEC_GetITStatus), (36 bytes).
    Removing stm32f10x_cec.o(i.CEC_ITConfig), (12 bytes).
    Removing stm32f10x_cec.o(i.CEC_Init), (24 bytes).
    Removing stm32f10x_cec.o(i.CEC_OwnAddressConfig), (12 bytes).
    Removing stm32f10x_cec.o(i.CEC_ReceiveDataByte), (12 bytes).
    Removing stm32f10x_cec.o(i.CEC_SendDataByte), (12 bytes).
    Removing stm32f10x_cec.o(i.CEC_SetPrescaler), (12 bytes).
    Removing stm32f10x_cec.o(i.CEC_StartOfMessage), (12 bytes).
    Removing stm32f10x_crc.o(i.CRC_CalcBlockCRC), (28 bytes).
    Removing stm32f10x_crc.o(i.CRC_CalcCRC), (12 bytes).
    Removing stm32f10x_crc.o(i.CRC_GetCRC), (12 bytes).
    Removing stm32f10x_crc.o(i.CRC_GetIDRegister), (12 bytes).
    Removing stm32f10x_crc.o(i.CRC_ResetDR), (12 bytes).
    Removing stm32f10x_crc.o(i.CRC_SetIDRegister), (12 bytes).
    Removing stm32f10x_dac.o(i.DAC_Cmd), (32 bytes).
    Removing stm32f10x_dac.o(i.DAC_DMACmd), (32 bytes).
    Removing stm32f10x_dac.o(i.DAC_DeInit), (24 bytes).
    Removing stm32f10x_dac.o(i.DAC_DualSoftwareTriggerCmd), (32 bytes).
    Removing stm32f10x_dac.o(i.DAC_GetDataOutputValue), (24 bytes).
    Removing stm32f10x_dac.o(i.DAC_Init), (40 bytes).
    Removing stm32f10x_dac.o(i.DAC_SetChannel1Data), (20 bytes).
    Removing stm32f10x_dac.o(i.DAC_SetChannel2Data), (20 bytes).
    Removing stm32f10x_dac.o(i.DAC_SetDualChannelData), (28 bytes).
    Removing stm32f10x_dac.o(i.DAC_SoftwareTriggerCmd), (32 bytes).
    Removing stm32f10x_dac.o(i.DAC_StructInit), (12 bytes).
    Removing stm32f10x_dac.o(i.DAC_WaveGenerationCmd), (28 bytes).
    Removing stm32f10x_dbgmcu.o(i.DBGMCU_Config), (28 bytes).
    Removing stm32f10x_dbgmcu.o(i.DBGMCU_GetDEVID), (16 bytes).
    Removing stm32f10x_dbgmcu.o(i.DBGMCU_GetREVID), (12 bytes).
    Removing stm32f10x_dma.o(i.DMA_ClearFlag), (24 bytes).
    Removing stm32f10x_dma.o(i.DMA_ClearITPendingBit), (24 bytes).
    Removing stm32f10x_dma.o(i.DMA_Cmd), (26 bytes).
    Removing stm32f10x_dma.o(i.DMA_DeInit), (248 bytes).
    Removing stm32f10x_dma.o(i.DMA_GetCurrDataCounter), (6 bytes).
    Removing stm32f10x_dma.o(i.DMA_GetFlagStatus), (36 bytes).
    Removing stm32f10x_dma.o(i.DMA_GetITStatus), (36 bytes).
    Removing stm32f10x_dma.o(i.DMA_ITConfig), (20 bytes).
    Removing stm32f10x_dma.o(i.DMA_Init), (58 bytes).
    Removing stm32f10x_dma.o(i.DMA_SetCurrDataCounter), (4 bytes).
    Removing stm32f10x_dma.o(i.DMA_StructInit), (26 bytes).
    Removing stm32f10x_exti.o(i.EXTI_ClearFlag), (12 bytes).
    Removing stm32f10x_exti.o(i.EXTI_ClearITPendingBit), (12 bytes).
    Removing stm32f10x_exti.o(i.EXTI_DeInit), (36 bytes).
    Removing stm32f10x_exti.o(i.EXTI_GenerateSWInterrupt), (16 bytes).
    Removing stm32f10x_exti.o(i.EXTI_GetFlagStatus), (20 bytes).
    Removing stm32f10x_exti.o(i.EXTI_GetITStatus), (32 bytes).
    Removing stm32f10x_exti.o(i.EXTI_Init), (116 bytes).
    Removing stm32f10x_exti.o(i.EXTI_StructInit), (14 bytes).
    Removing stm32f10x_flash.o(i.FLASH_ClearFlag), (12 bytes).
    Removing stm32f10x_flash.o(i.FLASH_EnableWriteProtection), (172 bytes).
    Removing stm32f10x_flash.o(i.FLASH_EraseAllBank1Pages), (56 bytes).
    Removing stm32f10x_flash.o(i.FLASH_EraseAllPages), (56 bytes).
    Removing stm32f10x_flash.o(i.FLASH_EraseOptionBytes), (136 bytes).
    Removing stm32f10x_flash.o(i.FLASH_ErasePage), (60 bytes).
    Removing stm32f10x_flash.o(i.FLASH_GetBank1Status), (40 bytes).
    Removing stm32f10x_flash.o(i.FLASH_GetFlagStatus), (36 bytes).
    Removing stm32f10x_flash.o(i.FLASH_GetPrefetchBufferStatus), (20 bytes).
    Removing stm32f10x_flash.o(i.FLASH_GetReadOutProtectionStatus), (20 bytes).
    Removing stm32f10x_flash.o(i.FLASH_GetStatus), (40 bytes).
    Removing stm32f10x_flash.o(i.FLASH_GetUserOptionByte), (12 bytes).
    Removing stm32f10x_flash.o(i.FLASH_GetWriteProtectionOptionByte), (12 bytes).
    Removing stm32f10x_flash.o(i.FLASH_HalfCycleAccessCmd), (24 bytes).
    Removing stm32f10x_flash.o(i.FLASH_ITConfig), (28 bytes).
    Removing stm32f10x_flash.o(i.FLASH_Lock), (16 bytes).
    Removing stm32f10x_flash.o(i.FLASH_LockBank1), (16 bytes).
    Removing stm32f10x_flash.o(i.FLASH_PrefetchBufferCmd), (24 bytes).
    Removing stm32f10x_flash.o(i.FLASH_ProgramHalfWord), (52 bytes).
    Removing stm32f10x_flash.o(i.FLASH_ProgramOptionByteData), (76 bytes).
    Removing stm32f10x_flash.o(i.FLASH_ProgramWord), (92 bytes).
    Removing stm32f10x_flash.o(i.FLASH_ReadOutProtection), (136 bytes).
    Removing stm32f10x_flash.o(i.FLASH_SetLatency), (20 bytes).
    Removing stm32f10x_flash.o(i.FLASH_Unlock), (24 bytes).
    Removing stm32f10x_flash.o(i.FLASH_UnlockBank1), (24 bytes).
    Removing stm32f10x_flash.o(i.FLASH_UserOptionByteConfig), (96 bytes).
    Removing stm32f10x_flash.o(i.FLASH_WaitForLastBank1Operation), (32 bytes).
    Removing stm32f10x_flash.o(i.FLASH_WaitForLastOperation), (32 bytes).
    Removing stm32f10x_fsmc.o(i.FSMC_ClearFlag), (42 bytes).
    Removing stm32f10x_fsmc.o(i.FSMC_ClearITPendingBit), (48 bytes).
    Removing stm32f10x_fsmc.o(i.FSMC_GetECC), (18 bytes).
    Removing stm32f10x_fsmc.o(i.FSMC_GetFlagStatus), (40 bytes).
    Removing stm32f10x_fsmc.o(i.FSMC_GetITStatus), (52 bytes).
    Removing stm32f10x_fsmc.o(i.FSMC_ITConfig), (86 bytes).
    Removing stm32f10x_fsmc.o(i.FSMC_NANDCmd), (64 bytes).
    Removing stm32f10x_fsmc.o(i.FSMC_NANDDeInit), (40 bytes).
    Removing stm32f10x_fsmc.o(i.FSMC_NANDECCCmd), (64 bytes).
    Removing stm32f10x_fsmc.o(i.FSMC_NANDInit), (104 bytes).
    Removing stm32f10x_fsmc.o(i.FSMC_NANDStructInit), (54 bytes).
    Removing stm32f10x_fsmc.o(i.FSMC_NORSRAMCmd), (36 bytes).
    Removing stm32f10x_fsmc.o(i.FSMC_NORSRAMDeInit), (48 bytes).
    Removing stm32f10x_fsmc.o(i.FSMC_NORSRAMInit), (202 bytes).
    Removing stm32f10x_fsmc.o(i.FSMC_NORSRAMStructInit), (98 bytes).
    Removing stm32f10x_fsmc.o(i.FSMC_PCCARDCmd), (36 bytes).
    Removing stm32f10x_fsmc.o(i.FSMC_PCCARDDeInit), (28 bytes).
    Removing stm32f10x_fsmc.o(i.FSMC_PCCARDInit), (104 bytes).
    Removing stm32f10x_fsmc.o(i.FSMC_PCCARDStructInit), (60 bytes).
    Removing stm32f10x_gpio.o(i.GPIO_AFIODeInit), (22 bytes).
    Removing stm32f10x_gpio.o(i.GPIO_DeInit), (216 bytes).
    Removing stm32f10x_gpio.o(i.GPIO_ETH_MediaInterfaceConfig), (12 bytes).
    Removing stm32f10x_gpio.o(i.GPIO_EXTILineConfig), (40 bytes).
    Removing stm32f10x_gpio.o(i.GPIO_EventOutputCmd), (12 bytes).
    Removing stm32f10x_gpio.o(i.GPIO_EventOutputConfig), (28 bytes).
    Removing stm32f10x_gpio.o(i.GPIO_PinLockConfig), (16 bytes).
    Removing stm32f10x_gpio.o(i.GPIO_PinRemapConfig), (92 bytes).
    Removing stm32f10x_gpio.o(i.GPIO_ReadInputData), (6 bytes).
    Removing stm32f10x_gpio.o(i.GPIO_ReadInputDataBit), (14 bytes).
    Removing stm32f10x_gpio.o(i.GPIO_ReadOutputData), (6 bytes).
    Removing stm32f10x_gpio.o(i.GPIO_ReadOutputDataBit), (14 bytes).
    Removing stm32f10x_gpio.o(i.GPIO_StructInit), (16 bytes).
    Removing stm32f10x_gpio.o(i.GPIO_Write), (4 bytes).
    Removing stm32f10x_gpio.o(i.GPIO_WriteBit), (12 bytes).
    Removing stm32f10x_i2c.o(i.I2C_ARPCmd), (24 bytes).
    Removing stm32f10x_i2c.o(i.I2C_AcknowledgeConfig), (24 bytes).
    Removing stm32f10x_i2c.o(i.I2C_CalculatePEC), (24 bytes).
    Removing stm32f10x_i2c.o(i.I2C_CheckEvent), (24 bytes).
    Removing stm32f10x_i2c.o(i.I2C_ClearFlag), (6 bytes).
    Removing stm32f10x_i2c.o(i.I2C_ClearITPendingBit), (6 bytes).
    Removing stm32f10x_i2c.o(i.I2C_Cmd), (24 bytes).
    Removing stm32f10x_i2c.o(i.I2C_DMACmd), (24 bytes).
    Removing stm32f10x_i2c.o(i.I2C_DMALastTransferCmd), (24 bytes).
    Removing stm32f10x_i2c.o(i.I2C_DeInit), (56 bytes).
    Removing stm32f10x_i2c.o(i.I2C_DualAddressCmd), (24 bytes).
    Removing stm32f10x_i2c.o(i.I2C_FastModeDutyCycleConfig), (26 bytes).
    Removing stm32f10x_i2c.o(i.I2C_GeneralCallCmd), (24 bytes).
    Removing stm32f10x_i2c.o(i.I2C_GenerateSTART), (24 bytes).
    Removing stm32f10x_i2c.o(i.I2C_GenerateSTOP), (24 bytes).
    Removing stm32f10x_i2c.o(i.I2C_GetFlagStatus), (50 bytes).
    Removing stm32f10x_i2c.o(i.I2C_GetITStatus), (34 bytes).
    Removing stm32f10x_i2c.o(i.I2C_GetLastEvent), (14 bytes).
    Removing stm32f10x_i2c.o(i.I2C_GetPEC), (6 bytes).
    Removing stm32f10x_i2c.o(i.I2C_ITConfig), (20 bytes).
    Removing stm32f10x_i2c.o(i.I2C_Init), (192 bytes).
    Removing stm32f10x_i2c.o(i.I2C_NACKPositionConfig), (26 bytes).
    Removing stm32f10x_i2c.o(i.I2C_OwnAddress2Config), (16 bytes).
    Removing stm32f10x_i2c.o(i.I2C_PECPositionConfig), (26 bytes).
    Removing stm32f10x_i2c.o(i.I2C_ReadRegister), (16 bytes).
    Removing stm32f10x_i2c.o(i.I2C_ReceiveData), (6 bytes).
    Removing stm32f10x_i2c.o(i.I2C_SMBusAlertConfig), (26 bytes).
    Removing stm32f10x_i2c.o(i.I2C_Send7bitAddress), (18 bytes).
    Removing stm32f10x_i2c.o(i.I2C_SendData), (4 bytes).
    Removing stm32f10x_i2c.o(i.I2C_SoftwareResetCmd), (24 bytes).
    Removing stm32f10x_i2c.o(i.I2C_StretchClockCmd), (24 bytes).
    Removing stm32f10x_i2c.o(i.I2C_StructInit), (28 bytes).
    Removing stm32f10x_i2c.o(i.I2C_TransmitPEC), (24 bytes).
    Removing stm32f10x_iwdg.o(i.IWDG_Enable), (16 bytes).
    Removing stm32f10x_iwdg.o(i.IWDG_GetFlagStatus), (20 bytes).
    Removing stm32f10x_iwdg.o(i.IWDG_ReloadCounter), (16 bytes).
    Removing stm32f10x_iwdg.o(i.IWDG_SetPrescaler), (12 bytes).
    Removing stm32f10x_iwdg.o(i.IWDG_SetReload), (12 bytes).
    Removing stm32f10x_iwdg.o(i.IWDG_WriteAccessCmd), (12 bytes).
    Removing stm32f10x_pwr.o(i.PWR_BackupAccessCmd), (12 bytes).
    Removing stm32f10x_pwr.o(i.PWR_ClearFlag), (16 bytes).
    Removing stm32f10x_pwr.o(i.PWR_DeInit), (24 bytes).
    Removing stm32f10x_pwr.o(i.PWR_EnterSTANDBYMode), (40 bytes).
    Removing stm32f10x_pwr.o(i.PWR_EnterSTOPMode), (52 bytes).
    Removing stm32f10x_pwr.o(i.PWR_GetFlagStatus), (20 bytes).
    Removing stm32f10x_pwr.o(i.PWR_PVDCmd), (12 bytes).
    Removing stm32f10x_pwr.o(i.PWR_PVDLevelConfig), (20 bytes).
    Removing stm32f10x_pwr.o(i.PWR_WakeUpPinCmd), (12 bytes).
    Removing stm32f10x_rcc.o(i.RCC_ADCCLKConfig), (20 bytes).
    Removing stm32f10x_rcc.o(i.RCC_AHBPeriphClockCmd), (28 bytes).
    Removing stm32f10x_rcc.o(i.RCC_APB1PeriphResetCmd), (28 bytes).
    Removing stm32f10x_rcc.o(i.RCC_APB2PeriphResetCmd), (28 bytes).
    Removing stm32f10x_rcc.o(i.RCC_AdjustHSICalibrationValue), (20 bytes).
    Removing stm32f10x_rcc.o(i.RCC_BackupResetCmd), (12 bytes).
    Removing stm32f10x_rcc.o(i.RCC_ClearFlag), (16 bytes).
    Removing stm32f10x_rcc.o(i.RCC_ClearITPendingBit), (12 bytes).
    Removing stm32f10x_rcc.o(i.RCC_ClockSecuritySystemCmd), (12 bytes).
    Removing stm32f10x_rcc.o(i.RCC_DeInit), (64 bytes).
    Removing stm32f10x_rcc.o(i.RCC_GetFlagStatus), (48 bytes).
    Removing stm32f10x_rcc.o(i.RCC_GetITStatus), (20 bytes).
    Removing stm32f10x_rcc.o(i.RCC_GetSYSCLKSource), (16 bytes).
    Removing stm32f10x_rcc.o(i.RCC_HCLKConfig), (20 bytes).
    Removing stm32f10x_rcc.o(i.RCC_HSEConfig), (56 bytes).
    Removing stm32f10x_rcc.o(i.RCC_HSICmd), (12 bytes).
    Removing stm32f10x_rcc.o(i.RCC_ITConfig), (28 bytes).
    Removing stm32f10x_rcc.o(i.RCC_LSEConfig), (40 bytes).
    Removing stm32f10x_rcc.o(i.RCC_LSICmd), (12 bytes).
    Removing stm32f10x_rcc.o(i.RCC_MCOConfig), (12 bytes).
    Removing stm32f10x_rcc.o(i.RCC_PCLK1Config), (20 bytes).
    Removing stm32f10x_rcc.o(i.RCC_PCLK2Config), (20 bytes).
    Removing stm32f10x_rcc.o(i.RCC_PLLCmd), (12 bytes).
    Removing stm32f10x_rcc.o(i.RCC_PLLConfig), (20 bytes).
    Removing stm32f10x_rcc.o(i.RCC_RTCCLKCmd), (12 bytes).
    Removing stm32f10x_rcc.o(i.RCC_RTCCLKConfig), (16 bytes).
    Removing stm32f10x_rcc.o(i.RCC_SYSCLKConfig), (20 bytes).
    Removing stm32f10x_rcc.o(i.RCC_USBCLKConfig), (12 bytes).
    Removing stm32f10x_rcc.o(i.RCC_WaitForHSEStartUp), (48 bytes).
    Removing stm32f10x_rtc.o(i.RTC_ClearFlag), (16 bytes).
    Removing stm32f10x_rtc.o(i.RTC_ClearITPendingBit), (16 bytes).
    Removing stm32f10x_rtc.o(i.RTC_EnterConfigMode), (16 bytes).
    Removing stm32f10x_rtc.o(i.RTC_ExitConfigMode), (16 bytes).
    Removing stm32f10x_rtc.o(i.RTC_GetCounter), (20 bytes).
    Removing stm32f10x_rtc.o(i.RTC_GetDivider), (24 bytes).
    Removing stm32f10x_rtc.o(i.RTC_GetFlagStatus), (20 bytes).
    Removing stm32f10x_rtc.o(i.RTC_GetITStatus), (32 bytes).
    Removing stm32f10x_rtc.o(i.RTC_ITConfig), (28 bytes).
    Removing stm32f10x_rtc.o(i.RTC_SetAlarm), (32 bytes).
    Removing stm32f10x_rtc.o(i.RTC_SetCounter), (32 bytes).
    Removing stm32f10x_rtc.o(i.RTC_SetPrescaler), (32 bytes).
    Removing stm32f10x_rtc.o(i.RTC_WaitForLastTask), (16 bytes).
    Removing stm32f10x_rtc.o(i.RTC_WaitForSynchro), (24 bytes).
    Removing stm32f10x_sdio.o(i.SDIO_CEATAITCmd), (16 bytes).
    Removing stm32f10x_sdio.o(i.SDIO_ClearFlag), (12 bytes).
    Removing stm32f10x_sdio.o(i.SDIO_ClearITPendingBit), (12 bytes).
    Removing stm32f10x_sdio.o(i.SDIO_ClockCmd), (12 bytes).
    Removing stm32f10x_sdio.o(i.SDIO_CmdStructInit), (14 bytes).
    Removing stm32f10x_sdio.o(i.SDIO_CommandCompletionCmd), (12 bytes).
    Removing stm32f10x_sdio.o(i.SDIO_DMACmd), (12 bytes).
    Removing stm32f10x_sdio.o(i.SDIO_DataConfig), (44 bytes).
    Removing stm32f10x_sdio.o(i.SDIO_DataStructInit), (20 bytes).
    Removing stm32f10x_sdio.o(i.SDIO_DeInit), (36 bytes).
    Removing stm32f10x_sdio.o(i.SDIO_GetCommandResponse), (12 bytes).
    Removing stm32f10x_sdio.o(i.SDIO_GetDataCounter), (12 bytes).
    Removing stm32f10x_sdio.o(i.SDIO_GetFIFOCount), (12 bytes).
    Removing stm32f10x_sdio.o(i.SDIO_GetFlagStatus), (20 bytes).
    Removing stm32f10x_sdio.o(i.SDIO_GetITStatus), (20 bytes).
    Removing stm32f10x_sdio.o(i.SDIO_GetPowerState), (16 bytes).
    Removing stm32f10x_sdio.o(i.SDIO_GetResponse), (20 bytes).
    Removing stm32f10x_sdio.o(i.SDIO_ITConfig), (28 bytes).
    Removing stm32f10x_sdio.o(i.SDIO_Init), (44 bytes).
    Removing stm32f10x_sdio.o(i.SDIO_ReadData), (12 bytes).
    Removing stm32f10x_sdio.o(i.SDIO_SendCEATACmd), (12 bytes).
    Removing stm32f10x_sdio.o(i.SDIO_SendCommand), (40 bytes).
    Removing stm32f10x_sdio.o(i.SDIO_SendSDIOSuspendCmd), (12 bytes).
    Removing stm32f10x_sdio.o(i.SDIO_SetPowerState), (24 bytes).
    Removing stm32f10x_sdio.o(i.SDIO_SetSDIOOperation), (12 bytes).
    Removing stm32f10x_sdio.o(i.SDIO_SetSDIOReadWaitMode), (12 bytes).
    Removing stm32f10x_sdio.o(i.SDIO_StartSDIOReadWait), (12 bytes).
    Removing stm32f10x_sdio.o(i.SDIO_StopSDIOReadWait), (12 bytes).
    Removing stm32f10x_sdio.o(i.SDIO_StructInit), (16 bytes).
    Removing stm32f10x_sdio.o(i.SDIO_WriteData), (12 bytes).
    Removing stm32f10x_spi.o(i.I2S_Cmd), (24 bytes).
    Removing stm32f10x_spi.o(i.I2S_Init), (168 bytes).
    Removing stm32f10x_spi.o(i.I2S_StructInit), (18 bytes).
    Removing stm32f10x_spi.o(i.SPI_BiDirectionalLineConfig), (26 bytes).
    Removing stm32f10x_spi.o(i.SPI_CalculateCRC), (24 bytes).
    Removing stm32f10x_spi.o(i.SPI_Cmd), (24 bytes).
    Removing stm32f10x_spi.o(i.SPI_DataSizeConfig), (16 bytes).
    Removing stm32f10x_spi.o(i.SPI_GetCRC), (12 bytes).
    Removing stm32f10x_spi.o(i.SPI_GetCRCPolynomial), (4 bytes).
    Removing stm32f10x_spi.o(i.SPI_I2S_ClearFlag), (6 bytes).
    Removing stm32f10x_spi.o(i.SPI_I2S_ClearITPendingBit), (14 bytes).
    Removing stm32f10x_spi.o(i.SPI_I2S_DMACmd), (20 bytes).
    Removing stm32f10x_spi.o(i.SPI_I2S_DeInit), (100 bytes).
    Removing stm32f10x_spi.o(i.SPI_I2S_GetFlagStatus), (14 bytes).
    Removing stm32f10x_spi.o(i.SPI_I2S_GetITStatus), (44 bytes).
    Removing stm32f10x_spi.o(i.SPI_I2S_ITConfig), (28 bytes).
    Removing stm32f10x_spi.o(i.SPI_I2S_ReceiveData), (4 bytes).
    Removing stm32f10x_spi.o(i.SPI_I2S_SendData), (4 bytes).
    Removing stm32f10x_spi.o(i.SPI_Init), (56 bytes).
    Removing stm32f10x_spi.o(i.SPI_NSSInternalSoftwareConfig), (28 bytes).
    Removing stm32f10x_spi.o(i.SPI_SSOutputCmd), (24 bytes).
    Removing stm32f10x_spi.o(i.SPI_StructInit), (24 bytes).
    Removing stm32f10x_spi.o(i.SPI_TransmitCRC), (10 bytes).
    Removing stm32f10x_tim.o(i.TI1_Config), (116 bytes).
    Removing stm32f10x_tim.o(i.TI2_Config), (124 bytes).
    Removing stm32f10x_tim.o(i.TI3_Config), (120 bytes).
    Removing stm32f10x_tim.o(i.TI4_Config), (124 bytes).
    Removing stm32f10x_tim.o(i.TIM_ARRPreloadConfig), (24 bytes).
    Removing stm32f10x_tim.o(i.TIM_BDTRConfig), (34 bytes).
    Removing stm32f10x_tim.o(i.TIM_BDTRStructInit), (18 bytes).
    Removing stm32f10x_tim.o(i.TIM_CCPreloadControl), (24 bytes).
    Removing stm32f10x_tim.o(i.TIM_CCxCmd), (22 bytes).
    Removing stm32f10x_tim.o(i.TIM_CCxNCmd), (22 bytes).
    Removing stm32f10x_tim.o(i.TIM_ClearFlag), (6 bytes).
    Removing stm32f10x_tim.o(i.TIM_ClearOC1Ref), (12 bytes).
    Removing stm32f10x_tim.o(i.TIM_ClearOC2Ref), (20 bytes).
    Removing stm32f10x_tim.o(i.TIM_ClearOC3Ref), (12 bytes).
    Removing stm32f10x_tim.o(i.TIM_ClearOC4Ref), (20 bytes).
    Removing stm32f10x_tim.o(i.TIM_CounterModeConfig), (12 bytes).
    Removing stm32f10x_tim.o(i.TIM_CtrlPWMOutputs), (28 bytes).
    Removing stm32f10x_tim.o(i.TIM_DMACmd), (20 bytes).
    Removing stm32f10x_tim.o(i.TIM_DMAConfig), (8 bytes).
    Removing stm32f10x_tim.o(i.TIM_DeInit), (528 bytes).
    Removing stm32f10x_tim.o(i.TIM_ETRClockMode1Config), (32 bytes).
    Removing stm32f10x_tim.o(i.TIM_ETRClockMode2Config), (20 bytes).
    Removing stm32f10x_tim.o(i.TIM_ETRConfig), (24 bytes).
    Removing stm32f10x_tim.o(i.TIM_EncoderInterfaceConfig), (50 bytes).
    Removing stm32f10x_tim.o(i.TIM_ForcedOC1Config), (12 bytes).
    Removing stm32f10x_tim.o(i.TIM_ForcedOC2Config), (20 bytes).
    Removing stm32f10x_tim.o(i.TIM_ForcedOC3Config), (12 bytes).
    Removing stm32f10x_tim.o(i.TIM_ForcedOC4Config), (20 bytes).
    Removing stm32f10x_tim.o(i.TIM_GenerateEvent), (4 bytes).
    Removing stm32f10x_tim.o(i.TIM_GetCapture1), (4 bytes).
    Removing stm32f10x_tim.o(i.TIM_GetCapture2), (4 bytes).
    Removing stm32f10x_tim.o(i.TIM_GetCapture3), (4 bytes).
    Removing stm32f10x_tim.o(i.TIM_GetCapture4), (6 bytes).
    Removing stm32f10x_tim.o(i.TIM_GetCounter), (4 bytes).
    Removing stm32f10x_tim.o(i.TIM_GetFlagStatus), (14 bytes).
    Removing stm32f10x_tim.o(i.TIM_GetPrescaler), (4 bytes).
    Removing stm32f10x_tim.o(i.TIM_ICInit), (140 bytes).
    Removing stm32f10x_tim.o(i.TIM_ICStructInit), (16 bytes).
    Removing stm32f10x_tim.o(i.TIM_ITRxExternalClockConfig), (20 bytes).
    Removing stm32f10x_tim.o(i.TIM_InternalClockConfig), (10 bytes).
    Removing stm32f10x_tim.o(i.TIM_OC1FastConfig), (12 bytes).
    Removing stm32f10x_tim.o(i.TIM_OC1Init), (136 bytes).
    Removing stm32f10x_tim.o(i.TIM_OC1NPolarityConfig), (12 bytes).
    Removing stm32f10x_tim.o(i.TIM_OC1PolarityConfig), (12 bytes).
    Removing stm32f10x_tim.o(i.TIM_OC1PreloadConfig), (12 bytes).
    Removing stm32f10x_tim.o(i.TIM_OC2FastConfig), (20 bytes).
    Removing stm32f10x_tim.o(i.TIM_OC2Init), (136 bytes).
    Removing stm32f10x_tim.o(i.TIM_OC2NPolarityConfig), (20 bytes).
    Removing stm32f10x_tim.o(i.TIM_OC2PolarityConfig), (20 bytes).
    Removing stm32f10x_tim.o(i.TIM_OC2PreloadConfig), (20 bytes).
    Removing stm32f10x_tim.o(i.TIM_OC3FastConfig), (12 bytes).
    Removing stm32f10x_tim.o(i.TIM_OC3Init), (132 bytes).
    Removing stm32f10x_tim.o(i.TIM_OC3NPolarityConfig), (20 bytes).
    Removing stm32f10x_tim.o(i.TIM_OC3PolarityConfig), (20 bytes).
    Removing stm32f10x_tim.o(i.TIM_OC3PreloadConfig), (12 bytes).
    Removing stm32f10x_tim.o(i.TIM_OC4FastConfig), (20 bytes).
    Removing stm32f10x_tim.o(i.TIM_OC4Init), (104 bytes).
    Removing stm32f10x_tim.o(i.TIM_OC4PolarityConfig), (20 bytes).
    Removing stm32f10x_tim.o(i.TIM_OC4PreloadConfig), (20 bytes).
    Removing stm32f10x_tim.o(i.TIM_OCStructInit), (20 bytes).
    Removing stm32f10x_tim.o(i.TIM_PWMIConfig), (110 bytes).
    Removing stm32f10x_tim.o(i.TIM_PrescalerConfig), (6 bytes).
    Removing stm32f10x_tim.o(i.TIM_SelectCCDMA), (24 bytes).
    Removing stm32f10x_tim.o(i.TIM_SelectCOM), (24 bytes).
    Removing stm32f10x_tim.o(i.TIM_SelectHallSensor), (24 bytes).
    Removing stm32f10x_tim.o(i.TIM_SelectInputTrigger), (12 bytes).
    Removing stm32f10x_tim.o(i.TIM_SelectMasterSlaveMode), (16 bytes).
    Removing stm32f10x_tim.o(i.TIM_SelectOCxM), (76 bytes).
    Removing stm32f10x_tim.o(i.TIM_SelectOnePulseMode), (16 bytes).
    Removing stm32f10x_tim.o(i.TIM_SelectOutputTrigger), (16 bytes).
    Removing stm32f10x_tim.o(i.TIM_SelectSlaveMode), (16 bytes).
    Removing stm32f10x_tim.o(i.TIM_SetAutoreload), (4 bytes).
    Removing stm32f10x_tim.o(i.TIM_SetClockDivision), (16 bytes).
    Removing stm32f10x_tim.o(i.TIM_SetCompare1), (4 bytes).
    Removing stm32f10x_tim.o(i.TIM_SetCompare2), (4 bytes).
    Removing stm32f10x_tim.o(i.TIM_SetCompare3), (4 bytes).
    Removing stm32f10x_tim.o(i.TIM_SetCompare4), (6 bytes).
    Removing stm32f10x_tim.o(i.TIM_SetCounter), (4 bytes).
    Removing stm32f10x_tim.o(i.TIM_SetIC1Prescaler), (16 bytes).
    Removing stm32f10x_tim.o(i.TIM_SetIC2Prescaler), (24 bytes).
    Removing stm32f10x_tim.o(i.TIM_SetIC3Prescaler), (16 bytes).
    Removing stm32f10x_tim.o(i.TIM_SetIC4Prescaler), (24 bytes).
    Removing stm32f10x_tim.o(i.TIM_TIxExternalClockConfig), (48 bytes).
    Removing stm32f10x_tim.o(i.TIM_TimeBaseStructInit), (18 bytes).
    Removing stm32f10x_tim.o(i.TIM_UpdateDisableConfig), (24 bytes).
    Removing stm32f10x_tim.o(i.TIM_UpdateRequestConfig), (24 bytes).
    Removing stm32f10x_usart.o(i.USART_ClearFlag), (8 bytes).
    Removing stm32f10x_usart.o(i.USART_ClearITPendingBit), (16 bytes).
    Removing stm32f10x_usart.o(i.USART_ClockInit), (30 bytes).
    Removing stm32f10x_usart.o(i.USART_ClockStructInit), (12 bytes).
    Removing stm32f10x_usart.o(i.USART_DMACmd), (20 bytes).
    Removing stm32f10x_usart.o(i.USART_DeInit), (164 bytes).
    Removing stm32f10x_usart.o(i.USART_HalfDuplexCmd), (24 bytes).
    Removing stm32f10x_usart.o(i.USART_IrDACmd), (24 bytes).
    Removing stm32f10x_usart.o(i.USART_IrDAConfig), (16 bytes).
    Removing stm32f10x_usart.o(i.USART_LINBreakDetectLengthConfig), (16 bytes).
    Removing stm32f10x_usart.o(i.USART_LINCmd), (24 bytes).
    Removing stm32f10x_usart.o(i.USART_OneBitMethodCmd), (24 bytes).
    Removing stm32f10x_usart.o(i.USART_OverSampling8Cmd), (24 bytes).
    Removing stm32f10x_usart.o(i.USART_ReceiverWakeUpCmd), (24 bytes).
    Removing stm32f10x_usart.o(i.USART_SendBreak), (10 bytes).
    Removing stm32f10x_usart.o(i.USART_SetAddress), (16 bytes).
    Removing stm32f10x_usart.o(i.USART_SetGuardTime), (16 bytes).
    Removing stm32f10x_usart.o(i.USART_SetPrescaler), (16 bytes).
    Removing stm32f10x_usart.o(i.USART_SmartCardCmd), (24 bytes).
    Removing stm32f10x_usart.o(i.USART_SmartCardNACKCmd), (24 bytes).
    Removing stm32f10x_usart.o(i.USART_StructInit), (22 bytes).
    Removing stm32f10x_usart.o(i.USART_WakeUpConfig), (16 bytes).
    Removing stm32f10x_wwdg.o(i.WWDG_ClearFlag), (12 bytes).
    Removing stm32f10x_wwdg.o(i.WWDG_DeInit), (24 bytes).
    Removing stm32f10x_wwdg.o(i.WWDG_Enable), (16 bytes).
    Removing stm32f10x_wwdg.o(i.WWDG_EnableIT), (12 bytes).
    Removing stm32f10x_wwdg.o(i.WWDG_GetFlagStatus), (12 bytes).
    Removing stm32f10x_wwdg.o(i.WWDG_SetCounter), (16 bytes).
    Removing stm32f10x_wwdg.o(i.WWDG_SetPrescaler), (20 bytes).
    Removing stm32f10x_wwdg.o(i.WWDG_SetWindowValue), (32 bytes).

462 unused section(s) (total 15346 bytes) removed from the image.

==============================================================================

Image Symbol Table

    Local Symbols

    Symbol Name                              Value     Ov Type        Size  Object(Section)

    ../clib/angel/boardlib.s                 0x00000000   Number         0  boardshut.o ABSOLUTE
    ../clib/angel/boardlib.s                 0x00000000   Number         0  boardinit3.o ABSOLUTE
    ../clib/angel/boardlib.s                 0x00000000   Number         0  boardinit1.o ABSOLUTE
    ../clib/angel/boardlib.s                 0x00000000   Number         0  boardinit2.o ABSOLUTE
    ../clib/angel/handlers.s                 0x00000000   Number         0  __scatter_copy.o ABSOLUTE
    ../clib/angel/handlers.s                 0x00000000   Number         0  __scatter_zi.o ABSOLUTE
    ../clib/angel/kernel.s                   0x00000000   Number         0  rtexit2.o ABSOLUTE
    ../clib/angel/kernel.s                   0x00000000   Number         0  __rtentry.o ABSOLUTE
    ../clib/angel/kernel.s                   0x00000000   Number         0  __rtentry2.o ABSOLUTE
    ../clib/angel/kernel.s                   0x00000000   Number         0  __rtentry4.o ABSOLUTE
    ../clib/angel/kernel.s                   0x00000000   Number         0  rtexit.o ABSOLUTE
    ../clib/angel/rt.s                       0x00000000   Number         0  rt_raise.o ABSOLUTE
    ../clib/angel/scatter.s                  0x00000000   Number         0  __scatter.o ABSOLUTE
    ../clib/angel/startup.s                  0x00000000   Number         0  __main.o ABSOLUTE
    ../clib/angel/sys.s                      0x00000000   Number         0  use_no_semi_2.o ABSOLUTE
    ../clib/angel/sys.s                      0x00000000   Number         0  indicate_semi.o ABSOLUTE
    ../clib/angel/sys.s                      0x00000000   Number         0  use_no_semi.o ABSOLUTE
    ../clib/angel/sys.s                      0x00000000   Number         0  sys_stackheap_outer.o ABSOLUTE
    ../clib/angel/sys.s                      0x00000000   Number         0  libspace.o ABSOLUTE
    ../clib/angel/sysapp.c                   0x00000000   Number         0  sys_wrch.o ABSOLUTE
    ../clib/angel/sysapp.c                   0x00000000   Number         0  sys_command.o ABSOLUTE
    ../clib/armsys.c                         0x00000000   Number         0  argv_veneer.o ABSOLUTE
    ../clib/armsys.c                         0x00000000   Number         0  argv_veneer.o ABSOLUTE
    ../clib/armsys.c                         0x00000000   Number         0  no_argv.o ABSOLUTE
    ../clib/armsys.c                         0x00000000   Number         0  _get_argv_nomalloc.o ABSOLUTE
    ../clib/heapalloc.c                      0x00000000   Number         0  hrguard.o ABSOLUTE
    ../clib/heapaux.c                        0x00000000   Number         0  heapauxi.o ABSOLUTE
    ../clib/libinit.s                        0x00000000   Number         0  libshutdown.o ABSOLUTE
    ../clib/libinit.s                        0x00000000   Number         0  libinit2.o ABSOLUTE
    ../clib/libinit.s                        0x00000000   Number         0  libinit.o ABSOLUTE
    ../clib/libinit.s                        0x00000000   Number         0  libshutdown2.o ABSOLUTE
    ../clib/signal.c                         0x00000000   Number         0  defsig_cppl_inner.o ABSOLUTE
    ../clib/signal.c                         0x00000000   Number         0  defsig_segv_inner.o ABSOLUTE
    ../clib/signal.c                         0x00000000   Number         0  defsig_pvfn_inner.o ABSOLUTE
    ../clib/signal.c                         0x00000000   Number         0  defsig_stak_inner.o ABSOLUTE
    ../clib/signal.c                         0x00000000   Number         0  defsig_rtred_inner.o ABSOLUTE
    ../clib/signal.c                         0x00000000   Number         0  defsig_fpe_inner.o ABSOLUTE
    ../clib/signal.c                         0x00000000   Number         0  defsig_abrt_inner.o ABSOLUTE
    ../clib/signal.c                         0x00000000   Number         0  defsig_other.o ABSOLUTE
    ../clib/signal.c                         0x00000000   Number         0  defsig_general.o ABSOLUTE
    ../clib/signal.c                         0x00000000   Number         0  __raise.o ABSOLUTE
    ../clib/signal.c                         0x00000000   Number         0  defsig_rtmem_outer.o ABSOLUTE
    ../clib/signal.c                         0x00000000   Number         0  defsig_exit.o ABSOLUTE
    ../clib/signal.c                         0x00000000   Number         0  defsig_rtmem_formal.o ABSOLUTE
    ../clib/signal.c                         0x00000000   Number         0  defsig_rtmem_inner.o ABSOLUTE
    ../clib/signal.s                         0x00000000   Number         0  defsig.o ABSOLUTE
    ../clib/stdlib.c                         0x00000000   Number         0  exit.o ABSOLUTE
    ../fplib/fpinit.s                        0x00000000   Number         0  fpinit.o ABSOLUTE
    ..\CORE\core_cm3.c                       0x00000000   Number         0  core_cm3.o ABSOLUTE
    ..\CORE\startup_stm32f10x_md.s           0x00000000   Number         0  startup_stm32f10x_md.o ABSOLUTE
    ..\FWLIB\src\misc.c                      0x00000000   Number         0  misc.o ABSOLUTE
    ..\FWLIB\src\stm32f10x_adc.c             0x00000000   Number         0  stm32f10x_adc.o ABSOLUTE
    ..\FWLIB\src\stm32f10x_bkp.c             0x00000000   Number         0  stm32f10x_bkp.o ABSOLUTE
    ..\FWLIB\src\stm32f10x_can.c             0x00000000   Number         0  stm32f10x_can.o ABSOLUTE
    ..\FWLIB\src\stm32f10x_cec.c             0x00000000   Number         0  stm32f10x_cec.o ABSOLUTE
    ..\FWLIB\src\stm32f10x_crc.c             0x00000000   Number         0  stm32f10x_crc.o ABSOLUTE
    ..\FWLIB\src\stm32f10x_dac.c             0x00000000   Number         0  stm32f10x_dac.o ABSOLUTE
    ..\FWLIB\src\stm32f10x_dbgmcu.c          0x00000000   Number         0  stm32f10x_dbgmcu.o ABSOLUTE
    ..\FWLIB\src\stm32f10x_dma.c             0x00000000   Number         0  stm32f10x_dma.o ABSOLUTE
    ..\FWLIB\src\stm32f10x_exti.c            0x00000000   Number         0  stm32f10x_exti.o ABSOLUTE
    ..\FWLIB\src\stm32f10x_flash.c           0x00000000   Number         0  stm32f10x_flash.o ABSOLUTE
    ..\FWLIB\src\stm32f10x_fsmc.c            0x00000000   Number         0  stm32f10x_fsmc.o ABSOLUTE
    ..\FWLIB\src\stm32f10x_gpio.c            0x00000000   Number         0  stm32f10x_gpio.o ABSOLUTE
    ..\FWLIB\src\stm32f10x_i2c.c             0x00000000   Number         0  stm32f10x_i2c.o ABSOLUTE
    ..\FWLIB\src\stm32f10x_iwdg.c            0x00000000   Number         0  stm32f10x_iwdg.o ABSOLUTE
    ..\FWLIB\src\stm32f10x_pwr.c             0x00000000   Number         0  stm32f10x_pwr.o ABSOLUTE
    ..\FWLIB\src\stm32f10x_rcc.c             0x00000000   Number         0  stm32f10x_rcc.o ABSOLUTE
    ..\FWLIB\src\stm32f10x_rtc.c             0x00000000   Number         0  stm32f10x_rtc.o ABSOLUTE
    ..\FWLIB\src\stm32f10x_sdio.c            0x00000000   Number         0  stm32f10x_sdio.o ABSOLUTE
    ..\FWLIB\src\stm32f10x_spi.c             0x00000000   Number         0  stm32f10x_spi.o ABSOLUTE
    ..\FWLIB\src\stm32f10x_tim.c             0x00000000   Number         0  stm32f10x_tim.o ABSOLUTE
    ..\FWLIB\src\stm32f10x_usart.c           0x00000000   Number         0  stm32f10x_usart.o ABSOLUTE
    ..\FWLIB\src\stm32f10x_wwdg.c            0x00000000   Number         0  stm32f10x_wwdg.o ABSOLUTE
    ..\HARDWARE\AD.c                         0x00000000   Number         0  ad.o ABSOLUTE
    ..\HARDWARE\NVIC.c                       0x00000000   Number         0  nvic.o ABSOLUTE
    ..\HARDWARE\TIM3.c                       0x00000000   Number         0  tim3.o ABSOLUTE
    ..\HARDWARE\fs800.c                      0x00000000   Number         0  fs800.o ABSOLUTE
    ..\SYSTEM\delay\delay.c                  0x00000000   Number         0  delay.o ABSOLUTE
    ..\SYSTEM\sys\sys.c                      0x00000000   Number         0  sys.o ABSOLUTE
    ..\SYSTEM\usart\usart.c                  0x00000000   Number         0  usart.o ABSOLUTE
    ..\\CORE\\core_cm3.c                     0x00000000   Number         0  core_cm3.o ABSOLUTE
    ..\\SYSTEM\\sys\\sys.c                   0x00000000   Number         0  sys.o ABSOLUTE
    dc.s                                     0x00000000   Number         0  dc.o ABSOLUTE
    main.c                                   0x00000000   Number         0  main.o ABSOLUTE
    stm32f10x_it.c                           0x00000000   Number         0  stm32f10x_it.o ABSOLUTE
    system_stm32f10x.c                       0x00000000   Number         0  system_stm32f10x.o ABSOLUTE
    RESET                                    0x08000000   Section      236  startup_stm32f10x_md.o(RESET)
    !!!main                                  0x080000ec   Section        8  __main.o(!!!main)
    !!!scatter                               0x080000f4   Section       52  __scatter.o(!!!scatter)
    !!handler_copy                           0x08000128   Section       26  __scatter_copy.o(!!handler_copy)
    !!handler_zi                             0x08000144   Section       28  __scatter_zi.o(!!handler_zi)
    .ARM.Collect$$libinit$$00000000          0x08000160   Section        2  libinit.o(.ARM.Collect$$libinit$$00000000)
    .ARM.Collect$$libinit$$00000002          0x08000162   Section        0  libinit2.o(.ARM.Collect$$libinit$$00000002)
    .ARM.Collect$$libinit$$00000004          0x08000162   Section        0  libinit2.o(.ARM.Collect$$libinit$$00000004)
    .ARM.Collect$$libinit$$0000000A          0x08000162   Section        0  libinit2.o(.ARM.Collect$$libinit$$0000000A)
    .ARM.Collect$$libinit$$0000000C          0x08000162   Section        0  libinit2.o(.ARM.Collect$$libinit$$0000000C)
    .ARM.Collect$$libinit$$0000000E          0x08000162   Section        0  libinit2.o(.ARM.Collect$$libinit$$0000000E)
    .ARM.Collect$$libinit$$00000011          0x08000162   Section        0  libinit2.o(.ARM.Collect$$libinit$$00000011)
    .ARM.Collect$$libinit$$00000013          0x08000162   Section        0  libinit2.o(.ARM.Collect$$libinit$$00000013)
    .ARM.Collect$$libinit$$00000015          0x08000162   Section        0  libinit2.o(.ARM.Collect$$libinit$$00000015)
    .ARM.Collect$$libinit$$00000017          0x08000162   Section        0  libinit2.o(.ARM.Collect$$libinit$$00000017)
    .ARM.Collect$$libinit$$00000019          0x08000162   Section        0  libinit2.o(.ARM.Collect$$libinit$$00000019)
    .ARM.Collect$$libinit$$0000001B          0x08000162   Section        0  libinit2.o(.ARM.Collect$$libinit$$0000001B)
    .ARM.Collect$$libinit$$0000001D          0x08000162   Section        0  libinit2.o(.ARM.Collect$$libinit$$0000001D)
    .ARM.Collect$$libinit$$0000001F          0x08000162   Section        0  libinit2.o(.ARM.Collect$$libinit$$0000001F)
    .ARM.Collect$$libinit$$00000021          0x08000162   Section        0  libinit2.o(.ARM.Collect$$libinit$$00000021)
    .ARM.Collect$$libinit$$00000023          0x08000162   Section        0  libinit2.o(.ARM.Collect$$libinit$$00000023)
    .ARM.Collect$$libinit$$00000025          0x08000162   Section        0  libinit2.o(.ARM.Collect$$libinit$$00000025)
    .ARM.Collect$$libinit$$0000002C          0x08000162   Section        0  libinit2.o(.ARM.Collect$$libinit$$0000002C)
    .ARM.Collect$$libinit$$0000002E          0x08000162   Section        0  libinit2.o(.ARM.Collect$$libinit$$0000002E)
    .ARM.Collect$$libinit$$00000030          0x08000162   Section        0  libinit2.o(.ARM.Collect$$libinit$$00000030)
    .ARM.Collect$$libinit$$00000032          0x08000162   Section        0  libinit2.o(.ARM.Collect$$libinit$$00000032)
    .ARM.Collect$$libinit$$00000033          0x08000162   Section        2  libinit2.o(.ARM.Collect$$libinit$$00000033)
    .ARM.Collect$$libshutdown$$00000000      0x08000164   Section        2  libshutdown.o(.ARM.Collect$$libshutdown$$00000000)
    .ARM.Collect$$libshutdown$$00000002      0x08000166   Section        0  libshutdown2.o(.ARM.Collect$$libshutdown$$00000002)
    .ARM.Collect$$libshutdown$$00000004      0x08000166   Section        0  libshutdown2.o(.ARM.Collect$$libshutdown$$00000004)
    .ARM.Collect$$libshutdown$$00000007      0x08000166   Section        0  libshutdown2.o(.ARM.Collect$$libshutdown$$00000007)
    .ARM.Collect$$libshutdown$$0000000A      0x08000166   Section        0  libshutdown2.o(.ARM.Collect$$libshutdown$$0000000A)
    .ARM.Collect$$libshutdown$$0000000C      0x08000166   Section        0  libshutdown2.o(.ARM.Collect$$libshutdown$$0000000C)
    .ARM.Collect$$libshutdown$$0000000F      0x08000166   Section        0  libshutdown2.o(.ARM.Collect$$libshutdown$$0000000F)
    .ARM.Collect$$libshutdown$$00000010      0x08000166   Section        2  libshutdown2.o(.ARM.Collect$$libshutdown$$00000010)
    .ARM.Collect$$rtentry$$00000000          0x08000168   Section        0  __rtentry.o(.ARM.Collect$$rtentry$$00000000)
    .ARM.Collect$$rtentry$$00000002          0x08000168   Section        0  __rtentry2.o(.ARM.Collect$$rtentry$$00000002)
    .ARM.Collect$$rtentry$$00000004          0x08000168   Section        6  __rtentry4.o(.ARM.Collect$$rtentry$$00000004)
    .ARM.Collect$$rtentry$$00000009          0x0800016e   Section        0  __rtentry2.o(.ARM.Collect$$rtentry$$00000009)
    .ARM.Collect$$rtentry$$0000000A          0x0800016e   Section        4  __rtentry2.o(.ARM.Collect$$rtentry$$0000000A)
    .ARM.Collect$$rtentry$$0000000C          0x08000172   Section        0  __rtentry2.o(.ARM.Collect$$rtentry$$0000000C)
    .ARM.Collect$$rtentry$$0000000D          0x08000172   Section        8  __rtentry2.o(.ARM.Collect$$rtentry$$0000000D)
    .ARM.Collect$$rtexit$$00000000           0x0800017a   Section        2  rtexit.o(.ARM.Collect$$rtexit$$00000000)
    .ARM.Collect$$rtexit$$00000002           0x0800017c   Section        0  rtexit2.o(.ARM.Collect$$rtexit$$00000002)
    .ARM.Collect$$rtexit$$00000003           0x0800017c   Section        4  rtexit2.o(.ARM.Collect$$rtexit$$00000003)
    .ARM.Collect$$rtexit$$00000004           0x08000180   Section        6  rtexit2.o(.ARM.Collect$$rtexit$$00000004)
    .text                                    0x08000188   Section       64  startup_stm32f10x_md.o(.text)
    .text                                    0x080001c8   Section        2  use_no_semi_2.o(.text)
    .text                                    0x080001ca   Section        0  heapauxi.o(.text)
    .text                                    0x080001d0   Section        2  use_no_semi.o(.text)
    .text                                    0x080001d2   Section       74  sys_stackheap_outer.o(.text)
    .text                                    0x0800021c   Section        0  exit.o(.text)
    .text                                    0x08000230   Section        8  libspace.o(.text)
    i.ADCIOInit                              0x08000238   Section        0  ad.o(i.ADCIOInit)
    i.BusFault_Handler                       0x08000264   Section        0  stm32f10x_it.o(i.BusFault_Handler)
    i.DebugMon_Handler                       0x08000266   Section        0  stm32f10x_it.o(i.DebugMon_Handler)
    i.GPIO_Init                              0x08000268   Section        0  stm32f10x_gpio.o(i.GPIO_Init)
    i.GPIO_ResetBits                         0x0800030e   Section        0  stm32f10x_gpio.o(i.GPIO_ResetBits)
    i.GPIO_SetBits                           0x08000312   Section        0  stm32f10x_gpio.o(i.GPIO_SetBits)
    i.HardFault_Handler                      0x08000316   Section        0  stm32f10x_it.o(i.HardFault_Handler)
    i.MemManage_Handler                      0x08000318   Section        0  stm32f10x_it.o(i.MemManage_Handler)
    i.NMI_Handler                            0x0800031a   Section        0  stm32f10x_it.o(i.NMI_Handler)
    i.NVICInit                               0x0800031c   Section        0  nvic.o(i.NVICInit)
    i.NVIC_Init                              0x08000340   Section        0  misc.o(i.NVIC_Init)
    i.NVIC_PriorityGroupConfig               0x080003a4   Section        0  misc.o(i.NVIC_PriorityGroupConfig)
    i.PWRInit                                0x080003b8   Section        0  fs800.o(i.PWRInit)
    i.PendSV_Handler                         0x080003e4   Section        0  stm32f10x_it.o(i.PendSV_Handler)
    i.RCC_APB1PeriphClockCmd                 0x080003e8   Section        0  stm32f10x_rcc.o(i.RCC_APB1PeriphClockCmd)
    i.RCC_APB2PeriphClockCmd                 0x08000404   Section        0  stm32f10x_rcc.o(i.RCC_APB2PeriphClockCmd)
    i.RCC_GetClocksFreq                      0x08000420   Section        0  stm32f10x_rcc.o(i.RCC_GetClocksFreq)
    i.SVC_Handler                            0x080004cc   Section        0  stm32f10x_it.o(i.SVC_Handler)
    i.SetSysClock                            0x080004ce   Section        0  system_stm32f10x.o(i.SetSysClock)
    SetSysClock                              0x080004cf   Thumb Code     4  system_stm32f10x.o(i.SetSysClock)
    i.SetSysClockTo72                        0x080004d4   Section        0  system_stm32f10x.o(i.SetSysClockTo72)
    SetSysClockTo72                          0x080004d5   Thumb Code   166  system_stm32f10x.o(i.SetSysClockTo72)
    i.SysTick_CLKSourceConfig                0x08000584   Section        0  misc.o(i.SysTick_CLKSourceConfig)
    i.SysTick_Handler                        0x080005a0   Section        0  stm32f10x_it.o(i.SysTick_Handler)
    i.SystemInit                             0x080005a4   Section        0  system_stm32f10x.o(i.SystemInit)
    i.TIM3Init                               0x080005f4   Section        0  tim3.o(i.TIM3Init)
    i.TIM3_IRQHandler                        0x08000638   Section        0  tim3.o(i.TIM3_IRQHandler)
    i.TIM_ClearITPendingBit                  0x0800065c   Section        0  stm32f10x_tim.o(i.TIM_ClearITPendingBit)
    i.TIM_Cmd                                0x08000662   Section        0  stm32f10x_tim.o(i.TIM_Cmd)
    i.TIM_GetITStatus                        0x0800067a   Section        0  stm32f10x_tim.o(i.TIM_GetITStatus)
    i.TIM_ITConfig                           0x08000692   Section        0  stm32f10x_tim.o(i.TIM_ITConfig)
    i.TIM_TimeBaseInit                       0x080006a8   Section        0  stm32f10x_tim.o(i.TIM_TimeBaseInit)
    i.USART1_IRQHandler                      0x08000744   Section        0  usart.o(i.USART1_IRQHandler)
    i.USART2_IRQHandler                      0x08000788   Section        0  usart.o(i.USART2_IRQHandler)
    i.USART_Cmd                              0x080007e0   Section        0  stm32f10x_usart.o(i.USART_Cmd)
    i.USART_GetFlagStatus                    0x080007f8   Section        0  stm32f10x_usart.o(i.USART_GetFlagStatus)
    i.USART_GetITStatus                      0x08000806   Section        0  stm32f10x_usart.o(i.USART_GetITStatus)
    i.USART_ITConfig                         0x08000846   Section        0  stm32f10x_usart.o(i.USART_ITConfig)
    i.USART_Init                             0x0800087c   Section        0  stm32f10x_usart.o(i.USART_Init)
    i.USART_ReceiveData                      0x08000938   Section        0  stm32f10x_usart.o(i.USART_ReceiveData)
    i.USART_SendData                         0x08000940   Section        0  stm32f10x_usart.o(i.USART_SendData)
    i.UsageFault_Handler                     0x08000948   Section        0  stm32f10x_it.o(i.UsageFault_Handler)
    i._sys_exit                              0x0800094a   Section        0  usart.o(i._sys_exit)
    i.delay_init                             0x0800094c   Section        0  delay.o(i.delay_init)
    i.delay_ms                               0x08000988   Section        0  delay.o(i.delay_ms)
    i.main                                   0x080009bc   Section        0  main.o(i.main)
    i.uart2_init                             0x08000a18   Section        0  usart.o(i.uart2_init)
    i.uart_init                              0x08000ac4   Section        0  usart.o(i.uart_init)
    .data                                    0x20000000   Section       20  system_stm32f10x.o(.data)
    .data                                    0x20000014   Section        4  delay.o(.data)
    fac_us                                   0x20000014   Data           1  delay.o(.data)
    fac_ms                                   0x20000016   Data           2  delay.o(.data)
    .data                                    0x20000018   Section        1  usart.o(.data)
    .data                                    0x20000019   Section       20  stm32f10x_rcc.o(.data)
    ADCPrescTable                            0x20000019   Data           4  stm32f10x_rcc.o(.data)
    APBAHBPrescTable                         0x2000001d   Data          16  stm32f10x_rcc.o(.data)
    .bss                                     0x20000030   Section       64  usart.o(.bss)
    .bss                                     0x20000070   Section       96  libspace.o(.bss)
    HEAP                                     0x200000d0   Section      512  startup_stm32f10x_md.o(HEAP)
    Heap_Mem                                 0x200000d0   Data         512  startup_stm32f10x_md.o(HEAP)
    STACK                                    0x200002d0   Section     1024  startup_stm32f10x_md.o(STACK)
    Stack_Mem                                0x200002d0   Data        1024  startup_stm32f10x_md.o(STACK)
    __initial_sp                             0x200006d0   Data           0  startup_stm32f10x_md.o(STACK)

    Global Symbols

    Symbol Name                              Value     Ov Type        Size  Object(Section)

    BuildAttributes$$THM_ISAv4$P$D$K$B$S$PE$A:L22UL41UL21$X:L11$S22US41US21$IEEE1$IW$USESV6$~STKCKD$USESV7$~SHL$OSPACE$ROPI$EBA8$UX$STANDARDLIB$REQ8$PRES8$EABIv2 0x00000000   Number         0  anon$$obj.o ABSOLUTE
    __ARM_use_no_argv                        0x00000000   Number         0  main.o ABSOLUTE
    __ARM_exceptions_init                     - Undefined Weak Reference
    __alloca_initialize                       - Undefined Weak Reference
    __arm_preinit_                            - Undefined Weak Reference
    __cpp_initialize__aeabi_                  - Undefined Weak Reference
    __cxa_finalize                            - Undefined Weak Reference
    __rt_locale                               - Undefined Weak Reference
    __sigvec_lookup                           - Undefined Weak Reference
    _atexit_init                              - Undefined Weak Reference
    _call_atexit_fns                          - Undefined Weak Reference
    _clock_init                               - Undefined Weak Reference
    _fp_trap_init                             - Undefined Weak Reference
    _fp_trap_shutdown                         - Undefined Weak Reference
    _get_lc_collate                           - Undefined Weak Reference
    _get_lc_ctype                             - Undefined Weak Reference
    _get_lc_monetary                          - Undefined Weak Reference
    _get_lc_numeric                           - Undefined Weak Reference
    _get_lc_time                              - Undefined Weak Reference
    _getenv_init                              - Undefined Weak Reference
    _handle_redirection                       - Undefined Weak Reference
    _init_alloc                               - Undefined Weak Reference
    _init_user_alloc                          - Undefined Weak Reference
    _initio                                   - Undefined Weak Reference
    _rand_init                                - Undefined Weak Reference
    _signal_finish                            - Undefined Weak Reference
    _signal_init                              - Undefined Weak Reference
    _terminate_alloc                          - Undefined Weak Reference
    _terminate_user_alloc                     - Undefined Weak Reference
    _terminateio                              - Undefined Weak Reference
    __Vectors_Size                           0x000000ec   Number         0  startup_stm32f10x_md.o ABSOLUTE
    __Vectors                                0x08000000   Data           4  startup_stm32f10x_md.o(RESET)
    __Vectors_End                            0x080000ec   Data           0  startup_stm32f10x_md.o(RESET)
    __main                                   0x080000ed   Thumb Code     8  __main.o(!!!main)
    __scatterload                            0x080000f5   Thumb Code     0  __scatter.o(!!!scatter)
    __scatterload_rt2                        0x080000f5   Thumb Code    44  __scatter.o(!!!scatter)
    __scatterload_rt2_thumb_only             0x080000f5   Thumb Code     0  __scatter.o(!!!scatter)
    __scatterload_null                       0x08000103   Thumb Code     0  __scatter.o(!!!scatter)
    __scatterload_copy                       0x08000129   Thumb Code    26  __scatter_copy.o(!!handler_copy)
    __scatterload_zeroinit                   0x08000145   Thumb Code    28  __scatter_zi.o(!!handler_zi)
    __rt_lib_init                            0x08000161   Thumb Code     0  libinit.o(.ARM.Collect$$libinit$$00000000)
    __rt_lib_init_alloca_1                   0x08000163   Thumb Code     0  libinit2.o(.ARM.Collect$$libinit$$0000002E)
    __rt_lib_init_argv_1                     0x08000163   Thumb Code     0  libinit2.o(.ARM.Collect$$libinit$$0000002C)
    __rt_lib_init_atexit_1                   0x08000163   Thumb Code     0  libinit2.o(.ARM.Collect$$libinit$$0000001B)
    __rt_lib_init_clock_1                    0x08000163   Thumb Code     0  libinit2.o(.ARM.Collect$$libinit$$00000021)
    __rt_lib_init_cpp_1                      0x08000163   Thumb Code     0  libinit2.o(.ARM.Collect$$libinit$$00000032)
    __rt_lib_init_exceptions_1               0x08000163   Thumb Code     0  libinit2.o(.ARM.Collect$$libinit$$00000030)
    __rt_lib_init_fp_1                       0x08000163   Thumb Code     0  libinit2.o(.ARM.Collect$$libinit$$00000002)
    __rt_lib_init_fp_trap_1                  0x08000163   Thumb Code     0  libinit2.o(.ARM.Collect$$libinit$$0000001F)
    __rt_lib_init_getenv_1                   0x08000163   Thumb Code     0  libinit2.o(.ARM.Collect$$libinit$$00000023)
    __rt_lib_init_heap_1                     0x08000163   Thumb Code     0  libinit2.o(.ARM.Collect$$libinit$$0000000A)
    __rt_lib_init_lc_collate_1               0x08000163   Thumb Code     0  libinit2.o(.ARM.Collect$$libinit$$00000011)
    __rt_lib_init_lc_ctype_1                 0x08000163   Thumb Code     0  libinit2.o(.ARM.Collect$$libinit$$00000013)
    __rt_lib_init_lc_monetary_1              0x08000163   Thumb Code     0  libinit2.o(.ARM.Collect$$libinit$$00000015)
    __rt_lib_init_lc_numeric_1               0x08000163   Thumb Code     0  libinit2.o(.ARM.Collect$$libinit$$00000017)
    __rt_lib_init_lc_time_1                  0x08000163   Thumb Code     0  libinit2.o(.ARM.Collect$$libinit$$00000019)
    __rt_lib_init_preinit_1                  0x08000163   Thumb Code     0  libinit2.o(.ARM.Collect$$libinit$$00000004)
    __rt_lib_init_rand_1                     0x08000163   Thumb Code     0  libinit2.o(.ARM.Collect$$libinit$$0000000E)
    __rt_lib_init_return                     0x08000163   Thumb Code     0  libinit2.o(.ARM.Collect$$libinit$$00000033)
    __rt_lib_init_signal_1                   0x08000163   Thumb Code     0  libinit2.o(.ARM.Collect$$libinit$$0000001D)
    __rt_lib_init_stdio_1                    0x08000163   Thumb Code     0  libinit2.o(.ARM.Collect$$libinit$$00000025)
    __rt_lib_init_user_alloc_1               0x08000163   Thumb Code     0  libinit2.o(.ARM.Collect$$libinit$$0000000C)
    __rt_lib_shutdown                        0x08000165   Thumb Code     0  libshutdown.o(.ARM.Collect$$libshutdown$$00000000)
    __rt_lib_shutdown_cpp_1                  0x08000167   Thumb Code     0  libshutdown2.o(.ARM.Collect$$libshutdown$$00000002)
    __rt_lib_shutdown_fp_trap_1              0x08000167   Thumb Code     0  libshutdown2.o(.ARM.Collect$$libshutdown$$00000007)
    __rt_lib_shutdown_heap_1                 0x08000167   Thumb Code     0  libshutdown2.o(.ARM.Collect$$libshutdown$$0000000F)
    __rt_lib_shutdown_return                 0x08000167   Thumb Code     0  libshutdown2.o(.ARM.Collect$$libshutdown$$00000010)
    __rt_lib_shutdown_signal_1               0x08000167   Thumb Code     0  libshutdown2.o(.ARM.Collect$$libshutdown$$0000000A)
    __rt_lib_shutdown_stdio_1                0x08000167   Thumb Code     0  libshutdown2.o(.ARM.Collect$$libshutdown$$00000004)
    __rt_lib_shutdown_user_alloc_1           0x08000167   Thumb Code     0  libshutdown2.o(.ARM.Collect$$libshutdown$$0000000C)
    __rt_entry                               0x08000169   Thumb Code     0  __rtentry.o(.ARM.Collect$$rtentry$$00000000)
    __rt_entry_presh_1                       0x08000169   Thumb Code     0  __rtentry2.o(.ARM.Collect$$rtentry$$00000002)
    __rt_entry_sh                            0x08000169   Thumb Code     0  __rtentry4.o(.ARM.Collect$$rtentry$$00000004)
    __rt_entry_li                            0x0800016f   Thumb Code     0  __rtentry2.o(.ARM.Collect$$rtentry$$0000000A)
    __rt_entry_postsh_1                      0x0800016f   Thumb Code     0  __rtentry2.o(.ARM.Collect$$rtentry$$00000009)
    __rt_entry_main                          0x08000173   Thumb Code     0  __rtentry2.o(.ARM.Collect$$rtentry$$0000000D)
    __rt_entry_postli_1                      0x08000173   Thumb Code     0  __rtentry2.o(.ARM.Collect$$rtentry$$0000000C)
    __rt_exit                                0x0800017b   Thumb Code     0  rtexit.o(.ARM.Collect$$rtexit$$00000000)
    __rt_exit_ls                             0x0800017d   Thumb Code     0  rtexit2.o(.ARM.Collect$$rtexit$$00000003)
    __rt_exit_prels_1                        0x0800017d   Thumb Code     0  rtexit2.o(.ARM.Collect$$rtexit$$00000002)
    __rt_exit_exit                           0x08000181   Thumb Code     0  rtexit2.o(.ARM.Collect$$rtexit$$00000004)
    Reset_Handler                            0x08000189   Thumb Code     8  startup_stm32f10x_md.o(.text)
    ADC1_2_IRQHandler                        0x080001a3   Thumb Code     0  startup_stm32f10x_md.o(.text)
    CAN1_RX1_IRQHandler                      0x080001a3   Thumb Code     0  startup_stm32f10x_md.o(.text)
    CAN1_SCE_IRQHandler                      0x080001a3   Thumb Code     0  startup_stm32f10x_md.o(.text)
    DMA1_Channel1_IRQHandler                 0x080001a3   Thumb Code     0  startup_stm32f10x_md.o(.text)
    DMA1_Channel2_IRQHandler                 0x080001a3   Thumb Code     0  startup_stm32f10x_md.o(.text)
    DMA1_Channel3_IRQHandler                 0x080001a3   Thumb Code     0  startup_stm32f10x_md.o(.text)
    DMA1_Channel4_IRQHandler                 0x080001a3   Thumb Code     0  startup_stm32f10x_md.o(.text)
    DMA1_Channel5_IRQHandler                 0x080001a3   Thumb Code     0  startup_stm32f10x_md.o(.text)
    DMA1_Channel6_IRQHandler                 0x080001a3   Thumb Code     0  startup_stm32f10x_md.o(.text)
    DMA1_Channel7_IRQHandler                 0x080001a3   Thumb Code     0  startup_stm32f10x_md.o(.text)
    EXTI0_IRQHandler                         0x080001a3   Thumb Code     0  startup_stm32f10x_md.o(.text)
    EXTI15_10_IRQHandler                     0x080001a3   Thumb Code     0  startup_stm32f10x_md.o(.text)
    EXTI1_IRQHandler                         0x080001a3   Thumb Code     0  startup_stm32f10x_md.o(.text)
    EXTI2_IRQHandler                         0x080001a3   Thumb Code     0  startup_stm32f10x_md.o(.text)
    EXTI3_IRQHandler                         0x080001a3   Thumb Code     0  startup_stm32f10x_md.o(.text)
    EXTI4_IRQHandler                         0x080001a3   Thumb Code     0  startup_stm32f10x_md.o(.text)
    EXTI9_5_IRQHandler                       0x080001a3   Thumb Code     0  startup_stm32f10x_md.o(.text)
    FLASH_IRQHandler                         0x080001a3   Thumb Code     0  startup_stm32f10x_md.o(.text)
    I2C1_ER_IRQHandler                       0x080001a3   Thumb Code     0  startup_stm32f10x_md.o(.text)
    I2C1_EV_IRQHandler                       0x080001a3   Thumb Code     0  startup_stm32f10x_md.o(.text)
    I2C2_ER_IRQHandler                       0x080001a3   Thumb Code     0  startup_stm32f10x_md.o(.text)
    I2C2_EV_IRQHandler                       0x080001a3   Thumb Code     0  startup_stm32f10x_md.o(.text)
    PVD_IRQHandler                           0x080001a3   Thumb Code     0  startup_stm32f10x_md.o(.text)
    RCC_IRQHandler                           0x080001a3   Thumb Code     0  startup_stm32f10x_md.o(.text)
    RTCAlarm_IRQHandler                      0x080001a3   Thumb Code     0  startup_stm32f10x_md.o(.text)
    RTC_IRQHandler                           0x080001a3   Thumb Code     0  startup_stm32f10x_md.o(.text)
    SPI1_IRQHandler                          0x080001a3   Thumb Code     0  startup_stm32f10x_md.o(.text)
    SPI2_IRQHandler                          0x080001a3   Thumb Code     0  startup_stm32f10x_md.o(.text)
    TAMPER_IRQHandler                        0x080001a3   Thumb Code     0  startup_stm32f10x_md.o(.text)
    TIM1_BRK_IRQHandler                      0x080001a3   Thumb Code     0  startup_stm32f10x_md.o(.text)
    TIM1_CC_IRQHandler                       0x080001a3   Thumb Code     0  startup_stm32f10x_md.o(.text)
    TIM1_TRG_COM_IRQHandler                  0x080001a3   Thumb Code     0  startup_stm32f10x_md.o(.text)
    TIM1_UP_IRQHandler                       0x080001a3   Thumb Code     0  startup_stm32f10x_md.o(.text)
    TIM2_IRQHandler                          0x080001a3   Thumb Code     0  startup_stm32f10x_md.o(.text)
    TIM4_IRQHandler                          0x080001a3   Thumb Code     0  startup_stm32f10x_md.o(.text)
    USART3_IRQHandler                        0x080001a3   Thumb Code     0  startup_stm32f10x_md.o(.text)
    USBWakeUp_IRQHandler                     0x080001a3   Thumb Code     0  startup_stm32f10x_md.o(.text)
    USB_HP_CAN1_TX_IRQHandler                0x080001a3   Thumb Code     0  startup_stm32f10x_md.o(.text)
    USB_LP_CAN1_RX0_IRQHandler               0x080001a3   Thumb Code     0  startup_stm32f10x_md.o(.text)
    WWDG_IRQHandler                          0x080001a3   Thumb Code     0  startup_stm32f10x_md.o(.text)
    __user_initial_stackheap                 0x080001a5   Thumb Code     0  startup_stm32f10x_md.o(.text)
    __use_no_semihosting                     0x080001c9   Thumb Code     2  use_no_semi_2.o(.text)
    __use_two_region_memory                  0x080001cb   Thumb Code     2  heapauxi.o(.text)
    __rt_heap_escrow$2region                 0x080001cd   Thumb Code     2  heapauxi.o(.text)
    __rt_heap_expand$2region                 0x080001cf   Thumb Code     2  heapauxi.o(.text)
    __I$use$semihosting                      0x080001d1   Thumb Code     0  use_no_semi.o(.text)
    __use_no_semihosting_swi                 0x080001d1   Thumb Code     2  use_no_semi.o(.text)
    __user_setup_stackheap                   0x080001d3   Thumb Code    74  sys_stackheap_outer.o(.text)
    exit                                     0x0800021d   Thumb Code    18  exit.o(.text)
    __user_libspace                          0x08000231   Thumb Code     8  libspace.o(.text)
    __user_perproc_libspace                  0x08000231   Thumb Code     0  libspace.o(.text)
    __user_perthread_libspace                0x08000231   Thumb Code     0  libspace.o(.text)
    ADCIOInit                                0x08000239   Thumb Code    38  ad.o(i.ADCIOInit)
    BusFault_Handler                         0x08000265   Thumb Code     2  stm32f10x_it.o(i.BusFault_Handler)
    DebugMon_Handler                         0x08000267   Thumb Code     2  stm32f10x_it.o(i.DebugMon_Handler)
    GPIO_Init                                0x08000269   Thumb Code   166  stm32f10x_gpio.o(i.GPIO_Init)
    GPIO_ResetBits                           0x0800030f   Thumb Code     4  stm32f10x_gpio.o(i.GPIO_ResetBits)
    GPIO_SetBits                             0x08000313   Thumb Code     4  stm32f10x_gpio.o(i.GPIO_SetBits)
    HardFault_Handler                        0x08000317   Thumb Code     2  stm32f10x_it.o(i.HardFault_Handler)
    MemManage_Handler                        0x08000319   Thumb Code     2  stm32f10x_it.o(i.MemManage_Handler)
    NMI_Handler                              0x0800031b   Thumb Code     2  stm32f10x_it.o(i.NMI_Handler)
    NVICInit                                 0x0800031d   Thumb Code    34  nvic.o(i.NVICInit)
    NVIC_Init                                0x08000341   Thumb Code    96  misc.o(i.NVIC_Init)
    NVIC_PriorityGroupConfig                 0x080003a5   Thumb Code    10  misc.o(i.NVIC_PriorityGroupConfig)
    PWRInit                                  0x080003b9   Thumb Code    40  fs800.o(i.PWRInit)
    PendSV_Handler                           0x080003e5   Thumb Code     2  stm32f10x_it.o(i.PendSV_Handler)
    RCC_APB1PeriphClockCmd                   0x080003e9   Thumb Code    22  stm32f10x_rcc.o(i.RCC_APB1PeriphClockCmd)
    RCC_APB2PeriphClockCmd                   0x08000405   Thumb Code    22  stm32f10x_rcc.o(i.RCC_APB2PeriphClockCmd)
    RCC_GetClocksFreq                        0x08000421   Thumb Code   154  stm32f10x_rcc.o(i.RCC_GetClocksFreq)
    SVC_Handler                              0x080004cd   Thumb Code     2  stm32f10x_it.o(i.SVC_Handler)
    SysTick_CLKSourceConfig                  0x08000585   Thumb Code    28  misc.o(i.SysTick_CLKSourceConfig)
    SysTick_Handler                          0x080005a1   Thumb Code     2  stm32f10x_it.o(i.SysTick_Handler)
    SystemInit                               0x080005a5   Thumb Code    64  system_stm32f10x.o(i.SystemInit)
    TIM3Init                                 0x080005f5   Thumb Code    64  tim3.o(i.TIM3Init)
    TIM3_IRQHandler                          0x08000639   Thumb Code    30  tim3.o(i.TIM3_IRQHandler)
    TIM_ClearITPendingBit                    0x0800065d   Thumb Code     6  stm32f10x_tim.o(i.TIM_ClearITPendingBit)
    TIM_Cmd                                  0x08000663   Thumb Code    24  stm32f10x_tim.o(i.TIM_Cmd)
    TIM_GetITStatus                          0x0800067b   Thumb Code    24  stm32f10x_tim.o(i.TIM_GetITStatus)
    TIM_ITConfig                             0x08000693   Thumb Code    20  stm32f10x_tim.o(i.TIM_ITConfig)
    TIM_TimeBaseInit                         0x080006a9   Thumb Code   114  stm32f10x_tim.o(i.TIM_TimeBaseInit)
    USART1_IRQHandler                        0x08000745   Thumb Code    54  usart.o(i.USART1_IRQHandler)
    USART2_IRQHandler                        0x08000789   Thumb Code    74  usart.o(i.USART2_IRQHandler)
    USART_Cmd                                0x080007e1   Thumb Code    24  stm32f10x_usart.o(i.USART_Cmd)
    USART_GetFlagStatus                      0x080007f9   Thumb Code    14  stm32f10x_usart.o(i.USART_GetFlagStatus)
    USART_GetITStatus                        0x08000807   Thumb Code    64  stm32f10x_usart.o(i.USART_GetITStatus)
    USART_ITConfig                           0x08000847   Thumb Code    54  stm32f10x_usart.o(i.USART_ITConfig)
    USART_Init                               0x0800087d   Thumb Code   182  stm32f10x_usart.o(i.USART_Init)
    USART_ReceiveData                        0x08000939   Thumb Code     8  stm32f10x_usart.o(i.USART_ReceiveData)
    USART_SendData                           0x08000941   Thumb Code     8  stm32f10x_usart.o(i.USART_SendData)
    UsageFault_Handler                       0x08000949   Thumb Code     2  stm32f10x_it.o(i.UsageFault_Handler)
    _sys_exit                                0x0800094b   Thumb Code     2  usart.o(i._sys_exit)
    delay_init                               0x0800094d   Thumb Code    46  delay.o(i.delay_init)
    delay_ms                                 0x08000989   Thumb Code    46  delay.o(i.delay_ms)
    main                                     0x080009bd   Thumb Code    84  main.o(i.main)
    uart2_init                               0x08000a19   Thumb Code   162  usart.o(i.uart2_init)
    uart_init                                0x08000ac5   Thumb Code   152  usart.o(i.uart_init)
    Region$$Table$$Base                      0x08000b64   Number         0  anon$$obj.o(Region$$Table)
    Region$$Table$$Limit                     0x08000b84   Number         0  anon$$obj.o(Region$$Table)
    SystemCoreClock                          0x20000000   Data           4  system_stm32f10x.o(.data)
    AHBPrescTable                            0x20000004   Data          16  system_stm32f10x.o(.data)
    USART_RX_STA                             0x20000018   Data           1  usart.o(.data)
    USART_RX_BUF                             0x20000030   Data          64  usart.o(.bss)
    __libspace_start                         0x20000070   Data          96  libspace.o(.bss)
    __temporary_stack_top$libspace           0x200000d0   Data           0  libspace.o(.bss)



==============================================================================

Memory Map of the image

  Image Entry point : 0x08000189

  Load Region LR_1 (Base: 0x08000000, Size: 0x00000bb4, Max: 0xffffffff, ABSOLUTE)

    Execution Region ER_RO (Base: 0x08000000, Size: 0x00000b84, Max: 0xffffffff, ABSOLUTE)

    Base Addr    Size         Type   Attr      Idx    E Section Name        Object

    0x08000000   0x000000ec   Data   RO          243    RESET               startup_stm32f10x_md.o
    0x080000ec   0x00000008   Code   RO         3415  * !!!main             c_w.l(__main.o)
    0x080000f4   0x00000034   Code   RO         3570    !!!scatter          c_w.l(__scatter.o)
    0x08000128   0x0000001a   Code   RO         3572    !!handler_copy      c_w.l(__scatter_copy.o)
    0x08000142   0x00000002   PAD
    0x08000144   0x0000001c   Code   RO         3574    !!handler_zi        c_w.l(__scatter_zi.o)
    0x08000160   0x00000002   Code   RO         3444    .ARM.Collect$$libinit$$00000000  c_w.l(libinit.o)
    0x08000162   0x00000000   Code   RO         3451    .ARM.Collect$$libinit$$00000002  c_w.l(libinit2.o)
    0x08000162   0x00000000   Code   RO         3453    .ARM.Collect$$libinit$$00000004  c_w.l(libinit2.o)
    0x08000162   0x00000000   Code   RO         3456    .ARM.Collect$$libinit$$0000000A  c_w.l(libinit2.o)
    0x08000162   0x00000000   Code   RO         3458    .ARM.Collect$$libinit$$0000000C  c_w.l(libinit2.o)
    0x08000162   0x00000000   Code   RO         3460    .ARM.Collect$$libinit$$0000000E  c_w.l(libinit2.o)
    0x08000162   0x00000000   Code   RO         3463    .ARM.Collect$$libinit$$00000011  c_w.l(libinit2.o)
    0x08000162   0x00000000   Code   RO         3465    .ARM.Collect$$libinit$$00000013  c_w.l(libinit2.o)
    0x08000162   0x00000000   Code   RO         3467    .ARM.Collect$$libinit$$00000015  c_w.l(libinit2.o)
    0x08000162   0x00000000   Code   RO         3469    .ARM.Collect$$libinit$$00000017  c_w.l(libinit2.o)
    0x08000162   0x00000000   Code   RO         3471    .ARM.Collect$$libinit$$00000019  c_w.l(libinit2.o)
    0x08000162   0x00000000   Code   RO         3473    .ARM.Collect$$libinit$$0000001B  c_w.l(libinit2.o)
    0x08000162   0x00000000   Code   RO         3475    .ARM.Collect$$libinit$$0000001D  c_w.l(libinit2.o)
    0x08000162   0x00000000   Code   RO         3477    .ARM.Collect$$libinit$$0000001F  c_w.l(libinit2.o)
    0x08000162   0x00000000   Code   RO         3479    .ARM.Collect$$libinit$$00000021  c_w.l(libinit2.o)
    0x08000162   0x00000000   Code   RO         3481    .ARM.Collect$$libinit$$00000023  c_w.l(libinit2.o)
    0x08000162   0x00000000   Code   RO         3483    .ARM.Collect$$libinit$$00000025  c_w.l(libinit2.o)
    0x08000162   0x00000000   Code   RO         3487    .ARM.Collect$$libinit$$0000002C  c_w.l(libinit2.o)
    0x08000162   0x00000000   Code   RO         3489    .ARM.Collect$$libinit$$0000002E  c_w.l(libinit2.o)
    0x08000162   0x00000000   Code   RO         3491    .ARM.Collect$$libinit$$00000030  c_w.l(libinit2.o)
    0x08000162   0x00000000   Code   RO         3493    .ARM.Collect$$libinit$$00000032  c_w.l(libinit2.o)
    0x08000162   0x00000002   Code   RO         3494    .ARM.Collect$$libinit$$00000033  c_w.l(libinit2.o)
    0x08000164   0x00000002   Code   RO         3512    .ARM.Collect$$libshutdown$$00000000  c_w.l(libshutdown.o)
    0x08000166   0x00000000   Code   RO         3522    .ARM.Collect$$libshutdown$$00000002  c_w.l(libshutdown2.o)
    0x08000166   0x00000000   Code   RO         3524    .ARM.Collect$$libshutdown$$00000004  c_w.l(libshutdown2.o)
    0x08000166   0x00000000   Code   RO         3527    .ARM.Collect$$libshutdown$$00000007  c_w.l(libshutdown2.o)
    0x08000166   0x00000000   Code   RO         3530    .ARM.Collect$$libshutdown$$0000000A  c_w.l(libshutdown2.o)
    0x08000166   0x00000000   Code   RO         3532    .ARM.Collect$$libshutdown$$0000000C  c_w.l(libshutdown2.o)
    0x08000166   0x00000000   Code   RO         3535    .ARM.Collect$$libshutdown$$0000000F  c_w.l(libshutdown2.o)
    0x08000166   0x00000002   Code   RO         3536    .ARM.Collect$$libshutdown$$00000010  c_w.l(libshutdown2.o)
    0x08000168   0x00000000   Code   RO         3419    .ARM.Collect$$rtentry$$00000000  c_w.l(__rtentry.o)
    0x08000168   0x00000000   Code   RO         3421    .ARM.Collect$$rtentry$$00000002  c_w.l(__rtentry2.o)
    0x08000168   0x00000006   Code   RO         3433    .ARM.Collect$$rtentry$$00000004  c_w.l(__rtentry4.o)
    0x0800016e   0x00000000   Code   RO         3423    .ARM.Collect$$rtentry$$00000009  c_w.l(__rtentry2.o)
    0x0800016e   0x00000004   Code   RO         3424    .ARM.Collect$$rtentry$$0000000A  c_w.l(__rtentry2.o)
    0x08000172   0x00000000   Code   RO         3426    .ARM.Collect$$rtentry$$0000000C  c_w.l(__rtentry2.o)
    0x08000172   0x00000008   Code   RO         3427    .ARM.Collect$$rtentry$$0000000D  c_w.l(__rtentry2.o)
    0x0800017a   0x00000002   Code   RO         3448    .ARM.Collect$$rtexit$$00000000  c_w.l(rtexit.o)
    0x0800017c   0x00000000   Code   RO         3496    .ARM.Collect$$rtexit$$00000002  c_w.l(rtexit2.o)
    0x0800017c   0x00000004   Code   RO         3497    .ARM.Collect$$rtexit$$00000003  c_w.l(rtexit2.o)
    0x08000180   0x00000006   Code   RO         3498    .ARM.Collect$$rtexit$$00000004  c_w.l(rtexit2.o)
    0x08000186   0x00000002   PAD
    0x08000188   0x00000040   Code   RO          244  * .text               startup_stm32f10x_md.o
    0x080001c8   0x00000002   Code   RO         3411    .text               c_w.l(use_no_semi_2.o)
    0x080001ca   0x00000006   Code   RO         3413    .text               c_w.l(heapauxi.o)
    0x080001d0   0x00000002   Code   RO         3417    .text               c_w.l(use_no_semi.o)
    0x080001d2   0x0000004a   Code   RO         3435    .text               c_w.l(sys_stackheap_outer.o)
    0x0800021c   0x00000012   Code   RO         3437    .text               c_w.l(exit.o)
    0x0800022e   0x00000002   PAD
    0x08000230   0x00000008   Code   RO         3445    .text               c_w.l(libspace.o)
    0x08000238   0x0000002c   Code   RO          400    i.ADCIOInit         ad.o
    0x08000264   0x00000002   Code   RO          133    i.BusFault_Handler  stm32f10x_it.o
    0x08000266   0x00000002   Code   RO          134    i.DebugMon_Handler  stm32f10x_it.o
    0x08000268   0x000000a6   Code   RO         1593    i.GPIO_Init         stm32f10x_gpio.o
    0x0800030e   0x00000004   Code   RO         1600    i.GPIO_ResetBits    stm32f10x_gpio.o
    0x08000312   0x00000004   Code   RO         1601    i.GPIO_SetBits      stm32f10x_gpio.o
    0x08000316   0x00000002   Code   RO          135    i.HardFault_Handler  stm32f10x_it.o
    0x08000318   0x00000002   Code   RO          136    i.MemManage_Handler  stm32f10x_it.o
    0x0800031a   0x00000002   Code   RO          137    i.NMI_Handler       stm32f10x_it.o
    0x0800031c   0x00000022   Code   RO          430    i.NVICInit          nvic.o
    0x0800033e   0x00000002   PAD
    0x08000340   0x00000064   Code   RO          442    i.NVIC_Init         misc.o
    0x080003a4   0x00000014   Code   RO          443    i.NVIC_PriorityGroupConfig  misc.o
    0x080003b8   0x0000002c   Code   RO          388    i.PWRInit           fs800.o
    0x080003e4   0x00000002   Code   RO          138    i.PendSV_Handler    stm32f10x_it.o
    0x080003e6   0x00000002   PAD
    0x080003e8   0x0000001c   Code   RO         2009    i.RCC_APB1PeriphClockCmd  stm32f10x_rcc.o
    0x08000404   0x0000001c   Code   RO         2011    i.RCC_APB2PeriphClockCmd  stm32f10x_rcc.o
    0x08000420   0x000000ac   Code   RO         2019    i.RCC_GetClocksFreq  stm32f10x_rcc.o
    0x080004cc   0x00000002   Code   RO          139    i.SVC_Handler       stm32f10x_it.o
    0x080004ce   0x00000004   Code   RO          196    i.SetSysClock       system_stm32f10x.o
    0x080004d2   0x00000002   PAD
    0x080004d4   0x000000b0   Code   RO          197    i.SetSysClockTo72   system_stm32f10x.o
    0x08000584   0x0000001c   Code   RO          446    i.SysTick_CLKSourceConfig  misc.o
    0x080005a0   0x00000002   Code   RO          140    i.SysTick_Handler   stm32f10x_it.o
    0x080005a2   0x00000002   PAD
    0x080005a4   0x00000050   Code   RO          199    i.SystemInit        system_stm32f10x.o
    0x080005f4   0x00000044   Code   RO          412    i.TIM3Init          tim3.o
    0x08000638   0x00000024   Code   RO          413    i.TIM3_IRQHandler   tim3.o
    0x0800065c   0x00000006   Code   RO         2638    i.TIM_ClearITPendingBit  stm32f10x_tim.o
    0x08000662   0x00000018   Code   RO         2643    i.TIM_Cmd           stm32f10x_tim.o
    0x0800067a   0x00000018   Code   RO         2664    i.TIM_GetITStatus   stm32f10x_tim.o
    0x08000692   0x00000014   Code   RO         2668    i.TIM_ITConfig      stm32f10x_tim.o
    0x080006a6   0x00000002   PAD
    0x080006a8   0x0000009c   Code   RO         2714    i.TIM_TimeBaseInit  stm32f10x_tim.o
    0x08000744   0x00000044   Code   RO          328    i.USART1_IRQHandler  usart.o
    0x08000788   0x00000058   Code   RO          329    i.USART2_IRQHandler  usart.o
    0x080007e0   0x00000018   Code   RO         3179    i.USART_Cmd         stm32f10x_usart.o
    0x080007f8   0x0000000e   Code   RO         3182    i.USART_GetFlagStatus  stm32f10x_usart.o
    0x08000806   0x00000040   Code   RO         3183    i.USART_GetITStatus  stm32f10x_usart.o
    0x08000846   0x00000036   Code   RO         3185    i.USART_ITConfig    stm32f10x_usart.o
    0x0800087c   0x000000bc   Code   RO         3186    i.USART_Init        stm32f10x_usart.o
    0x08000938   0x00000008   Code   RO         3193    i.USART_ReceiveData  stm32f10x_usart.o
    0x08000940   0x00000008   Code   RO         3196    i.USART_SendData    stm32f10x_usart.o
    0x08000948   0x00000002   Code   RO          141    i.UsageFault_Handler  stm32f10x_it.o
    0x0800094a   0x00000002   Code   RO          331    i._sys_exit         usart.o
    0x0800094c   0x0000003c   Code   RO          248    i.delay_init        delay.o
    0x08000988   0x00000034   Code   RO          249    i.delay_ms          delay.o
    0x080009bc   0x0000005c   Code   RO            2    i.main              main.o
    0x08000a18   0x000000ac   Code   RO          333    i.uart2_init        usart.o
    0x08000ac4   0x000000a0   Code   RO          334    i.uart_init         usart.o
    0x08000b64   0x00000020   Data   RO         3568    Region$$Table       anon$$obj.o


    Execution Region ER_RW (Base: 0x20000000, Size: 0x00000030, Max: 0xffffffff, ABSOLUTE)

    Base Addr    Size         Type   Attr      Idx    E Section Name        Object

    0x20000000   0x00000014   Data   RW          200    .data               system_stm32f10x.o
    0x20000014   0x00000004   Data   RW          251    .data               delay.o
    0x20000018   0x00000001   Data   RW          336    .data               usart.o
    0x20000019   0x00000014   Data   RW         2039    .data               stm32f10x_rcc.o


    Execution Region ER_ZI (Base: 0x20000030, Size: 0x000006a0, Max: 0xffffffff, ABSOLUTE)

    Base Addr    Size         Type   Attr      Idx    E Section Name        Object

    0x20000030   0x00000040   Zero   RW          335    .bss                usart.o
    0x20000070   0x00000060   Zero   RW         3446    .bss                c_w.l(libspace.o)
    0x200000d0   0x00000200   Zero   RW          242    HEAP                startup_stm32f10x_md.o
    0x200002d0   0x00000400   Zero   RW          241    STACK               startup_stm32f10x_md.o


==============================================================================

Image component sizes


      Code (inc. data)   RO Data    RW Data    ZI Data      Debug   Object Name

        44          6          0          0          0        448   ad.o
         0          0          0          0          0         32   core_cm3.o
       112         20          0          4          0     205852   delay.o
        44          4          0          0          0        450   fs800.o
        92          8          0          0          0      48335   main.o
       148         14          0          0          0       1945   misc.o
        34          0          0          0          0        451   nvic.o
        64         26        236          0       1536        780   startup_stm32f10x_md.o
       174          0          0          0          0       2912   stm32f10x_gpio.o
        18          0          0          0          0       3478   stm32f10x_it.o
       228         30          0         20          0       4406   stm32f10x_rcc.o
       230         42          0          0          0       3442   stm32f10x_tim.o
       360          6          0          0          0       6137   stm32f10x_usart.o
       260         26          0         20          0       1929   system_stm32f10x.o
       104         10          0          0          0        937   tim3.o
       490         46          0          1         64       4729   usart.o

    ----------------------------------------------------------------------
      2412        238        268         48       1600     286263   Object Totals
         0          0         32          0          0          0   (incl. Generated)
        10          0          0          3          0          0   (incl. Padding)

    ----------------------------------------------------------------------

      Code (inc. data)   RO Data    RW Data    ZI Data      Debug   Library Member Name

         8          0          0          0          0         68   __main.o
         0          0          0          0          0          0   __rtentry.o
        12          0          0          0          0          0   __rtentry2.o
         6          0          0          0          0          0   __rtentry4.o
        52          8          0          0          0          0   __scatter.o
        26          0          0          0          0          0   __scatter_copy.o
        28          0          0          0          0          0   __scatter_zi.o
        18          0          0          0          0         80   exit.o
         6          0          0          0          0        152   heapauxi.o
         2          0          0          0          0          0   libinit.o
         2          0          0          0          0          0   libinit2.o
         2          0          0          0          0          0   libshutdown.o
         2          0          0          0          0          0   libshutdown2.o
         8          4          0          0         96         68   libspace.o
         2          0          0          0          0          0   rtexit.o
        10          0          0          0          0          0   rtexit2.o
        74          0          0          0          0         80   sys_stackheap_outer.o
         2          0          0          0          0         68   use_no_semi.o
         2          0          0          0          0         68   use_no_semi_2.o

    ----------------------------------------------------------------------
       268         12          0          0         96        584   Library Totals
         6          0          0          0          0          0   (incl. Padding)

    ----------------------------------------------------------------------

      Code (inc. data)   RO Data    RW Data    ZI Data      Debug   Library Name

       262         12          0          0         96        584   c_w.l

    ----------------------------------------------------------------------
       268         12          0          0         96        584   Library Totals

    ----------------------------------------------------------------------

==============================================================================


      Code (inc. data)   RO Data    RW Data    ZI Data      Debug   

      2680        250        268         48       1696     284555   Grand Totals
      2680        250        268         48       1696     284555   ELF Image Totals
      2680        250        268         48          0          0   ROM Totals

==============================================================================

    Total RO  Size (Code + RO Data)                 2948 (   2.88kB)
    Total RW  Size (RW Data + ZI Data)              1744 (   1.70kB)
    Total ROM Size (Code + RO Data + RW Data)       2996 (   2.93kB)

==============================================================================

